<?xml version="1.0"?>
<link_info>
   <banner>TMS320C55x Linker PC v4.4.1</banner>
   <copyright>Copyright (c) 1996-2012 Texas Instruments Incorporated</copyright>
   <link_time>0x5a494ea2</link_time>
   <output_file>NoiseRemoval Sim.out</output_file>
   <entry_point>
      <name>_c_int00</name>
      <address>0x2681a</address>
   </entry_point>
   <input_file_list>
      <input_file id="fl-2">
         <path>.\</path>
         <kind>object</kind>
         <file>aic3204.obj</file>
         <name>aic3204.obj</name>
      </input_file>
      <input_file id="fl-3">
         <path>.\</path>
         <kind>object</kind>
         <file>aic3204_init.obj</file>
         <name>aic3204_init.obj</name>
      </input_file>
      <input_file id="fl-4">
         <path>.\</path>
         <kind>object</kind>
         <file>ezdsp5535_aic3204_dma.obj</file>
         <name>ezdsp5535_aic3204_dma.obj</name>
      </input_file>
      <input_file id="fl-5">
         <path>.\</path>
         <kind>object</kind>
         <file>iir.obj</file>
         <name>iir.obj</name>
      </input_file>
      <input_file id="fl-6">
         <path>.\</path>
         <kind>object</kind>
         <file>main.obj</file>
         <name>main.obj</name>
      </input_file>
      <input_file id="fl-7">
         <path>.\</path>
         <kind>object</kind>
         <file>print_number.obj</file>
         <name>print_number.obj</name>
      </input_file>
      <input_file id="fl-8">
         <path>.\</path>
         <kind>object</kind>
         <file>window.obj</file>
         <name>window.obj</name>
      </input_file>
      <input_file id="fl-13">
         <path>..\c55xx_csl\lib\</path>
         <kind>archive</kind>
         <file>55xdspx_r3.lib</file>
         <name>cbrev.obj</name>
      </input_file>
      <input_file id="fl-14">
         <path>..\c55xx_csl\lib\</path>
         <kind>archive</kind>
         <file>55xdspx_r3.lib</file>
         <name>cfft_scale.obj</name>
      </input_file>
      <input_file id="fl-15">
         <path>..\c55xx_csl\lib\</path>
         <kind>archive</kind>
         <file>55xdspx_r3.lib</file>
         <name>twiddle.obj</name>
      </input_file>
      <input_file id="fl-16">
         <path>..\c55xx_csl\lib\</path>
         <kind>archive</kind>
         <file>55xdspx_r3.lib</file>
         <name>unpack.obj</name>
      </input_file>
      <input_file id="fl-17">
         <path>..\lib\</path>
         <kind>archive</kind>
         <file>ezdsp5535bsl.lib</file>
         <name>ezdsp5535_lcd.obj</name>
      </input_file>
      <input_file id="fl-18">
         <path>..\lib\</path>
         <kind>archive</kind>
         <file>ezdsp5535bsl.lib</file>
         <name>ezdsp5535_i2c.obj</name>
      </input_file>
      <input_file id="fl-19">
         <path>..\lib\</path>
         <kind>archive</kind>
         <file>ezdsp5535bsl.lib</file>
         <name>ezdsp5535_gpio.obj</name>
      </input_file>
      <input_file id="fl-1a">
         <path>..\lib\</path>
         <kind>archive</kind>
         <file>ezdsp5535bsl.lib</file>
         <name>ezdsp5535.obj</name>
      </input_file>
      <input_file id="fl-2e">
         <path>C:\ti\ccs6\ccsv6\tools\compiler\c5500_4.4.1\lib\</path>
         <kind>archive</kind>
         <file>rts55x.lib</file>
         <name>addd.obj</name>
      </input_file>
      <input_file id="fl-2f">
         <path>C:\ti\ccs6\ccsv6\tools\compiler\c5500_4.4.1\lib\</path>
         <kind>archive</kind>
         <file>rts55x.lib</file>
         <name>boot.obj</name>
      </input_file>
      <input_file id="fl-30">
         <path>C:\ti\ccs6\ccsv6\tools\compiler\c5500_4.4.1\lib\</path>
         <kind>archive</kind>
         <file>rts55x.lib</file>
         <name>exit.obj</name>
      </input_file>
      <input_file id="fl-31">
         <path>C:\ti\ccs6\ccsv6\tools\compiler\c5500_4.4.1\lib\</path>
         <kind>archive</kind>
         <file>rts55x.lib</file>
         <name>fclose.obj</name>
      </input_file>
      <input_file id="fl-32">
         <path>C:\ti\ccs6\ccsv6\tools\compiler\c5500_4.4.1\lib\</path>
         <kind>archive</kind>
         <file>rts55x.lib</file>
         <name>fflush.obj</name>
      </input_file>
      <input_file id="fl-33">
         <path>C:\ti\ccs6\ccsv6\tools\compiler\c5500_4.4.1\lib\</path>
         <kind>archive</kind>
         <file>rts55x.lib</file>
         <name>fopen.obj</name>
      </input_file>
      <input_file id="fl-34">
         <path>C:\ti\ccs6\ccsv6\tools\compiler\c5500_4.4.1\lib\</path>
         <kind>archive</kind>
         <file>rts55x.lib</file>
         <name>fread.obj</name>
      </input_file>
      <input_file id="fl-35">
         <path>C:\ti\ccs6\ccsv6\tools\compiler\c5500_4.4.1\lib\</path>
         <kind>archive</kind>
         <file>rts55x.lib</file>
         <name>fwrite.obj</name>
      </input_file>
      <input_file id="fl-36">
         <path>C:\ti\ccs6\ccsv6\tools\compiler\c5500_4.4.1\lib\</path>
         <kind>archive</kind>
         <file>rts55x.lib</file>
         <name>lowlev.obj</name>
      </input_file>
      <input_file id="fl-37">
         <path>C:\ti\ccs6\ccsv6\tools\compiler\c5500_4.4.1\lib\</path>
         <kind>archive</kind>
         <file>rts55x.lib</file>
         <name>memcpy.obj</name>
      </input_file>
      <input_file id="fl-38">
         <path>C:\ti\ccs6\ccsv6\tools\compiler\c5500_4.4.1\lib\</path>
         <kind>archive</kind>
         <file>rts55x.lib</file>
         <name>memory.obj</name>
      </input_file>
      <input_file id="fl-39">
         <path>C:\ti\ccs6\ccsv6\tools\compiler\c5500_4.4.1\lib\</path>
         <kind>archive</kind>
         <file>rts55x.lib</file>
         <name>mpyd.obj</name>
      </input_file>
      <input_file id="fl-3a">
         <path>C:\ti\ccs6\ccsv6\tools\compiler\c5500_4.4.1\lib\</path>
         <kind>archive</kind>
         <file>rts55x.lib</file>
         <name>printf.obj</name>
      </input_file>
      <input_file id="fl-3b">
         <path>C:\ti\ccs6\ccsv6\tools\compiler\c5500_4.4.1\lib\</path>
         <kind>archive</kind>
         <file>rts55x.lib</file>
         <name>remove.obj</name>
      </input_file>
      <input_file id="fl-3c">
         <path>C:\ti\ccs6\ccsv6\tools\compiler\c5500_4.4.1\lib\</path>
         <kind>archive</kind>
         <file>rts55x.lib</file>
         <name>subd.obj</name>
      </input_file>
      <input_file id="fl-3d">
         <path>C:\ti\ccs6\ccsv6\tools\compiler\c5500_4.4.1\lib\</path>
         <kind>archive</kind>
         <file>rts55x.lib</file>
         <name>trgdrv.obj</name>
      </input_file>
      <input_file id="fl-3e">
         <path>C:\ti\ccs6\ccsv6\tools\compiler\c5500_4.4.1\lib\</path>
         <kind>archive</kind>
         <file>rts55x.lib</file>
         <name>trgmsg.obj</name>
      </input_file>
      <input_file id="fl-3f">
         <path>C:\ti\ccs6\ccsv6\tools\compiler\c5500_4.4.1\lib\</path>
         <kind>archive</kind>
         <file>rts55x.lib</file>
         <name>udiv.obj</name>
      </input_file>
      <input_file id="fl-40">
         <path>C:\ti\ccs6\ccsv6\tools\compiler\c5500_4.4.1\lib\</path>
         <kind>archive</kind>
         <file>rts55x.lib</file>
         <name>vectors.obj</name>
      </input_file>
      <input_file id="fl-41">
         <path>C:\ti\ccs6\ccsv6\tools\compiler\c5500_4.4.1\lib\</path>
         <kind>archive</kind>
         <file>rts55x.lib</file>
         <name>_bufread.obj</name>
      </input_file>
      <input_file id="fl-42">
         <path>C:\ti\ccs6\ccsv6\tools\compiler\c5500_4.4.1\lib\</path>
         <kind>archive</kind>
         <file>rts55x.lib</file>
         <name>_io_perm.obj</name>
      </input_file>
      <input_file id="fl-43">
         <path>C:\ti\ccs6\ccsv6\tools\compiler\c5500_4.4.1\lib\</path>
         <kind>archive</kind>
         <file>rts55x.lib</file>
         <name>_lock.obj</name>
      </input_file>
      <input_file id="fl-44">
         <path>C:\ti\ccs6\ccsv6\tools\compiler\c5500_4.4.1\lib\</path>
         <kind>archive</kind>
         <file>rts55x.lib</file>
         <name>_printfi.obj</name>
      </input_file>
      <input_file id="fl-45">
         <path>C:\ti\ccs6\ccsv6\tools\compiler\c5500_4.4.1\lib\</path>
         <kind>archive</kind>
         <file>rts55x.lib</file>
         <name>args_main.obj</name>
      </input_file>
      <input_file id="fl-46">
         <path>C:\ti\ccs6\ccsv6\tools\compiler\c5500_4.4.1\lib\</path>
         <kind>archive</kind>
         <file>rts55x.lib</file>
         <name>atoi.obj</name>
      </input_file>
      <input_file id="fl-47">
         <path>C:\ti\ccs6\ccsv6\tools\compiler\c5500_4.4.1\lib\</path>
         <kind>archive</kind>
         <file>rts55x.lib</file>
         <name>autoinit.obj</name>
      </input_file>
      <input_file id="fl-48">
         <path>C:\ti\ccs6\ccsv6\tools\compiler\c5500_4.4.1\lib\</path>
         <kind>archive</kind>
         <file>rts55x.lib</file>
         <name>cmpd.obj</name>
      </input_file>
      <input_file id="fl-49">
         <path>C:\ti\ccs6\ccsv6\tools\compiler\c5500_4.4.1\lib\</path>
         <kind>archive</kind>
         <file>rts55x.lib</file>
         <name>ctype.obj</name>
      </input_file>
      <input_file id="fl-4a">
         <path>C:\ti\ccs6\ccsv6\tools\compiler\c5500_4.4.1\lib\</path>
         <kind>archive</kind>
         <file>rts55x.lib</file>
         <name>defs.obj</name>
      </input_file>
      <input_file id="fl-4b">
         <path>C:\ti\ccs6\ccsv6\tools\compiler\c5500_4.4.1\lib\</path>
         <kind>archive</kind>
         <file>rts55x.lib</file>
         <name>divd.obj</name>
      </input_file>
      <input_file id="fl-4c">
         <path>C:\ti\ccs6\ccsv6\tools\compiler\c5500_4.4.1\lib\</path>
         <kind>archive</kind>
         <file>rts55x.lib</file>
         <name>divul.obj</name>
      </input_file>
      <input_file id="fl-4d">
         <path>C:\ti\ccs6\ccsv6\tools\compiler\c5500_4.4.1\lib\</path>
         <kind>archive</kind>
         <file>rts55x.lib</file>
         <name>fixdi.obj</name>
      </input_file>
      <input_file id="fl-4e">
         <path>C:\ti\ccs6\ccsv6\tools\compiler\c5500_4.4.1\lib\</path>
         <kind>archive</kind>
         <file>rts55x.lib</file>
         <name>fixdli.obj</name>
      </input_file>
      <input_file id="fl-4f">
         <path>C:\ti\ccs6\ccsv6\tools\compiler\c5500_4.4.1\lib\</path>
         <kind>archive</kind>
         <file>rts55x.lib</file>
         <name>fltlid.obj</name>
      </input_file>
      <input_file id="fl-50">
         <path>C:\ti\ccs6\ccsv6\tools\compiler\c5500_4.4.1\lib\</path>
         <kind>archive</kind>
         <file>rts55x.lib</file>
         <name>fputc.obj</name>
      </input_file>
      <input_file id="fl-51">
         <path>C:\ti\ccs6\ccsv6\tools\compiler\c5500_4.4.1\lib\</path>
         <kind>archive</kind>
         <file>rts55x.lib</file>
         <name>fputs.obj</name>
      </input_file>
      <input_file id="fl-52">
         <path>C:\ti\ccs6\ccsv6\tools\compiler\c5500_4.4.1\lib\</path>
         <kind>archive</kind>
         <file>rts55x.lib</file>
         <name>frcmpyd.obj</name>
      </input_file>
      <input_file id="fl-53">
         <path>C:\ti\ccs6\ccsv6\tools\compiler\c5500_4.4.1\lib\</path>
         <kind>archive</kind>
         <file>rts55x.lib</file>
         <name>frcmpyd_div.obj</name>
      </input_file>
      <input_file id="fl-54">
         <path>C:\ti\ccs6\ccsv6\tools\compiler\c5500_4.4.1\lib\</path>
         <kind>archive</kind>
         <file>rts55x.lib</file>
         <name>fseek.obj</name>
      </input_file>
      <input_file id="fl-55">
         <path>C:\ti\ccs6\ccsv6\tools\compiler\c5500_4.4.1\lib\</path>
         <kind>archive</kind>
         <file>rts55x.lib</file>
         <name>isinf.obj</name>
      </input_file>
      <input_file id="fl-56">
         <path>C:\ti\ccs6\ccsv6\tools\compiler\c5500_4.4.1\lib\</path>
         <kind>archive</kind>
         <file>rts55x.lib</file>
         <name>llmpy.obj</name>
      </input_file>
      <input_file id="fl-57">
         <path>C:\ti\ccs6\ccsv6\tools\compiler\c5500_4.4.1\lib\</path>
         <kind>archive</kind>
         <file>rts55x.lib</file>
         <name>lmpy.obj</name>
      </input_file>
      <input_file id="fl-58">
         <path>C:\ti\ccs6\ccsv6\tools\compiler\c5500_4.4.1\lib\</path>
         <kind>archive</kind>
         <file>rts55x.lib</file>
         <name>ltoa.obj</name>
      </input_file>
      <input_file id="fl-59">
         <path>C:\ti\ccs6\ccsv6\tools\compiler\c5500_4.4.1\lib\</path>
         <kind>archive</kind>
         <file>rts55x.lib</file>
         <name>memccpy.obj</name>
      </input_file>
      <input_file id="fl-5a">
         <path>C:\ti\ccs6\ccsv6\tools\compiler\c5500_4.4.1\lib\</path>
         <kind>archive</kind>
         <file>rts55x.lib</file>
         <name>negd.obj</name>
      </input_file>
      <input_file id="fl-5b">
         <path>C:\ti\ccs6\ccsv6\tools\compiler\c5500_4.4.1\lib\</path>
         <kind>archive</kind>
         <file>rts55x.lib</file>
         <name>remli.obj</name>
      </input_file>
      <input_file id="fl-5c">
         <path>C:\ti\ccs6\ccsv6\tools\compiler\c5500_4.4.1\lib\</path>
         <kind>archive</kind>
         <file>rts55x.lib</file>
         <name>remul.obj</name>
      </input_file>
      <input_file id="fl-5d">
         <path>C:\ti\ccs6\ccsv6\tools\compiler\c5500_4.4.1\lib\</path>
         <kind>archive</kind>
         <file>rts55x.lib</file>
         <name>setvbuf.obj</name>
      </input_file>
      <input_file id="fl-5e">
         <path>C:\ti\ccs6\ccsv6\tools\compiler\c5500_4.4.1\lib\</path>
         <kind>archive</kind>
         <file>rts55x.lib</file>
         <name>divli.obj</name>
      </input_file>
      <input_file id="fl-5f">
         <path>..\c55xx_csl\lib\</path>
         <kind>archive</kind>
         <file>cslVC5505.lib</file>
         <name>csl_i2c.obj</name>
      </input_file>
      <input_file id="fl-60">
         <path>..\c55xx_csl\lib\</path>
         <kind>archive</kind>
         <file>cslVC5505.lib</file>
         <name>csl_gpio.obj</name>
      </input_file>
   </input_file_list>
   <object_component_list>
      <object_component id="oc-c8">
         <name>.text</name>
         <load_address>0x20000</load_address>
         <run_address>0x20000</run_address>
         <size>0x15a4</size>
         <input_file_ref idref="fl-44"/>
      </object_component>
      <object_component id="oc-136">
         <name>.text</name>
         <load_address>0x215a4</load_address>
         <run_address>0x215a4</run_address>
         <size>0xc3c</size>
         <input_file_ref idref="fl-5f"/>
      </object_component>
      <object_component id="oc-13c">
         <name>.text</name>
         <load_address>0x221e0</load_address>
         <run_address>0x221e0</run_address>
         <size>0x68d</size>
         <input_file_ref idref="fl-60"/>
      </object_component>
      <object_component id="oc-86">
         <name>.text</name>
         <load_address>0x2286d</load_address>
         <run_address>0x2286d</run_address>
         <size>0x543</size>
         <input_file_ref idref="fl-36"/>
      </object_component>
      <object_component id="oc-a7">
         <name>.text</name>
         <load_address>0x22db0</load_address>
         <run_address>0x22db0</run_address>
         <size>0x528</size>
         <input_file_ref idref="fl-3d"/>
      </object_component>
      <object_component id="oc-90">
         <name>.text</name>
         <load_address>0x232d8</load_address>
         <run_address>0x232d8</run_address>
         <size>0x4b5</size>
         <input_file_ref idref="fl-38"/>
      </object_component>
      <object_component id="oc-e4">
         <name>.text</name>
         <load_address>0x2378d</load_address>
         <run_address>0x2378d</run_address>
         <size>0x3cc</size>
         <input_file_ref idref="fl-4b"/>
      </object_component>
      <object_component id="oc-28">
         <name>.text</name>
         <load_address>0x23b59</load_address>
         <run_address>0x23b59</run_address>
         <size>0x3b0</size>
         <input_file_ref idref="fl-5"/>
      </object_component>
      <object_component id="oc-35">
         <name>.text</name>
         <load_address>0x23f09</load_address>
         <run_address>0x23f09</run_address>
         <size>0x2d2</size>
         <input_file_ref idref="fl-7"/>
      </object_component>
      <object_component id="oc-78">
         <name>.text</name>
         <load_address>0x241db</load_address>
         <run_address>0x241db</run_address>
         <size>0x27f</size>
         <input_file_ref idref="fl-33"/>
      </object_component>
      <object_component id="oc-2e">
         <name>.text</name>
         <load_address>0x2445a</load_address>
         <run_address>0x2445a</run_address>
         <size>0x274</size>
         <input_file_ref idref="fl-6"/>
      </object_component>
      <object_component id="oc-112">
         <name>.text</name>
         <load_address>0x246ce</load_address>
         <run_address>0x246ce</run_address>
         <size>0x25e</size>
         <input_file_ref idref="fl-56"/>
      </object_component>
      <object_component id="oc-61">
         <name>.text</name>
         <load_address>0x2492c</load_address>
         <run_address>0x2492c</run_address>
         <size>0x25a</size>
         <input_file_ref idref="fl-2e"/>
      </object_component>
      <object_component id="oc-82">
         <name>.text</name>
         <load_address>0x24b86</load_address>
         <run_address>0x24b86</run_address>
         <size>0x1ee</size>
         <input_file_ref idref="fl-35"/>
      </object_component>
      <object_component id="oc-da">
         <name>.text</name>
         <load_address>0x24d74</load_address>
         <run_address>0x24d74</run_address>
         <size>0x1ea</size>
         <input_file_ref idref="fl-48"/>
      </object_component>
      <object_component id="oc-43">
         <name>.text</name>
         <load_address>0x24f5e</load_address>
         <run_address>0x24f5e</run_address>
         <size>0x1d3</size>
         <input_file_ref idref="fl-14"/>
      </object_component>
      <object_component id="oc-4c">
         <name>.text</name>
         <load_address>0x25131</load_address>
         <run_address>0x25131</run_address>
         <size>0x192</size>
         <input_file_ref idref="fl-17"/>
      </object_component>
      <object_component id="oc-fd">
         <name>.text</name>
         <load_address>0x252c3</load_address>
         <run_address>0x252c3</run_address>
         <size>0x163</size>
         <input_file_ref idref="fl-51"/>
      </object_component>
      <object_component id="oc-22">
         <name>.text</name>
         <load_address>0x25426</load_address>
         <run_address>0x25426</run_address>
         <size>0x152</size>
         <input_file_ref idref="fl-4"/>
      </object_component>
      <object_component id="oc-97">
         <name>.text</name>
         <load_address>0x25578</load_address>
         <run_address>0x25578</run_address>
         <size>0x14c</size>
         <input_file_ref idref="fl-39"/>
      </object_component>
      <object_component id="oc-7e">
         <name>.text</name>
         <load_address>0x256c4</load_address>
         <run_address>0x256c4</run_address>
         <size>0x10f</size>
         <input_file_ref idref="fl-34"/>
      </object_component>
      <object_component id="oc-13">
         <name>.text</name>
         <load_address>0x257d3</load_address>
         <run_address>0x257d3</run_address>
         <size>0xfc</size>
         <input_file_ref idref="fl-2"/>
      </object_component>
      <object_component id="oc-1a">
         <name>.text</name>
         <load_address>0x258cf</load_address>
         <run_address>0x258cf</run_address>
         <size>0xf6</size>
         <input_file_ref idref="fl-3"/>
      </object_component>
      <object_component id="oc-12e">
         <name>.text</name>
         <load_address>0x259c5</load_address>
         <run_address>0x259c5</run_address>
         <size>0xe6</size>
         <input_file_ref idref="fl-5d"/>
      </object_component>
      <object_component id="oc-be">
         <name>.text</name>
         <load_address>0x25aab</load_address>
         <run_address>0x25aab</run_address>
         <size>0xdd</size>
         <input_file_ref idref="fl-42"/>
      </object_component>
      <object_component id="oc-3f">
         <name>.text</name>
         <load_address>0x25b88</load_address>
         <run_address>0x25b88</run_address>
         <size>0xd6</size>
         <input_file_ref idref="fl-13"/>
      </object_component>
      <object_component id="oc-74">
         <name>.text</name>
         <load_address>0x25c5e</load_address>
         <run_address>0x25c5e</run_address>
         <size>0xc2</size>
         <input_file_ref idref="fl-32"/>
      </object_component>
      <object_component id="oc-af">
         <name>.text:CIO_breakpoint</name>
         <load_address>0x25d20</load_address>
         <run_address>0x25d20</run_address>
         <size>0xba</size>
         <input_file_ref idref="fl-3e"/>
      </object_component>
      <object_component id="oc-ba">
         <name>.text</name>
         <load_address>0x25dda</load_address>
         <run_address>0x25dda</run_address>
         <size>0xae</size>
         <input_file_ref idref="fl-41"/>
      </object_component>
      <object_component id="oc-f9">
         <name>.text</name>
         <load_address>0x25e88</load_address>
         <run_address>0x25e88</run_address>
         <size>0xa6</size>
         <input_file_ref idref="fl-50"/>
      </object_component>
      <object_component id="oc-e8">
         <name>.text</name>
         <load_address>0x25f2e</load_address>
         <run_address>0x25f2e</run_address>
         <size>0xa1</size>
         <input_file_ref idref="fl-4c"/>
      </object_component>
      <object_component id="oc-51">
         <name>.text</name>
         <load_address>0x25fcf</load_address>
         <run_address>0x25fcf</run_address>
         <size>0x8e</size>
         <input_file_ref idref="fl-18"/>
      </object_component>
      <object_component id="oc-48">
         <name>.text</name>
         <load_address>0x2605d</load_address>
         <run_address>0x2605d</run_address>
         <size>0x8d</size>
         <input_file_ref idref="fl-16"/>
      </object_component>
      <object_component id="oc-56">
         <name>.text</name>
         <load_address>0x260ea</load_address>
         <run_address>0x260ea</run_address>
         <size>0x87</size>
         <input_file_ref idref="fl-19"/>
      </object_component>
      <object_component id="oc-11a">
         <name>.text</name>
         <load_address>0x26171</load_address>
         <run_address>0x26171</run_address>
         <size>0x7d</size>
         <input_file_ref idref="fl-58"/>
      </object_component>
      <object_component id="oc-70">
         <name>.text</name>
         <load_address>0x261ee</load_address>
         <run_address>0x261ee</run_address>
         <size>0x7b</size>
         <input_file_ref idref="fl-31"/>
      </object_component>
      <object_component id="oc-102">
         <name>.text</name>
         <load_address>0x26269</load_address>
         <run_address>0x26269</run_address>
         <size>0x76</size>
         <input_file_ref idref="fl-52"/>
      </object_component>
      <object_component id="oc-106">
         <name>.text</name>
         <load_address>0x262df</load_address>
         <run_address>0x262df</run_address>
         <size>0x73</size>
         <input_file_ref idref="fl-53"/>
      </object_component>
      <object_component id="oc-12a">
         <name>.text</name>
         <load_address>0x26352</load_address>
         <run_address>0x26352</run_address>
         <size>0x72</size>
         <input_file_ref idref="fl-5c"/>
      </object_component>
      <object_component id="oc-f0">
         <name>.text</name>
         <load_address>0x263c4</load_address>
         <run_address>0x263c4</run_address>
         <size>0x6f</size>
         <input_file_ref idref="fl-4e"/>
      </object_component>
      <object_component id="oc-ac">
         <name>.text</name>
         <load_address>0x26433</load_address>
         <run_address>0x26433</run_address>
         <size>0x6d</size>
         <input_file_ref idref="fl-3e"/>
      </object_component>
      <object_component id="oc-10a">
         <name>.text</name>
         <load_address>0x264a0</load_address>
         <run_address>0x264a0</run_address>
         <size>0x6b</size>
         <input_file_ref idref="fl-54"/>
      </object_component>
      <object_component id="oc-f4">
         <name>.text</name>
         <load_address>0x2650b</load_address>
         <run_address>0x2650b</run_address>
         <size>0x67</size>
         <input_file_ref idref="fl-4f"/>
      </object_component>
      <object_component id="oc-d2">
         <name>.text</name>
         <load_address>0x26572</load_address>
         <run_address>0x26572</run_address>
         <size>0x5c</size>
         <input_file_ref idref="fl-46"/>
      </object_component>
      <object_component id="oc-5c">
         <name>.text</name>
         <load_address>0x265ce</load_address>
         <run_address>0x265ce</run_address>
         <size>0x54</size>
         <input_file_ref idref="fl-1a"/>
      </object_component>
      <object_component id="oc-9b">
         <name>.text</name>
         <load_address>0x26622</load_address>
         <run_address>0x26622</run_address>
         <size>0x50</size>
         <input_file_ref idref="fl-3a"/>
      </object_component>
      <object_component id="oc-d6">
         <name>.text</name>
         <load_address>0x26672</load_address>
         <run_address>0x26672</run_address>
         <size>0x4d</size>
         <input_file_ref idref="fl-47"/>
      </object_component>
      <object_component id="oc-ce">
         <name>.text</name>
         <load_address>0x266bf</load_address>
         <run_address>0x266bf</run_address>
         <size>0x4b</size>
         <input_file_ref idref="fl-45"/>
      </object_component>
      <object_component id="oc-126">
         <name>.text</name>
         <load_address>0x2670a</load_address>
         <run_address>0x2670a</run_address>
         <size>0x4b</size>
         <input_file_ref idref="fl-5b"/>
      </object_component>
      <object_component id="oc-132">
         <name>.text</name>
         <load_address>0x26755</load_address>
         <run_address>0x26755</run_address>
         <size>0x48</size>
         <input_file_ref idref="fl-5e"/>
      </object_component>
      <object_component id="oc-8c">
         <name>.text</name>
         <load_address>0x2679d</load_address>
         <run_address>0x2679d</run_address>
         <size>0x3f</size>
         <input_file_ref idref="fl-37"/>
      </object_component>
      <object_component id="oc-69">
         <name>.text</name>
         <load_address>0x267dc</load_address>
         <run_address>0x267dc</run_address>
         <size>0x3e</size>
         <input_file_ref idref="fl-30"/>
      </object_component>
      <object_component id="oc-11">
         <name>.text</name>
         <load_address>0x2681a</load_address>
         <run_address>0x2681a</run_address>
         <size>0x34</size>
         <input_file_ref idref="fl-2f"/>
      </object_component>
      <object_component id="oc-ec">
         <name>.text</name>
         <load_address>0x2684e</load_address>
         <run_address>0x2684e</run_address>
         <size>0x2a</size>
         <input_file_ref idref="fl-4d"/>
      </object_component>
      <object_component id="oc-b2">
         <name>.text</name>
         <load_address>0x26878</load_address>
         <run_address>0x26878</run_address>
         <size>0x2a</size>
         <input_file_ref idref="fl-3f"/>
      </object_component>
      <object_component id="oc-11e">
         <name>.text</name>
         <load_address>0x268a2</load_address>
         <run_address>0x268a2</run_address>
         <size>0x23</size>
         <input_file_ref idref="fl-59"/>
      </object_component>
      <object_component id="oc-10e">
         <name>.text</name>
         <load_address>0x268c5</load_address>
         <run_address>0x268c5</run_address>
         <size>0x1a</size>
         <input_file_ref idref="fl-55"/>
      </object_component>
      <object_component id="oc-a3">
         <name>.text</name>
         <load_address>0x268df</load_address>
         <run_address>0x268df</run_address>
         <size>0x14</size>
         <input_file_ref idref="fl-3c"/>
      </object_component>
      <object_component id="oc-116">
         <name>.text</name>
         <load_address>0x268f3</load_address>
         <run_address>0x268f3</run_address>
         <size>0x13</size>
         <input_file_ref idref="fl-57"/>
      </object_component>
      <object_component id="oc-c2">
         <name>.text</name>
         <load_address>0x26906</load_address>
         <run_address>0x26906</run_address>
         <size>0x12</size>
         <input_file_ref idref="fl-43"/>
      </object_component>
      <object_component id="oc-122">
         <name>.text</name>
         <load_address>0x26918</load_address>
         <run_address>0x26918</run_address>
         <size>0x10</size>
         <input_file_ref idref="fl-5a"/>
      </object_component>
      <object_component id="oc-9f">
         <name>.text</name>
         <load_address>0x26928</load_address>
         <run_address>0x26928</run_address>
         <size>0xa</size>
         <input_file_ref idref="fl-3b"/>
      </object_component>
      <object_component id="oc-6d">
         <name>.text:CIO_breakpoint</name>
         <load_address>0x26932</load_address>
         <run_address>0x26932</run_address>
         <size>0x7</size>
         <input_file_ref idref="fl-30"/>
      </object_component>
      <object_component id="oc-b6">
         <name>.text</name>
         <load_address>0x26939</load_address>
         <run_address>0x26939</run_address>
         <size>0x2</size>
         <input_file_ref idref="fl-40"/>
      </object_component>
      <object_component id="oc-65">
         <name>.stack</name>
         <uninitialized>true</uninitialized>
         <run_address>0xc0</run_address>
         <size>0x0</size>
         <input_file_ref idref="fl-2f"/>
      </object_component>
      <object_component id="oc-15e">
         <name>.stack</name>
         <uninitialized>true</uninitialized>
         <run_address>0xc0</run_address>
         <size>0x0</size>
      </object_component>
      <object_component id="oc-141">
         <name>.sysstack</name>
         <uninitialized>true</uninitialized>
         <run_address>0x20c0</run_address>
         <size>0x0</size>
         <input_file_ref idref="fl-2f"/>
      </object_component>
      <object_component id="oc-160">
         <name>.sysstack</name>
         <uninitialized>true</uninitialized>
         <run_address>0x20c0</run_address>
         <size>0x0</size>
      </object_component>
      <object_component id="oc-2f">
         <name>.bss</name>
         <uninitialized>true</uninitialized>
         <run_address>0x50c0</run_address>
         <size>0x804</size>
         <input_file_ref idref="fl-6"/>
      </object_component>
      <object_component id="oc-79">
         <name>.bss</name>
         <uninitialized>true</uninitialized>
         <run_address>0x58c4</run_address>
         <size>0x2</size>
         <input_file_ref idref="fl-33"/>
      </object_component>
      <object_component id="oc-23">
         <name>.bss</name>
         <uninitialized>true</uninitialized>
         <run_address>0x58c8</run_address>
         <size>0x800</size>
         <input_file_ref idref="fl-4"/>
      </object_component>
      <object_component id="oc-e0">
         <name>.bss</name>
         <uninitialized>true</uninitialized>
         <run_address>0x60c8</run_address>
         <size>0x232</size>
         <input_file_ref idref="fl-4a"/>
      </object_component>
      <object_component id="oc-3b">
         <name>.bss</name>
         <uninitialized>true</uninitialized>
         <run_address>0x62fc</run_address>
         <size>0x204</size>
         <input_file_ref idref="fl-8"/>
      </object_component>
      <object_component id="oc-a8">
         <name>.bss</name>
         <uninitialized>true</uninitialized>
         <run_address>0x6500</run_address>
         <size>0x1a0</size>
         <input_file_ref idref="fl-3d"/>
      </object_component>
      <object_component id="oc-87">
         <name>.bss</name>
         <uninitialized>true</uninitialized>
         <run_address>0x66a0</run_address>
         <size>0xe2</size>
         <input_file_ref idref="fl-36"/>
      </object_component>
      <object_component id="oc-137">
         <name>.bss</name>
         <uninitialized>true</uninitialized>
         <run_address>0x6784</run_address>
         <size>0x24</size>
         <input_file_ref idref="fl-5f"/>
      </object_component>
      <object_component id="oc-91">
         <name>.bss</name>
         <uninitialized>true</uninitialized>
         <run_address>0x67a8</run_address>
         <size>0xc</size>
         <input_file_ref idref="fl-38"/>
      </object_component>
      <object_component id="oc-14">
         <name>.bss</name>
         <uninitialized>true</uninitialized>
         <run_address>0x67b4</run_address>
         <size>0xa</size>
         <input_file_ref idref="fl-2"/>
      </object_component>
      <object_component id="oc-1b">
         <name>.bss</name>
         <uninitialized>true</uninitialized>
         <run_address>0x67c0</run_address>
         <size>0x8</size>
         <input_file_ref idref="fl-3"/>
      </object_component>
      <object_component id="oc-57">
         <name>.bss</name>
         <uninitialized>true</uninitialized>
         <run_address>0x67c8</run_address>
         <size>0x8</size>
         <input_file_ref idref="fl-19"/>
      </object_component>
      <object_component id="oc-c3">
         <name>.bss</name>
         <uninitialized>true</uninitialized>
         <run_address>0x67d0</run_address>
         <size>0x8</size>
         <input_file_ref idref="fl-43"/>
      </object_component>
      <object_component id="oc-6a">
         <name>.bss</name>
         <uninitialized>true</uninitialized>
         <run_address>0x67d8</run_address>
         <size>0x8</size>
         <input_file_ref idref="fl-30"/>
      </object_component>
      <object_component id="oc-47">
         <name>.const:twiddle</name>
         <load_address>0x6800</load_address>
         <run_address>0x6800</run_address>
         <size>0x800</size>
         <input_file_ref idref="fl-15"/>
      </object_component>
      <object_component id="oc-144">
         <name>.const:__ctypes_</name>
         <load_address>0x7000</load_address>
         <run_address>0x7000</run_address>
         <size>0x202</size>
         <input_file_ref idref="fl-49"/>
      </object_component>
      <object_component id="oc-37">
         <name>.const</name>
         <load_address>0x7202</load_address>
         <run_address>0x7202</run_address>
         <size>0x2</size>
         <input_file_ref idref="fl-7"/>
      </object_component>
      <object_component id="oc-1e">
         <name>.const:.string</name>
         <load_address>0x7204</load_address>
         <run_address>0x7204</run_address>
         <size>0x12e</size>
         <input_file_ref idref="fl-3"/>
      </object_component>
      <object_component id="oc-143">
         <name>.const:_consolas_8ptBitmaps</name>
         <load_address>0x7332</load_address>
         <run_address>0x7332</run_address>
         <size>0xc0</size>
         <input_file_ref idref="fl-7"/>
      </object_component>
      <object_component id="oc-31">
         <name>.const:.string</name>
         <load_address>0x73f4</load_address>
         <run_address>0x73f4</run_address>
         <size>0xb8</size>
         <input_file_ref idref="fl-6"/>
      </object_component>
      <object_component id="oc-cb">
         <name>.const:.string</name>
         <load_address>0x74ac</load_address>
         <run_address>0x74ac</run_address>
         <size>0x48</size>
         <input_file_ref idref="fl-44"/>
      </object_component>
      <object_component id="oc-ca">
         <name>.const</name>
         <load_address>0x74f4</load_address>
         <run_address>0x74f4</run_address>
         <size>0x18</size>
         <input_file_ref idref="fl-44"/>
      </object_component>
      <object_component id="oc-145">
         <name>.const:_initial_approx$1</name>
         <load_address>0x750c</load_address>
         <run_address>0x750c</run_address>
         <size>0x10</size>
         <input_file_ref idref="fl-4b"/>
      </object_component>
      <object_component id="oc-ff">
         <name>.const:.string</name>
         <load_address>0x751c</load_address>
         <run_address>0x751c</run_address>
         <size>0x4</size>
         <input_file_ref idref="fl-51"/>
      </object_component>
      <object_component id="oc-2a">
         <name>.const</name>
         <load_address>0x7520</load_address>
         <run_address>0x7520</run_address>
         <size>0x4</size>
         <input_file_ref idref="fl-5"/>
      </object_component>
      <object_component id="oc-f6">
         <name>.const</name>
         <load_address>0x7524</load_address>
         <run_address>0x7524</run_address>
         <size>0x4</size>
         <input_file_ref idref="fl-4f"/>
      </object_component>
      <object_component id="oc-94">
         <name>.sysmem</name>
         <uninitialized>true</uninitialized>
         <run_address>0x30c0</run_address>
         <size>0x0</size>
         <input_file_ref idref="fl-38"/>
      </object_component>
      <object_component id="oc-15f">
         <name>.sysmem</name>
         <uninitialized>true</uninitialized>
         <run_address>0x30c0</run_address>
         <size>0x0</size>
      </object_component>
      <object_component id="oc-142">
         <name>.switch:_printChar</name>
         <load_address>0x40558</load_address>
         <run_address>0x40558</run_address>
         <size>0x28</size>
         <input_file_ref idref="fl-7"/>
      </object_component>
      <object_component id="oc-3d">
         <name>.cinit</name>
         <load_address>0x40000</load_address>
         <run_address>0x40000</run_address>
         <size>0x210</size>
         <input_file_ref idref="fl-8"/>
      </object_component>
      <object_component id="oc-89">
         <name>.cinit</name>
         <load_address>0x40210</load_address>
         <run_address>0x40210</run_address>
         <size>0x5a</size>
         <input_file_ref idref="fl-36"/>
      </object_component>
      <object_component id="oc-e2">
         <name>.cinit</name>
         <load_address>0x4026a</load_address>
         <run_address>0x4026a</run_address>
         <size>0x54</size>
         <input_file_ref idref="fl-4a"/>
      </object_component>
      <object_component id="oc-1d">
         <name>.cinit</name>
         <load_address>0x402be</load_address>
         <run_address>0x402be</run_address>
         <size>0x14</size>
         <input_file_ref idref="fl-3"/>
      </object_component>
      <object_component id="oc-c5">
         <name>.cinit</name>
         <load_address>0x402d2</load_address>
         <run_address>0x402d2</run_address>
         <size>0x14</size>
         <input_file_ref idref="fl-43"/>
      </object_component>
      <object_component id="oc-6c">
         <name>.cinit</name>
         <load_address>0x402e6</load_address>
         <run_address>0x402e6</run_address>
         <size>0x14</size>
         <input_file_ref idref="fl-30"/>
      </object_component>
      <object_component id="oc-16">
         <name>.cinit</name>
         <load_address>0x402fa</load_address>
         <run_address>0x402fa</run_address>
         <size>0x8</size>
         <input_file_ref idref="fl-2"/>
      </object_component>
      <object_component id="oc-7b">
         <name>.cinit</name>
         <load_address>0x40302</load_address>
         <run_address>0x40302</run_address>
         <size>0x8</size>
         <input_file_ref idref="fl-33"/>
      </object_component>
      <object_component id="oc-93">
         <name>.cinit</name>
         <load_address>0x4030a</load_address>
         <run_address>0x4030a</run_address>
         <size>0x8</size>
         <input_file_ref idref="fl-38"/>
      </object_component>
      <object_component id="oc-ae">
         <name>.cio</name>
         <uninitialized>true</uninitialized>
         <run_address>0x40318</run_address>
         <size>0x240</size>
         <input_file_ref idref="fl-3e"/>
      </object_component>
      <object_component id="oc-12">
         <name>vectors</name>
         <load_address>0x4fe00</load_address>
         <run_address>0x4fe00</run_address>
         <size>0x100</size>
         <input_file_ref idref="fl-40"/>
      </object_component>
      <object_component id="oc-15">
         <name>.debug_info</name>
         <load_address>0x0</load_address>
         <run_address>0x0</run_address>
         <size>0x95d</size>
         <input_file_ref idref="fl-2"/>
      </object_component>
      <object_component id="oc-1c">
         <name>.debug_info</name>
         <load_address>0x95d</load_address>
         <run_address>0x95d</run_address>
         <size>0x945</size>
         <input_file_ref idref="fl-3"/>
      </object_component>
      <object_component id="oc-24">
         <name>.debug_info</name>
         <load_address>0x12a2</load_address>
         <run_address>0x12a2</run_address>
         <size>0x9f1</size>
         <input_file_ref idref="fl-4"/>
      </object_component>
      <object_component id="oc-29">
         <name>.debug_info</name>
         <load_address>0x1c93</load_address>
         <run_address>0x1c93</run_address>
         <size>0xd54</size>
         <input_file_ref idref="fl-5"/>
      </object_component>
      <object_component id="oc-30">
         <name>.debug_info</name>
         <load_address>0x29e7</load_address>
         <run_address>0x29e7</run_address>
         <size>0xd2b</size>
         <input_file_ref idref="fl-6"/>
      </object_component>
      <object_component id="oc-36">
         <name>.debug_info</name>
         <load_address>0x3712</load_address>
         <run_address>0x3712</run_address>
         <size>0xce5</size>
         <input_file_ref idref="fl-7"/>
      </object_component>
      <object_component id="oc-3c">
         <name>.debug_info</name>
         <load_address>0x43f7</load_address>
         <run_address>0x43f7</run_address>
         <size>0x4e1</size>
         <input_file_ref idref="fl-8"/>
      </object_component>
      <object_component id="oc-40">
         <name>.debug_info</name>
         <load_address>0x48d8</load_address>
         <run_address>0x48d8</run_address>
         <size>0xcf</size>
         <input_file_ref idref="fl-13"/>
      </object_component>
      <object_component id="oc-44">
         <name>.debug_info</name>
         <load_address>0x49a7</load_address>
         <run_address>0x49a7</run_address>
         <size>0xda</size>
         <input_file_ref idref="fl-14"/>
      </object_component>
      <object_component id="oc-49">
         <name>.debug_info</name>
         <load_address>0x4a81</load_address>
         <run_address>0x4a81</run_address>
         <size>0xd1</size>
         <input_file_ref idref="fl-16"/>
      </object_component>
      <object_component id="oc-4d">
         <name>.debug_info</name>
         <load_address>0x4b52</load_address>
         <run_address>0x4b52</run_address>
         <size>0x5f6b</size>
         <input_file_ref idref="fl-17"/>
      </object_component>
      <object_component id="oc-52">
         <name>.debug_info</name>
         <load_address>0xaabd</load_address>
         <run_address>0xaabd</run_address>
         <size>0x65d7</size>
         <input_file_ref idref="fl-18"/>
      </object_component>
      <object_component id="oc-58">
         <name>.debug_info</name>
         <load_address>0x11094</load_address>
         <run_address>0x11094</run_address>
         <size>0x63d2</size>
         <input_file_ref idref="fl-19"/>
      </object_component>
      <object_component id="oc-5d">
         <name>.debug_info</name>
         <load_address>0x17466</load_address>
         <run_address>0x17466</run_address>
         <size>0x5896</size>
         <input_file_ref idref="fl-1a"/>
      </object_component>
      <object_component id="oc-62">
         <name>.debug_info</name>
         <load_address>0x1ccfc</load_address>
         <run_address>0x1ccfc</run_address>
         <size>0x5ab</size>
         <input_file_ref idref="fl-2e"/>
      </object_component>
      <object_component id="oc-66">
         <name>.debug_info</name>
         <load_address>0x1d2a7</load_address>
         <run_address>0x1d2a7</run_address>
         <size>0xe8</size>
         <input_file_ref idref="fl-2f"/>
      </object_component>
      <object_component id="oc-6b">
         <name>.debug_info</name>
         <load_address>0x1d38f</load_address>
         <run_address>0x1d38f</run_address>
         <size>0x5fb</size>
         <input_file_ref idref="fl-30"/>
      </object_component>
      <object_component id="oc-71">
         <name>.debug_info</name>
         <load_address>0x1d98a</load_address>
         <run_address>0x1d98a</run_address>
         <size>0x64f</size>
         <input_file_ref idref="fl-31"/>
      </object_component>
      <object_component id="oc-75">
         <name>.debug_info</name>
         <load_address>0x1dfd9</load_address>
         <run_address>0x1dfd9</run_address>
         <size>0x706</size>
         <input_file_ref idref="fl-32"/>
      </object_component>
      <object_component id="oc-7a">
         <name>.debug_info</name>
         <load_address>0x1e6df</load_address>
         <run_address>0x1e6df</run_address>
         <size>0xa1c</size>
         <input_file_ref idref="fl-33"/>
      </object_component>
      <object_component id="oc-7f">
         <name>.debug_info</name>
         <load_address>0x1f0fb</load_address>
         <run_address>0x1f0fb</run_address>
         <size>0x762</size>
         <input_file_ref idref="fl-34"/>
      </object_component>
      <object_component id="oc-83">
         <name>.debug_info</name>
         <load_address>0x1f85d</load_address>
         <run_address>0x1f85d</run_address>
         <size>0x8f7</size>
         <input_file_ref idref="fl-35"/>
      </object_component>
      <object_component id="oc-88">
         <name>.debug_info</name>
         <load_address>0x20154</load_address>
         <run_address>0x20154</run_address>
         <size>0x144b</size>
         <input_file_ref idref="fl-36"/>
      </object_component>
      <object_component id="oc-8d">
         <name>.debug_info</name>
         <load_address>0x2159f</load_address>
         <run_address>0x2159f</run_address>
         <size>0xd1</size>
         <input_file_ref idref="fl-37"/>
      </object_component>
      <object_component id="oc-92">
         <name>.debug_info</name>
         <load_address>0x21670</load_address>
         <run_address>0x21670</run_address>
         <size>0xb97</size>
         <input_file_ref idref="fl-38"/>
      </object_component>
      <object_component id="oc-98">
         <name>.debug_info</name>
         <load_address>0x22207</load_address>
         <run_address>0x22207</run_address>
         <size>0x55b</size>
         <input_file_ref idref="fl-39"/>
      </object_component>
      <object_component id="oc-9c">
         <name>.debug_info</name>
         <load_address>0x22762</load_address>
         <run_address>0x22762</run_address>
         <size>0x76c</size>
         <input_file_ref idref="fl-3a"/>
      </object_component>
      <object_component id="oc-a0">
         <name>.debug_info</name>
         <load_address>0x22ece</load_address>
         <run_address>0x22ece</run_address>
         <size>0x510</size>
         <input_file_ref idref="fl-3b"/>
      </object_component>
      <object_component id="oc-a4">
         <name>.debug_info</name>
         <load_address>0x233de</load_address>
         <run_address>0x233de</run_address>
         <size>0x4de</size>
         <input_file_ref idref="fl-3c"/>
      </object_component>
      <object_component id="oc-a9">
         <name>.debug_info</name>
         <load_address>0x238bc</load_address>
         <run_address>0x238bc</run_address>
         <size>0xed4</size>
         <input_file_ref idref="fl-3d"/>
      </object_component>
      <object_component id="oc-ad">
         <name>.debug_info</name>
         <load_address>0x24790</load_address>
         <run_address>0x24790</run_address>
         <size>0x744</size>
         <input_file_ref idref="fl-3e"/>
      </object_component>
      <object_component id="oc-b3">
         <name>.debug_info</name>
         <load_address>0x24ed4</load_address>
         <run_address>0x24ed4</run_address>
         <size>0xef</size>
         <input_file_ref idref="fl-3f"/>
      </object_component>
      <object_component id="oc-b7">
         <name>.debug_info</name>
         <load_address>0x24fc3</load_address>
         <run_address>0x24fc3</run_address>
         <size>0xbc</size>
         <input_file_ref idref="fl-40"/>
      </object_component>
      <object_component id="oc-bb">
         <name>.debug_info</name>
         <load_address>0x2507f</load_address>
         <run_address>0x2507f</run_address>
         <size>0x6b8</size>
         <input_file_ref idref="fl-41"/>
      </object_component>
      <object_component id="oc-bf">
         <name>.debug_info</name>
         <load_address>0x25737</load_address>
         <run_address>0x25737</run_address>
         <size>0x662</size>
         <input_file_ref idref="fl-42"/>
      </object_component>
      <object_component id="oc-c4">
         <name>.debug_info</name>
         <load_address>0x25d99</load_address>
         <run_address>0x25d99</run_address>
         <size>0x5bc</size>
         <input_file_ref idref="fl-43"/>
      </object_component>
      <object_component id="oc-c9">
         <name>.debug_info</name>
         <load_address>0x26355</load_address>
         <run_address>0x26355</run_address>
         <size>0x27bd</size>
         <input_file_ref idref="fl-44"/>
      </object_component>
      <object_component id="oc-cf">
         <name>.debug_info</name>
         <load_address>0x28b12</load_address>
         <run_address>0x28b12</run_address>
         <size>0x586</size>
         <input_file_ref idref="fl-45"/>
      </object_component>
      <object_component id="oc-d3">
         <name>.debug_info</name>
         <load_address>0x29098</load_address>
         <run_address>0x29098</run_address>
         <size>0x5a4</size>
         <input_file_ref idref="fl-46"/>
      </object_component>
      <object_component id="oc-d7">
         <name>.debug_info</name>
         <load_address>0x2963c</load_address>
         <run_address>0x2963c</run_address>
         <size>0xcd</size>
         <input_file_ref idref="fl-47"/>
      </object_component>
      <object_component id="oc-db">
         <name>.debug_info</name>
         <load_address>0x29709</load_address>
         <run_address>0x29709</run_address>
         <size>0x81f</size>
         <input_file_ref idref="fl-48"/>
      </object_component>
      <object_component id="oc-de">
         <name>.debug_info</name>
         <load_address>0x29f28</load_address>
         <run_address>0x29f28</run_address>
         <size>0x498</size>
         <input_file_ref idref="fl-49"/>
      </object_component>
      <object_component id="oc-e1">
         <name>.debug_info</name>
         <load_address>0x2a3c0</load_address>
         <run_address>0x2a3c0</run_address>
         <size>0x57e</size>
         <input_file_ref idref="fl-4a"/>
      </object_component>
      <object_component id="oc-e5">
         <name>.debug_info</name>
         <load_address>0x2a93e</load_address>
         <run_address>0x2a93e</run_address>
         <size>0x7e8</size>
         <input_file_ref idref="fl-4b"/>
      </object_component>
      <object_component id="oc-e9">
         <name>.debug_info</name>
         <load_address>0x2b126</load_address>
         <run_address>0x2b126</run_address>
         <size>0x534</size>
         <input_file_ref idref="fl-4c"/>
      </object_component>
      <object_component id="oc-ed">
         <name>.debug_info</name>
         <load_address>0x2b65a</load_address>
         <run_address>0x2b65a</run_address>
         <size>0x4cf</size>
         <input_file_ref idref="fl-4d"/>
      </object_component>
      <object_component id="oc-f1">
         <name>.debug_info</name>
         <load_address>0x2bb29</load_address>
         <run_address>0x2bb29</run_address>
         <size>0x534</size>
         <input_file_ref idref="fl-4e"/>
      </object_component>
      <object_component id="oc-f5">
         <name>.debug_info</name>
         <load_address>0x2c05d</load_address>
         <run_address>0x2c05d</run_address>
         <size>0x549</size>
         <input_file_ref idref="fl-4f"/>
      </object_component>
      <object_component id="oc-fa">
         <name>.debug_info</name>
         <load_address>0x2c5a6</load_address>
         <run_address>0x2c5a6</run_address>
         <size>0x6aa</size>
         <input_file_ref idref="fl-50"/>
      </object_component>
      <object_component id="oc-fe">
         <name>.debug_info</name>
         <load_address>0x2cc50</load_address>
         <run_address>0x2cc50</run_address>
         <size>0x942</size>
         <input_file_ref idref="fl-51"/>
      </object_component>
      <object_component id="oc-103">
         <name>.debug_info</name>
         <load_address>0x2d592</load_address>
         <run_address>0x2d592</run_address>
         <size>0x4d2</size>
         <input_file_ref idref="fl-52"/>
      </object_component>
      <object_component id="oc-107">
         <name>.debug_info</name>
         <load_address>0x2da64</load_address>
         <run_address>0x2da64</run_address>
         <size>0x53e</size>
         <input_file_ref idref="fl-53"/>
      </object_component>
      <object_component id="oc-10b">
         <name>.debug_info</name>
         <load_address>0x2dfa2</load_address>
         <run_address>0x2dfa2</run_address>
         <size>0x5f7</size>
         <input_file_ref idref="fl-54"/>
      </object_component>
      <object_component id="oc-10f">
         <name>.debug_info</name>
         <load_address>0x2e599</load_address>
         <run_address>0x2e599</run_address>
         <size>0x680</size>
         <input_file_ref idref="fl-55"/>
      </object_component>
      <object_component id="oc-113">
         <name>.debug_info</name>
         <load_address>0x2ec19</load_address>
         <run_address>0x2ec19</run_address>
         <size>0x7d4</size>
         <input_file_ref idref="fl-56"/>
      </object_component>
      <object_component id="oc-117">
         <name>.debug_info</name>
         <load_address>0x2f3ed</load_address>
         <run_address>0x2f3ed</run_address>
         <size>0xbd</size>
         <input_file_ref idref="fl-57"/>
      </object_component>
      <object_component id="oc-11b">
         <name>.debug_info</name>
         <load_address>0x2f4aa</load_address>
         <run_address>0x2f4aa</run_address>
         <size>0x5ad</size>
         <input_file_ref idref="fl-58"/>
      </object_component>
      <object_component id="oc-11f">
         <name>.debug_info</name>
         <load_address>0x2fa57</load_address>
         <run_address>0x2fa57</run_address>
         <size>0x574</size>
         <input_file_ref idref="fl-59"/>
      </object_component>
      <object_component id="oc-123">
         <name>.debug_info</name>
         <load_address>0x2ffcb</load_address>
         <run_address>0x2ffcb</run_address>
         <size>0x4b7</size>
         <input_file_ref idref="fl-5a"/>
      </object_component>
      <object_component id="oc-127">
         <name>.debug_info</name>
         <load_address>0x30482</load_address>
         <run_address>0x30482</run_address>
         <size>0x4f2</size>
         <input_file_ref idref="fl-5b"/>
      </object_component>
      <object_component id="oc-12b">
         <name>.debug_info</name>
         <load_address>0x30974</load_address>
         <run_address>0x30974</run_address>
         <size>0x534</size>
         <input_file_ref idref="fl-5c"/>
      </object_component>
      <object_component id="oc-12f">
         <name>.debug_info</name>
         <load_address>0x30ea8</load_address>
         <run_address>0x30ea8</run_address>
         <size>0x64a</size>
         <input_file_ref idref="fl-5d"/>
      </object_component>
      <object_component id="oc-133">
         <name>.debug_info</name>
         <load_address>0x314f2</load_address>
         <run_address>0x314f2</run_address>
         <size>0x4f2</size>
         <input_file_ref idref="fl-5e"/>
      </object_component>
      <object_component id="oc-138">
         <name>.debug_info</name>
         <load_address>0x319e4</load_address>
         <run_address>0x319e4</run_address>
         <size>0x7424</size>
         <input_file_ref idref="fl-5f"/>
      </object_component>
      <object_component id="oc-13d">
         <name>.debug_info</name>
         <load_address>0x38e08</load_address>
         <run_address>0x38e08</run_address>
         <size>0x6ced</size>
         <input_file_ref idref="fl-60"/>
      </object_component>
      <object_component id="oc-16a">
         <name>.debug_info</name>
         <load_address>0x3faf5</load_address>
         <run_address>0x3faf5</run_address>
         <size>0x6e</size>
      </object_component>
      <object_component id="oc-17">
         <name>.debug_frame</name>
         <load_address>0x0</load_address>
         <run_address>0x0</run_address>
         <size>0x132</size>
         <input_file_ref idref="fl-2"/>
      </object_component>
      <object_component id="oc-1f">
         <name>.debug_frame</name>
         <load_address>0x132</load_address>
         <run_address>0x132</run_address>
         <size>0x139</size>
         <input_file_ref idref="fl-3"/>
      </object_component>
      <object_component id="oc-25">
         <name>.debug_frame</name>
         <load_address>0x26b</load_address>
         <run_address>0x26b</run_address>
         <size>0x118</size>
         <input_file_ref idref="fl-4"/>
      </object_component>
      <object_component id="oc-2b">
         <name>.debug_frame</name>
         <load_address>0x383</load_address>
         <run_address>0x383</run_address>
         <size>0x175</size>
         <input_file_ref idref="fl-5"/>
      </object_component>
      <object_component id="oc-32">
         <name>.debug_frame</name>
         <load_address>0x4f8</load_address>
         <run_address>0x4f8</run_address>
         <size>0xfc</size>
         <input_file_ref idref="fl-6"/>
      </object_component>
      <object_component id="oc-38">
         <name>.debug_frame</name>
         <load_address>0x5f4</load_address>
         <run_address>0x5f4</run_address>
         <size>0x13b</size>
         <input_file_ref idref="fl-7"/>
      </object_component>
      <object_component id="oc-4e">
         <name>.debug_frame</name>
         <load_address>0x72f</load_address>
         <run_address>0x72f</run_address>
         <size>0x13a</size>
         <input_file_ref idref="fl-17"/>
      </object_component>
      <object_component id="oc-53">
         <name>.debug_frame</name>
         <load_address>0x869</load_address>
         <run_address>0x869</run_address>
         <size>0x138</size>
         <input_file_ref idref="fl-18"/>
      </object_component>
      <object_component id="oc-59">
         <name>.debug_frame</name>
         <load_address>0x9a1</load_address>
         <run_address>0x9a1</run_address>
         <size>0x138</size>
         <input_file_ref idref="fl-19"/>
      </object_component>
      <object_component id="oc-5e">
         <name>.debug_frame</name>
         <load_address>0xad9</load_address>
         <run_address>0xad9</run_address>
         <size>0x116</size>
         <input_file_ref idref="fl-1a"/>
      </object_component>
      <object_component id="oc-139">
         <name>.debug_frame</name>
         <load_address>0xbef</load_address>
         <run_address>0xbef</run_address>
         <size>0x1ef</size>
         <input_file_ref idref="fl-5f"/>
      </object_component>
      <object_component id="oc-13e">
         <name>.debug_frame</name>
         <load_address>0xdde</load_address>
         <run_address>0xdde</run_address>
         <size>0x224</size>
         <input_file_ref idref="fl-60"/>
      </object_component>
      <object_component id="oc-18">
         <name>.debug_line</name>
         <load_address>0x0</load_address>
         <run_address>0x0</run_address>
         <size>0xad</size>
         <input_file_ref idref="fl-2"/>
      </object_component>
      <object_component id="oc-20">
         <name>.debug_line</name>
         <load_address>0xad</load_address>
         <run_address>0xad</run_address>
         <size>0xb8</size>
         <input_file_ref idref="fl-3"/>
      </object_component>
      <object_component id="oc-26">
         <name>.debug_line</name>
         <load_address>0x165</load_address>
         <run_address>0x165</run_address>
         <size>0xbe</size>
         <input_file_ref idref="fl-4"/>
      </object_component>
      <object_component id="oc-2c">
         <name>.debug_line</name>
         <load_address>0x223</load_address>
         <run_address>0x223</run_address>
         <size>0x162</size>
         <input_file_ref idref="fl-5"/>
      </object_component>
      <object_component id="oc-33">
         <name>.debug_line</name>
         <load_address>0x385</load_address>
         <run_address>0x385</run_address>
         <size>0xfd</size>
         <input_file_ref idref="fl-6"/>
      </object_component>
      <object_component id="oc-39">
         <name>.debug_line</name>
         <load_address>0x482</load_address>
         <run_address>0x482</run_address>
         <size>0x1d6</size>
         <input_file_ref idref="fl-7"/>
      </object_component>
      <object_component id="oc-41">
         <name>.debug_line</name>
         <load_address>0x658</load_address>
         <run_address>0x658</run_address>
         <size>0x83</size>
         <input_file_ref idref="fl-13"/>
      </object_component>
      <object_component id="oc-45">
         <name>.debug_line</name>
         <load_address>0x6db</load_address>
         <run_address>0x6db</run_address>
         <size>0xfe</size>
         <input_file_ref idref="fl-14"/>
      </object_component>
      <object_component id="oc-4a">
         <name>.debug_line</name>
         <load_address>0x7d9</load_address>
         <run_address>0x7d9</run_address>
         <size>0x65</size>
         <input_file_ref idref="fl-16"/>
      </object_component>
      <object_component id="oc-4f">
         <name>.debug_line</name>
         <load_address>0x83e</load_address>
         <run_address>0x83e</run_address>
         <size>0x6ca</size>
         <input_file_ref idref="fl-17"/>
      </object_component>
      <object_component id="oc-54">
         <name>.debug_line</name>
         <load_address>0xf08</load_address>
         <run_address>0xf08</run_address>
         <size>0x659</size>
         <input_file_ref idref="fl-18"/>
      </object_component>
      <object_component id="oc-5a">
         <name>.debug_line</name>
         <load_address>0x1561</load_address>
         <run_address>0x1561</run_address>
         <size>0x653</size>
         <input_file_ref idref="fl-19"/>
      </object_component>
      <object_component id="oc-5f">
         <name>.debug_line</name>
         <load_address>0x1bb4</load_address>
         <run_address>0x1bb4</run_address>
         <size>0x59c</size>
         <input_file_ref idref="fl-1a"/>
      </object_component>
      <object_component id="oc-63">
         <name>.debug_line</name>
         <load_address>0x2150</load_address>
         <run_address>0x2150</run_address>
         <size>0x5c</size>
         <input_file_ref idref="fl-2e"/>
      </object_component>
      <object_component id="oc-67">
         <name>.debug_line</name>
         <load_address>0x21ac</load_address>
         <run_address>0x21ac</run_address>
         <size>0x54</size>
         <input_file_ref idref="fl-2f"/>
      </object_component>
      <object_component id="oc-6e">
         <name>.debug_line</name>
         <load_address>0x2200</load_address>
         <run_address>0x2200</run_address>
         <size>0x51</size>
         <input_file_ref idref="fl-30"/>
      </object_component>
      <object_component id="oc-72">
         <name>.debug_line</name>
         <load_address>0x2251</load_address>
         <run_address>0x2251</run_address>
         <size>0x3d</size>
         <input_file_ref idref="fl-31"/>
      </object_component>
      <object_component id="oc-76">
         <name>.debug_line</name>
         <load_address>0x228e</load_address>
         <run_address>0x228e</run_address>
         <size>0x5b</size>
         <input_file_ref idref="fl-32"/>
      </object_component>
      <object_component id="oc-7c">
         <name>.debug_line</name>
         <load_address>0x22e9</load_address>
         <run_address>0x22e9</run_address>
         <size>0xd7</size>
         <input_file_ref idref="fl-33"/>
      </object_component>
      <object_component id="oc-80">
         <name>.debug_line</name>
         <load_address>0x23c0</load_address>
         <run_address>0x23c0</run_address>
         <size>0x4d</size>
         <input_file_ref idref="fl-34"/>
      </object_component>
      <object_component id="oc-84">
         <name>.debug_line</name>
         <load_address>0x240d</load_address>
         <run_address>0x240d</run_address>
         <size>0x97</size>
         <input_file_ref idref="fl-35"/>
      </object_component>
      <object_component id="oc-8a">
         <name>.debug_line</name>
         <load_address>0x24a4</load_address>
         <run_address>0x24a4</run_address>
         <size>0x1b0</size>
         <input_file_ref idref="fl-36"/>
      </object_component>
      <object_component id="oc-8e">
         <name>.debug_line</name>
         <load_address>0x2654</load_address>
         <run_address>0x2654</run_address>
         <size>0x4d</size>
         <input_file_ref idref="fl-37"/>
      </object_component>
      <object_component id="oc-95">
         <name>.debug_line</name>
         <load_address>0x26a1</load_address>
         <run_address>0x26a1</run_address>
         <size>0x112</size>
         <input_file_ref idref="fl-38"/>
      </object_component>
      <object_component id="oc-99">
         <name>.debug_line</name>
         <load_address>0x27b3</load_address>
         <run_address>0x27b3</run_address>
         <size>0x3c</size>
         <input_file_ref idref="fl-39"/>
      </object_component>
      <object_component id="oc-9d">
         <name>.debug_line</name>
         <load_address>0x27ef</load_address>
         <run_address>0x27ef</run_address>
         <size>0x69</size>
         <input_file_ref idref="fl-3a"/>
      </object_component>
      <object_component id="oc-a1">
         <name>.debug_line</name>
         <load_address>0x2858</load_address>
         <run_address>0x2858</run_address>
         <size>0x39</size>
         <input_file_ref idref="fl-3b"/>
      </object_component>
      <object_component id="oc-a5">
         <name>.debug_line</name>
         <load_address>0x2891</load_address>
         <run_address>0x2891</run_address>
         <size>0x37</size>
         <input_file_ref idref="fl-3c"/>
      </object_component>
      <object_component id="oc-aa">
         <name>.debug_line</name>
         <load_address>0x28c8</load_address>
         <run_address>0x28c8</run_address>
         <size>0x15d</size>
         <input_file_ref idref="fl-3d"/>
      </object_component>
      <object_component id="oc-b0">
         <name>.debug_line</name>
         <load_address>0x2a25</load_address>
         <run_address>0x2a25</run_address>
         <size>0x6a</size>
         <input_file_ref idref="fl-3e"/>
      </object_component>
      <object_component id="oc-b4">
         <name>.debug_line</name>
         <load_address>0x2a8f</load_address>
         <run_address>0x2a8f</run_address>
         <size>0x58</size>
         <input_file_ref idref="fl-3f"/>
      </object_component>
      <object_component id="oc-b8">
         <name>.debug_line</name>
         <load_address>0x2ae7</load_address>
         <run_address>0x2ae7</run_address>
         <size>0x37</size>
         <input_file_ref idref="fl-40"/>
      </object_component>
      <object_component id="oc-bc">
         <name>.debug_line</name>
         <load_address>0x2b1e</load_address>
         <run_address>0x2b1e</run_address>
         <size>0x4c</size>
         <input_file_ref idref="fl-41"/>
      </object_component>
      <object_component id="oc-c0">
         <name>.debug_line</name>
         <load_address>0x2b6a</load_address>
         <run_address>0x2b6a</run_address>
         <size>0x57</size>
         <input_file_ref idref="fl-42"/>
      </object_component>
      <object_component id="oc-c6">
         <name>.debug_line</name>
         <load_address>0x2bc1</load_address>
         <run_address>0x2bc1</run_address>
         <size>0x57</size>
         <input_file_ref idref="fl-43"/>
      </object_component>
      <object_component id="oc-cc">
         <name>.debug_line</name>
         <load_address>0x2c18</load_address>
         <run_address>0x2c18</run_address>
         <size>0x328</size>
         <input_file_ref idref="fl-44"/>
      </object_component>
      <object_component id="oc-d0">
         <name>.debug_line</name>
         <load_address>0x2f40</load_address>
         <run_address>0x2f40</run_address>
         <size>0x41</size>
         <input_file_ref idref="fl-45"/>
      </object_component>
      <object_component id="oc-d4">
         <name>.debug_line</name>
         <load_address>0x2f81</load_address>
         <run_address>0x2f81</run_address>
         <size>0x46</size>
         <input_file_ref idref="fl-46"/>
      </object_component>
      <object_component id="oc-d8">
         <name>.debug_line</name>
         <load_address>0x2fc7</load_address>
         <run_address>0x2fc7</run_address>
         <size>0x55</size>
         <input_file_ref idref="fl-47"/>
      </object_component>
      <object_component id="oc-dc">
         <name>.debug_line</name>
         <load_address>0x301c</load_address>
         <run_address>0x301c</run_address>
         <size>0xad</size>
         <input_file_ref idref="fl-48"/>
      </object_component>
      <object_component id="oc-e6">
         <name>.debug_line</name>
         <load_address>0x30c9</load_address>
         <run_address>0x30c9</run_address>
         <size>0x5b</size>
         <input_file_ref idref="fl-4b"/>
      </object_component>
      <object_component id="oc-ea">
         <name>.debug_line</name>
         <load_address>0x3124</load_address>
         <run_address>0x3124</run_address>
         <size>0x44</size>
         <input_file_ref idref="fl-4c"/>
      </object_component>
      <object_component id="oc-ee">
         <name>.debug_line</name>
         <load_address>0x3168</load_address>
         <run_address>0x3168</run_address>
         <size>0x3d</size>
         <input_file_ref idref="fl-4d"/>
      </object_component>
      <object_component id="oc-f2">
         <name>.debug_line</name>
         <load_address>0x31a5</load_address>
         <run_address>0x31a5</run_address>
         <size>0x3d</size>
         <input_file_ref idref="fl-4e"/>
      </object_component>
      <object_component id="oc-f7">
         <name>.debug_line</name>
         <load_address>0x31e2</load_address>
         <run_address>0x31e2</run_address>
         <size>0x44</size>
         <input_file_ref idref="fl-4f"/>
      </object_component>
      <object_component id="oc-fb">
         <name>.debug_line</name>
         <load_address>0x3226</load_address>
         <run_address>0x3226</run_address>
         <size>0x56</size>
         <input_file_ref idref="fl-50"/>
      </object_component>
      <object_component id="oc-100">
         <name>.debug_line</name>
         <load_address>0x327c</load_address>
         <run_address>0x327c</run_address>
         <size>0xa8</size>
         <input_file_ref idref="fl-51"/>
      </object_component>
      <object_component id="oc-104">
         <name>.debug_line</name>
         <load_address>0x3324</load_address>
         <run_address>0x3324</run_address>
         <size>0x3a</size>
         <input_file_ref idref="fl-52"/>
      </object_component>
      <object_component id="oc-108">
         <name>.debug_line</name>
         <load_address>0x335e</load_address>
         <run_address>0x335e</run_address>
         <size>0x40</size>
         <input_file_ref idref="fl-53"/>
      </object_component>
      <object_component id="oc-10c">
         <name>.debug_line</name>
         <load_address>0x339e</load_address>
         <run_address>0x339e</run_address>
         <size>0x3c</size>
         <input_file_ref idref="fl-54"/>
      </object_component>
      <object_component id="oc-110">
         <name>.debug_line</name>
         <load_address>0x33da</load_address>
         <run_address>0x33da</run_address>
         <size>0x38</size>
         <input_file_ref idref="fl-55"/>
      </object_component>
      <object_component id="oc-114">
         <name>.debug_line</name>
         <load_address>0x3412</load_address>
         <run_address>0x3412</run_address>
         <size>0xa8</size>
         <input_file_ref idref="fl-56"/>
      </object_component>
      <object_component id="oc-118">
         <name>.debug_line</name>
         <load_address>0x34ba</load_address>
         <run_address>0x34ba</run_address>
         <size>0x3c</size>
         <input_file_ref idref="fl-57"/>
      </object_component>
      <object_component id="oc-11c">
         <name>.debug_line</name>
         <load_address>0x34f6</load_address>
         <run_address>0x34f6</run_address>
         <size>0x40</size>
         <input_file_ref idref="fl-58"/>
      </object_component>
      <object_component id="oc-120">
         <name>.debug_line</name>
         <load_address>0x3536</load_address>
         <run_address>0x3536</run_address>
         <size>0x3c</size>
         <input_file_ref idref="fl-59"/>
      </object_component>
      <object_component id="oc-124">
         <name>.debug_line</name>
         <load_address>0x3572</load_address>
         <run_address>0x3572</run_address>
         <size>0x37</size>
         <input_file_ref idref="fl-5a"/>
      </object_component>
      <object_component id="oc-128">
         <name>.debug_line</name>
         <load_address>0x35a9</load_address>
         <run_address>0x35a9</run_address>
         <size>0x3c</size>
         <input_file_ref idref="fl-5b"/>
      </object_component>
      <object_component id="oc-12c">
         <name>.debug_line</name>
         <load_address>0x35e5</load_address>
         <run_address>0x35e5</run_address>
         <size>0x44</size>
         <input_file_ref idref="fl-5c"/>
      </object_component>
      <object_component id="oc-130">
         <name>.debug_line</name>
         <load_address>0x3629</load_address>
         <run_address>0x3629</run_address>
         <size>0x3f</size>
         <input_file_ref idref="fl-5d"/>
      </object_component>
      <object_component id="oc-134">
         <name>.debug_line</name>
         <load_address>0x3668</load_address>
         <run_address>0x3668</run_address>
         <size>0x3c</size>
         <input_file_ref idref="fl-5e"/>
      </object_component>
      <object_component id="oc-13a">
         <name>.debug_line</name>
         <load_address>0x36a4</load_address>
         <run_address>0x36a4</run_address>
         <size>0x96d</size>
         <input_file_ref idref="fl-5f"/>
      </object_component>
      <object_component id="oc-13f">
         <name>.debug_line</name>
         <load_address>0x4011</load_address>
         <run_address>0x4011</run_address>
         <size>0x7c8</size>
         <input_file_ref idref="fl-60"/>
      </object_component>
      <object_component id="oc-19">
         <name>.debug_abbrev</name>
         <load_address>0x0</load_address>
         <run_address>0x0</run_address>
         <size>0x10c</size>
         <input_file_ref idref="fl-2"/>
      </object_component>
      <object_component id="oc-21">
         <name>.debug_abbrev</name>
         <load_address>0x10c</load_address>
         <run_address>0x10c</run_address>
         <size>0x121</size>
         <input_file_ref idref="fl-3"/>
      </object_component>
      <object_component id="oc-27">
         <name>.debug_abbrev</name>
         <load_address>0x22d</load_address>
         <run_address>0x22d</run_address>
         <size>0x139</size>
         <input_file_ref idref="fl-4"/>
      </object_component>
      <object_component id="oc-2d">
         <name>.debug_abbrev</name>
         <load_address>0x366</load_address>
         <run_address>0x366</run_address>
         <size>0xef</size>
         <input_file_ref idref="fl-5"/>
      </object_component>
      <object_component id="oc-34">
         <name>.debug_abbrev</name>
         <load_address>0x455</load_address>
         <run_address>0x455</run_address>
         <size>0x148</size>
         <input_file_ref idref="fl-6"/>
      </object_component>
      <object_component id="oc-3a">
         <name>.debug_abbrev</name>
         <load_address>0x59d</load_address>
         <run_address>0x59d</run_address>
         <size>0x114</size>
         <input_file_ref idref="fl-7"/>
      </object_component>
      <object_component id="oc-3e">
         <name>.debug_abbrev</name>
         <load_address>0x6b1</load_address>
         <run_address>0x6b1</run_address>
         <size>0x6c</size>
         <input_file_ref idref="fl-8"/>
      </object_component>
      <object_component id="oc-42">
         <name>.debug_abbrev</name>
         <load_address>0x71d</load_address>
         <run_address>0x71d</run_address>
         <size>0x2c</size>
         <input_file_ref idref="fl-13"/>
      </object_component>
      <object_component id="oc-46">
         <name>.debug_abbrev</name>
         <load_address>0x749</load_address>
         <run_address>0x749</run_address>
         <size>0x2c</size>
         <input_file_ref idref="fl-14"/>
      </object_component>
      <object_component id="oc-4b">
         <name>.debug_abbrev</name>
         <load_address>0x775</load_address>
         <run_address>0x775</run_address>
         <size>0x2c</size>
         <input_file_ref idref="fl-16"/>
      </object_component>
      <object_component id="oc-50">
         <name>.debug_abbrev</name>
         <load_address>0x7a1</load_address>
         <run_address>0x7a1</run_address>
         <size>0x1b4</size>
         <input_file_ref idref="fl-17"/>
      </object_component>
      <object_component id="oc-55">
         <name>.debug_abbrev</name>
         <load_address>0x955</load_address>
         <run_address>0x955</run_address>
         <size>0x1db</size>
         <input_file_ref idref="fl-18"/>
      </object_component>
      <object_component id="oc-5b">
         <name>.debug_abbrev</name>
         <load_address>0xb30</load_address>
         <run_address>0xb30</run_address>
         <size>0x1bb</size>
         <input_file_ref idref="fl-19"/>
      </object_component>
      <object_component id="oc-60">
         <name>.debug_abbrev</name>
         <load_address>0xceb</load_address>
         <run_address>0xceb</run_address>
         <size>0x198</size>
         <input_file_ref idref="fl-1a"/>
      </object_component>
      <object_component id="oc-64">
         <name>.debug_abbrev</name>
         <load_address>0xe83</load_address>
         <run_address>0xe83</run_address>
[...]
         <name>_abort</name>
         <value>0x26932</value>
         <object_component_ref idref="oc-6d"/>
      </symbol>
      <symbol id="sm-1fc">
         <name>__cleanup_ptr</name>
         <value>0x67d8</value>
         <object_component_ref idref="oc-6a"/>
      </symbol>
      <symbol id="sm-1fd">
         <name>__dtors_ptr</name>
         <value>0x67dc</value>
         <object_component_ref idref="oc-6a"/>
      </symbol>
      <symbol id="sm-207">
         <name>_fclose</name>
         <value>0x261ee</value>
         <object_component_ref idref="oc-70"/>
      </symbol>
      <symbol id="sm-211">
         <name>__doflush</name>
         <value>0x25c5e</value>
         <object_component_ref idref="oc-74"/>
      </symbol>
      <symbol id="sm-212">
         <name>_fflush</name>
         <value>0x25cc7</value>
         <object_component_ref idref="oc-74"/>
      </symbol>
      <symbol id="sm-221">
         <name>__cleanup</name>
         <value>0x242fc</value>
         <object_component_ref idref="oc-78"/>
      </symbol>
      <symbol id="sm-222">
         <name>_fopen</name>
         <value>0x2441f</value>
         <object_component_ref idref="oc-78"/>
      </symbol>
      <symbol id="sm-223">
         <name>_freopen</name>
         <value>0x24356</value>
         <object_component_ref idref="oc-78"/>
      </symbol>
      <symbol id="sm-22d">
         <name>_fread</name>
         <value>0x256c4</value>
         <object_component_ref idref="oc-7e"/>
      </symbol>
      <symbol id="sm-239">
         <name>_fwrite</name>
         <value>0x24b86</value>
         <object_component_ref idref="oc-82"/>
      </symbol>
      <symbol id="sm-24b">
         <name>_add_device</name>
         <value>0x22cc0</value>
         <object_component_ref idref="oc-86"/>
      </symbol>
      <symbol id="sm-24c">
         <name>_rename</name>
         <value>0x229e2</value>
         <object_component_ref idref="oc-86"/>
      </symbol>
      <symbol id="sm-24d">
         <name>_read</name>
         <value>0x22a71</value>
         <object_component_ref idref="oc-86"/>
      </symbol>
      <symbol id="sm-24e">
         <name>_unlink</name>
         <value>0x229af</value>
         <object_component_ref idref="oc-86"/>
      </symbol>
      <symbol id="sm-24f">
         <name>_remove_device</name>
         <value>0x22a3b</value>
         <object_component_ref idref="oc-86"/>
      </symbol>
      <symbol id="sm-250">
         <name>_open</name>
         <value>0x22b1f</value>
         <object_component_ref idref="oc-86"/>
      </symbol>
      <symbol id="sm-251">
         <name>_find_registered_device</name>
         <value>0x22c44</value>
         <object_component_ref idref="oc-86"/>
      </symbol>
      <symbol id="sm-252">
         <name>_lseek</name>
         <value>0x22bde</value>
         <object_component_ref idref="oc-86"/>
      </symbol>
      <symbol id="sm-253">
         <name>_close</name>
         <value>0x22c4d</value>
         <object_component_ref idref="oc-86"/>
      </symbol>
      <symbol id="sm-254">
         <name>_write</name>
         <value>0x2286d</value>
         <object_component_ref idref="oc-86"/>
      </symbol>
      <symbol id="sm-25c">
         <name>_memcpy</name>
         <value>0x2679d</value>
         <object_component_ref idref="oc-8c"/>
      </symbol>
      <symbol id="sm-26c">
         <name>__sys_memory</name>
         <value>0x30c0</value>
         <object_component_ref idref="oc-94"/>
      </symbol>
      <symbol id="sm-26d">
         <name>_chkheap</name>
         <value>0x2375f</value>
         <object_component_ref idref="oc-90"/>
      </symbol>
      <symbol id="sm-26e">
         <name>_realloc</name>
         <value>0x234fe</value>
         <object_component_ref idref="oc-90"/>
      </symbol>
      <symbol id="sm-26f">
         <name>_free_memory</name>
         <value>0x23709</value>
         <object_component_ref idref="oc-90"/>
      </symbol>
      <symbol id="sm-270">
         <name>_max_free</name>
         <value>0x236af</value>
         <object_component_ref idref="oc-90"/>
      </symbol>
      <symbol id="sm-271">
         <name>_free</name>
         <value>0x232d8</value>
         <object_component_ref idref="oc-90"/>
      </symbol>
      <symbol id="sm-272">
         <name>_calloc</name>
         <value>0x23767</value>
         <object_component_ref idref="oc-90"/>
      </symbol>
      <symbol id="sm-273">
         <name>_malloc</name>
         <value>0x23409</value>
         <object_component_ref idref="oc-90"/>
      </symbol>
      <symbol id="sm-274">
         <name>_minit</name>
         <value>0x233a4</value>
         <object_component_ref idref="oc-90"/>
      </symbol>
      <symbol id="sm-27e">
         <name>__mpyd</name>
         <value>0x25578</value>
         <object_component_ref idref="oc-97"/>
      </symbol>
      <symbol id="sm-288">
         <name>_printf</name>
         <value>0x26622</value>
         <object_component_ref idref="oc-9b"/>
      </symbol>
      <symbol id="sm-292">
         <name>_remove</name>
         <value>0x26928</value>
         <object_component_ref idref="oc-9f"/>
      </symbol>
      <symbol id="sm-29c">
         <name>__subd</name>
         <value>0x268df</value>
         <object_component_ref idref="oc-a3"/>
      </symbol>
      <symbol id="sm-2a8">
         <name>_HOSTopen</name>
         <value>0x230bb</value>
         <object_component_ref idref="oc-a7"/>
      </symbol>
      <symbol id="sm-2a9">
         <name>_HOSTread</name>
         <value>0x2302e</value>
         <object_component_ref idref="oc-a7"/>
      </symbol>
      <symbol id="sm-2aa">
         <name>_HOSTtime</name>
         <value>0x22f22</value>
         <object_component_ref idref="oc-a7"/>
      </symbol>
      <symbol id="sm-2ab">
         <name>_getenv</name>
         <value>0x22db0</value>
         <object_component_ref idref="oc-a7"/>
      </symbol>
      <symbol id="sm-2ac">
         <name>_HOSTrename</name>
         <value>0x22f80</value>
         <object_component_ref idref="oc-a7"/>
      </symbol>
      <symbol id="sm-2ad">
         <name>_HOSTclock</name>
         <value>0x2327a</value>
         <object_component_ref idref="oc-a7"/>
      </symbol>
      <symbol id="sm-2ae">
         <name>_HOSTwrite</name>
         <value>0x22e2b</value>
         <object_component_ref idref="oc-a7"/>
      </symbol>
      <symbol id="sm-2af">
         <name>_HOSTlseek</name>
         <value>0x2315a</value>
         <object_component_ref idref="oc-a7"/>
      </symbol>
      <symbol id="sm-2b0">
         <name>_HOSTunlink</name>
         <value>0x22eb8</value>
         <object_component_ref idref="oc-a7"/>
      </symbol>
      <symbol id="sm-2b1">
         <name>_HOSTclose</name>
         <value>0x2320f</value>
         <object_component_ref idref="oc-a7"/>
      </symbol>
      <symbol id="sm-2c3">
         <name>C$$IO$$</name>
         <value>0x25dd5</value>
         <object_component_ref idref="oc-af"/>
      </symbol>
      <symbol id="sm-2c4">
         <name>__CIOBUF_</name>
         <value>0x40318</value>
         <object_component_ref idref="oc-ae"/>
      </symbol>
      <symbol id="sm-2c5">
         <name>_readmsg</name>
         <value>0x26433</value>
         <object_component_ref idref="oc-ac"/>
      </symbol>
      <symbol id="sm-2c6">
         <name>_writemsg</name>
         <value>0x25d20</value>
         <object_component_ref idref="oc-af"/>
      </symbol>
      <symbol id="sm-2ce">
         <name>__remu</name>
         <value>0x2688d</value>
         <object_component_ref idref="oc-b2"/>
      </symbol>
      <symbol id="sm-2cf">
         <name>__divu</name>
         <value>0x26878</value>
         <object_component_ref idref="oc-b2"/>
      </symbol>
      <symbol id="sm-2d0">
         <name>I$$UMOD</name>
         <value>0x2688d</value>
         <object_component_ref idref="oc-b2"/>
      </symbol>
      <symbol id="sm-2d1">
         <name>I$$UDIV</name>
         <value>0x26878</value>
         <object_component_ref idref="oc-b2"/>
      </symbol>
      <symbol id="sm-2db">
         <name>_Reset</name>
         <value>0x4fe00</value>
         <object_component_ref idref="oc-12"/>
      </symbol>
      <symbol id="sm-2e5">
         <name>__buff_read</name>
         <value>0x25dda</value>
         <object_component_ref idref="oc-ba"/>
      </symbol>
      <symbol id="sm-2ef">
         <name>__rd_ok</name>
         <value>0x25b2b</value>
         <object_component_ref idref="oc-be"/>
      </symbol>
      <symbol id="sm-2f0">
         <name>__wrt_ok</name>
         <value>0x25aab</value>
         <object_component_ref idref="oc-be"/>
      </symbol>
      <symbol id="sm-2fe">
         <name>__unlock</name>
         <value>0x67d4</value>
         <object_component_ref idref="oc-c3"/>
      </symbol>
      <symbol id="sm-2ff">
         <name>__lock</name>
         <value>0x67d0</value>
         <object_component_ref idref="oc-c3"/>
      </symbol>
      <symbol id="sm-300">
         <name>__register_lock</name>
         <value>0x2690e</value>
         <object_component_ref idref="oc-c2"/>
      </symbol>
      <symbol id="sm-301">
         <name>__nop</name>
         <value>0x26916</value>
         <object_component_ref idref="oc-c2"/>
      </symbol>
      <symbol id="sm-302">
         <name>__register_unlock</name>
         <value>0x26906</value>
         <object_component_ref idref="oc-c2"/>
      </symbol>
      <symbol id="sm-314">
         <name>__printfi</name>
         <value>0x21362</value>
         <object_component_ref idref="oc-c8"/>
      </symbol>
      <symbol id="sm-31e">
         <name>__args_main</name>
         <value>0x266bf</value>
         <object_component_ref idref="oc-ce"/>
      </symbol>
      <symbol id="sm-31f">
         <name>__TI_args_main</name>
         <value>0x1</value>
      </symbol>
      <symbol id="sm-329">
         <name>_atoi</name>
         <value>0x26572</value>
         <object_component_ref idref="oc-d2"/>
      </symbol>
      <symbol id="sm-331">
         <name>_auto_init</name>
         <value>0x26672</value>
         <object_component_ref idref="oc-d6"/>
      </symbol>
      <symbol id="sm-33b">
         <name>__eqld</name>
         <value>0x24ed2</value>
         <object_component_ref idref="oc-da"/>
      </symbol>
      <symbol id="sm-33c">
         <name>__cmpd</name>
         <value>0x24f06</value>
         <object_component_ref idref="oc-da"/>
      </symbol>
      <symbol id="sm-33d">
         <name>__neqd</name>
         <value>0x24d74</value>
         <object_component_ref idref="oc-da"/>
      </symbol>
      <symbol id="sm-33e">
         <name>__gtrd</name>
         <value>0x24e3d</value>
         <object_component_ref idref="oc-da"/>
      </symbol>
      <symbol id="sm-33f">
         <name>__geqd</name>
         <value>0x24e88</value>
         <object_component_ref idref="oc-da"/>
      </symbol>
      <symbol id="sm-340">
         <name>__leqd</name>
         <value>0x24df0</value>
         <object_component_ref idref="oc-da"/>
      </symbol>
      <symbol id="sm-341">
         <name>__lssd</name>
         <value>0x24da8</value>
         <object_component_ref idref="oc-da"/>
      </symbol>
      <symbol id="sm-349">
         <name>__ctypes_</name>
         <value>0x7000</value>
         <object_component_ref idref="oc-144"/>
      </symbol>
      <symbol id="sm-353">
         <name>__tmpnams</name>
         <value>0x61b8</value>
         <object_component_ref idref="oc-e0"/>
      </symbol>
      <symbol id="sm-354">
         <name>__ft_end</name>
         <value>0x62f8</value>
         <object_component_ref idref="oc-e0"/>
      </symbol>
      <symbol id="sm-355">
         <name>__ftable</name>
         <value>0x60c8</value>
         <object_component_ref idref="oc-e0"/>
      </symbol>
      <symbol id="sm-361">
         <name>__divd</name>
         <value>0x2378d</value>
         <object_component_ref idref="oc-e4"/>
      </symbol>
      <symbol id="sm-36c">
         <name>__divul</name>
         <value>0x25f2e</value>
         <object_component_ref idref="oc-e8"/>
      </symbol>
      <symbol id="sm-376">
         <name>__fixdi</name>
         <value>0x2684e</value>
         <object_component_ref idref="oc-ec"/>
      </symbol>
      <symbol id="sm-380">
         <name>__fixdli</name>
         <value>0x263c4</value>
         <object_component_ref idref="oc-f0"/>
      </symbol>
      <symbol id="sm-38c">
         <name>__fltlid</name>
         <value>0x2650b</value>
         <object_component_ref idref="oc-f4"/>
      </symbol>
      <symbol id="sm-396">
         <name>_putchar</name>
         <value>0x25f1f</value>
         <object_component_ref idref="oc-f9"/>
      </symbol>
      <symbol id="sm-397">
         <name>_putc</name>
         <value>0x25e88</value>
         <object_component_ref idref="oc-f9"/>
      </symbol>
      <symbol id="sm-398">
         <name>_fputc</name>
         <value>0x25e88</value>
         <object_component_ref idref="oc-f9"/>
      </symbol>
      <symbol id="sm-3a6">
         <name>_puts</name>
         <value>0x253f8</value>
         <object_component_ref idref="oc-fd"/>
      </symbol>
      <symbol id="sm-3a7">
         <name>_fputs</name>
         <value>0x252c3</value>
         <object_component_ref idref="oc-fd"/>
      </symbol>
      <symbol id="sm-3b1">
         <name>__frcmpyd</name>
         <value>0x26269</value>
         <object_component_ref idref="oc-102"/>
      </symbol>
      <symbol id="sm-3bb">
         <name>__frcmpyd_div</name>
         <value>0x262df</value>
         <object_component_ref idref="oc-106"/>
      </symbol>
      <symbol id="sm-3c5">
         <name>_fseek</name>
         <value>0x264a0</value>
         <object_component_ref idref="oc-10a"/>
      </symbol>
      <symbol id="sm-3cf">
         <name>___isinf</name>
         <value>0x268c5</value>
         <object_component_ref idref="oc-10e"/>
      </symbol>
      <symbol id="sm-3d9">
         <name>__divull</name>
         <value>0x24803</value>
         <object_component_ref idref="oc-112"/>
      </symbol>
      <symbol id="sm-3da">
         <name>__mpylli</name>
         <value>0x2474b</value>
         <object_component_ref idref="oc-112"/>
      </symbol>
      <symbol id="sm-3db">
         <name>__remlli</name>
         <value>0x2471c</value>
         <object_component_ref idref="oc-112"/>
      </symbol>
      <symbol id="sm-3dc">
         <name>__divlli</name>
         <value>0x248f7</value>
         <object_component_ref idref="oc-112"/>
      </symbol>
      <symbol id="sm-3dd">
         <name>__remull</name>
         <value>0x246ce</value>
         <object_component_ref idref="oc-112"/>
      </symbol>
      <symbol id="sm-3e5">
         <name>__mpyli</name>
         <value>0x268f3</value>
         <object_component_ref idref="oc-116"/>
      </symbol>
      <symbol id="sm-3e6">
         <name>I$$LMPY</name>
         <value>0x268f3</value>
         <object_component_ref idref="oc-116"/>
      </symbol>
      <symbol id="sm-3f0">
         <name>_ltoa</name>
         <value>0x26171</value>
         <object_component_ref idref="oc-11a"/>
      </symbol>
      <symbol id="sm-3fb">
         <name>_memccpy</name>
         <value>0x268a2</value>
         <object_component_ref idref="oc-11e"/>
      </symbol>
      <symbol id="sm-405">
         <name>__negd</name>
         <value>0x26918</value>
         <object_component_ref idref="oc-122"/>
      </symbol>
      <symbol id="sm-40f">
         <name>__remli</name>
         <value>0x2670a</value>
         <object_component_ref idref="oc-126"/>
      </symbol>
      <symbol id="sm-41a">
         <name>__remul</name>
         <value>0x26352</value>
         <object_component_ref idref="oc-12a"/>
      </symbol>
      <symbol id="sm-424">
         <name>_setvbuf</name>
         <value>0x259c5</value>
         <object_component_ref idref="oc-12e"/>
      </symbol>
      <symbol id="sm-42e">
         <name>__divli</name>
         <value>0x26755</value>
         <object_component_ref idref="oc-132"/>
      </symbol>
      <symbol id="sm-4ab">
         <name>_I2C_eventEnable</name>
         <value>0x21ee4</value>
         <object_component_ref idref="oc-136"/>
      </symbol>
      <symbol id="sm-4ac">
         <name>_I2C_setCallback</name>
         <value>0x22137</value>
         <object_component_ref idref="oc-136"/>
      </symbol>
      <symbol id="sm-4ad">
         <name>_I2C_init</name>
         <value>0x215a4</value>
         <object_component_ref idref="oc-136"/>
      </symbol>
      <symbol id="sm-4ae">
         <name>_I2C_config</name>
         <value>0x2164d</value>
         <object_component_ref idref="oc-136"/>
      </symbol>
      <symbol id="sm-4af">
         <name>_gI2cObj</name>
         <value>0x6784</value>
         <object_component_ref idref="oc-137"/>
      </symbol>
      <symbol id="sm-4b0">
         <name>_I2C_getConfig</name>
         <value>0x217b2</value>
         <object_component_ref idref="oc-136"/>
      </symbol>
      <symbol id="sm-4b1">
         <name>_I2C_setup</name>
         <value>0x21888</value>
         <object_component_ref idref="oc-136"/>
      </symbol>
      <symbol id="sm-4b2">
         <name>_I2C_write</name>
         <value>0x21a82</value>
         <object_component_ref idref="oc-136"/>
      </symbol>
      <symbol id="sm-4b3">
         <name>_I2C_read</name>
         <value>0x21cc6</value>
         <object_component_ref idref="oc-136"/>
      </symbol>
      <symbol id="sm-4b4">
         <name>_I2C_eventDisable</name>
         <value>0x22018</value>
         <object_component_ref idref="oc-136"/>
      </symbol>
      <symbol id="sm-4b5">
         <name>_I2C_getEventId</name>
         <value>0x221c4</value>
         <object_component_ref idref="oc-136"/>
      </symbol>
      <symbol id="sm-4b6">
         <name>_i2cHandle</name>
         <value>0x67a4</value>
         <object_component_ref idref="oc-137"/>
      </symbol>
      <symbol id="sm-4fb">
         <name>_GPIO_write</name>
         <value>0x223d8</value>
         <object_component_ref idref="oc-13c"/>
      </symbol>
      <symbol id="sm-4fc">
         <name>_GPIO_read</name>
         <value>0x22355</value>
         <object_component_ref idref="oc-13c"/>
      </symbol>
      <symbol id="sm-4fd">
         <name>_GPIO_close</name>
         <value>0x22224</value>
         <object_component_ref idref="oc-13c"/>
      </symbol>
      <symbol id="sm-4fe">
         <name>_GPIO_enableInt</name>
         <value>0x22641</value>
         <object_component_ref idref="oc-13c"/>
      </symbol>
      <symbol id="sm-4ff">
         <name>_GPIO_clearInt</name>
         <value>0x226cb</value>
         <object_component_ref idref="oc-13c"/>
      </symbol>
      <symbol id="sm-500">
         <name>_GPIO_statusBit</name>
         <value>0x22757</value>
         <object_component_ref idref="oc-13c"/>
      </symbol>
      <symbol id="sm-501">
         <name>_GPIO_configBit</name>
         <value>0x2247b</value>
         <object_component_ref idref="oc-13c"/>
      </symbol>
      <symbol id="sm-502">
         <name>_GPIO_reset</name>
         <value>0x227de</value>
         <object_component_ref idref="oc-13c"/>
      </symbol>
      <symbol id="sm-503">
         <name>_GPIO_getConfig</name>
         <value>0x222cd</value>
         <object_component_ref idref="oc-13c"/>
      </symbol>
      <symbol id="sm-504">
         <name>_GPIO_disableInt</name>
         <value>0x225c3</value>
         <object_component_ref idref="oc-13c"/>
      </symbol>
      <symbol id="sm-505">
         <name>_GPIO_config</name>
         <value>0x22248</value>
         <object_component_ref idref="oc-13c"/>
      </symbol>
      <symbol id="sm-506">
         <name>_GPIO_open</name>
         <value>0x221e0</value>
         <object_component_ref idref="oc-13c"/>
      </symbol>
   </symbol_table>
</link_info>
