<?xml version="1.0"?>
<link_info>
   <banner>TMS320C55x Linker PC v4.4.1</banner>
   <copyright>Copyright (c) 1996-2012 Texas Instruments Incorporated</copyright>
   <link_time>0x5a2f17ad</link_time>
   <output_file>NoiseRemoval Sim.out</output_file>
   <entry_point>
      <name>_c_int00</name>
      <address>0x24b89</address>
   </entry_point>
   <input_file_list>
      <input_file id="fl-2">
         <path>.\</path>
         <kind>object</kind>
         <file>aic3204.obj</file>
         <name>aic3204.obj</name>
      </input_file>
      <input_file id="fl-3">
         <path>.\</path>
         <kind>object</kind>
         <file>aic3204_init.obj</file>
         <name>aic3204_init.obj</name>
      </input_file>
      <input_file id="fl-4">
         <path>.\</path>
         <kind>object</kind>
         <file>ezdsp5535_aic3204_dma.obj</file>
         <name>ezdsp5535_aic3204_dma.obj</name>
      </input_file>
      <input_file id="fl-5">
         <path>.\</path>
         <kind>object</kind>
         <file>iir.obj</file>
         <name>iir.obj</name>
      </input_file>
      <input_file id="fl-6">
         <path>.\</path>
         <kind>object</kind>
         <file>main.obj</file>
         <name>main.obj</name>
      </input_file>
      <input_file id="fl-7">
         <path>.\</path>
         <kind>object</kind>
         <file>print_number.obj</file>
         <name>print_number.obj</name>
      </input_file>
      <input_file id="fl-8">
         <path>.\</path>
         <kind>object</kind>
         <file>window.obj</file>
         <name>window.obj</name>
      </input_file>
      <input_file id="fl-13">
         <path>..\lib\</path>
         <kind>archive</kind>
         <file>ezdsp5535bsl.lib</file>
         <name>ezdsp5535.obj</name>
      </input_file>
      <input_file id="fl-27">
         <path>D:\ti\ccsv6\tools\compiler\c5500_4.4.1\lib\</path>
         <kind>archive</kind>
         <file>rts55x.lib</file>
         <name>addd.obj</name>
      </input_file>
      <input_file id="fl-28">
         <path>D:\ti\ccsv6\tools\compiler\c5500_4.4.1\lib\</path>
         <kind>archive</kind>
         <file>rts55x.lib</file>
         <name>boot.obj</name>
      </input_file>
      <input_file id="fl-29">
         <path>D:\ti\ccsv6\tools\compiler\c5500_4.4.1\lib\</path>
         <kind>archive</kind>
         <file>rts55x.lib</file>
         <name>exit.obj</name>
      </input_file>
      <input_file id="fl-2a">
         <path>D:\ti\ccsv6\tools\compiler\c5500_4.4.1\lib\</path>
         <kind>archive</kind>
         <file>rts55x.lib</file>
         <name>fclose.obj</name>
      </input_file>
      <input_file id="fl-2b">
         <path>D:\ti\ccsv6\tools\compiler\c5500_4.4.1\lib\</path>
         <kind>archive</kind>
         <file>rts55x.lib</file>
         <name>fflush.obj</name>
      </input_file>
      <input_file id="fl-2c">
         <path>D:\ti\ccsv6\tools\compiler\c5500_4.4.1\lib\</path>
         <kind>archive</kind>
         <file>rts55x.lib</file>
         <name>fopen.obj</name>
      </input_file>
      <input_file id="fl-2d">
         <path>D:\ti\ccsv6\tools\compiler\c5500_4.4.1\lib\</path>
         <kind>archive</kind>
         <file>rts55x.lib</file>
         <name>fread.obj</name>
      </input_file>
      <input_file id="fl-2e">
         <path>D:\ti\ccsv6\tools\compiler\c5500_4.4.1\lib\</path>
         <kind>archive</kind>
         <file>rts55x.lib</file>
         <name>fwrite.obj</name>
      </input_file>
      <input_file id="fl-2f">
         <path>D:\ti\ccsv6\tools\compiler\c5500_4.4.1\lib\</path>
         <kind>archive</kind>
         <file>rts55x.lib</file>
         <name>lowlev.obj</name>
      </input_file>
      <input_file id="fl-30">
         <path>D:\ti\ccsv6\tools\compiler\c5500_4.4.1\lib\</path>
         <kind>archive</kind>
         <file>rts55x.lib</file>
         <name>memcpy.obj</name>
      </input_file>
      <input_file id="fl-31">
         <path>D:\ti\ccsv6\tools\compiler\c5500_4.4.1\lib\</path>
         <kind>archive</kind>
         <file>rts55x.lib</file>
         <name>memory.obj</name>
      </input_file>
      <input_file id="fl-32">
         <path>D:\ti\ccsv6\tools\compiler\c5500_4.4.1\lib\</path>
         <kind>archive</kind>
         <file>rts55x.lib</file>
         <name>memset.obj</name>
      </input_file>
      <input_file id="fl-33">
         <path>D:\ti\ccsv6\tools\compiler\c5500_4.4.1\lib\</path>
         <kind>archive</kind>
         <file>rts55x.lib</file>
         <name>mpyd.obj</name>
      </input_file>
      <input_file id="fl-34">
         <path>D:\ti\ccsv6\tools\compiler\c5500_4.4.1\lib\</path>
         <kind>archive</kind>
         <file>rts55x.lib</file>
         <name>printf.obj</name>
      </input_file>
      <input_file id="fl-35">
         <path>D:\ti\ccsv6\tools\compiler\c5500_4.4.1\lib\</path>
         <kind>archive</kind>
         <file>rts55x.lib</file>
         <name>remove.obj</name>
      </input_file>
      <input_file id="fl-36">
         <path>D:\ti\ccsv6\tools\compiler\c5500_4.4.1\lib\</path>
         <kind>archive</kind>
         <file>rts55x.lib</file>
         <name>subd.obj</name>
      </input_file>
      <input_file id="fl-37">
         <path>D:\ti\ccsv6\tools\compiler\c5500_4.4.1\lib\</path>
         <kind>archive</kind>
         <file>rts55x.lib</file>
         <name>trgdrv.obj</name>
      </input_file>
      <input_file id="fl-38">
         <path>D:\ti\ccsv6\tools\compiler\c5500_4.4.1\lib\</path>
         <kind>archive</kind>
         <file>rts55x.lib</file>
         <name>trgmsg.obj</name>
      </input_file>
      <input_file id="fl-39">
         <path>D:\ti\ccsv6\tools\compiler\c5500_4.4.1\lib\</path>
         <kind>archive</kind>
         <file>rts55x.lib</file>
         <name>udiv.obj</name>
      </input_file>
      <input_file id="fl-3a">
         <path>D:\ti\ccsv6\tools\compiler\c5500_4.4.1\lib\</path>
         <kind>archive</kind>
         <file>rts55x.lib</file>
         <name>vectors.obj</name>
      </input_file>
      <input_file id="fl-3b">
         <path>D:\ti\ccsv6\tools\compiler\c5500_4.4.1\lib\</path>
         <kind>archive</kind>
         <file>rts55x.lib</file>
         <name>_bufread.obj</name>
      </input_file>
      <input_file id="fl-3c">
         <path>D:\ti\ccsv6\tools\compiler\c5500_4.4.1\lib\</path>
         <kind>archive</kind>
         <file>rts55x.lib</file>
         <name>_io_perm.obj</name>
      </input_file>
      <input_file id="fl-3d">
         <path>D:\ti\ccsv6\tools\compiler\c5500_4.4.1\lib\</path>
         <kind>archive</kind>
         <file>rts55x.lib</file>
         <name>_lock.obj</name>
      </input_file>
      <input_file id="fl-3e">
         <path>D:\ti\ccsv6\tools\compiler\c5500_4.4.1\lib\</path>
         <kind>archive</kind>
         <file>rts55x.lib</file>
         <name>_printfi.obj</name>
      </input_file>
      <input_file id="fl-3f">
         <path>D:\ti\ccsv6\tools\compiler\c5500_4.4.1\lib\</path>
         <kind>archive</kind>
         <file>rts55x.lib</file>
         <name>args_main.obj</name>
      </input_file>
      <input_file id="fl-40">
         <path>D:\ti\ccsv6\tools\compiler\c5500_4.4.1\lib\</path>
         <kind>archive</kind>
         <file>rts55x.lib</file>
         <name>atoi.obj</name>
      </input_file>
      <input_file id="fl-41">
         <path>D:\ti\ccsv6\tools\compiler\c5500_4.4.1\lib\</path>
         <kind>archive</kind>
         <file>rts55x.lib</file>
         <name>autoinit.obj</name>
      </input_file>
      <input_file id="fl-42">
         <path>D:\ti\ccsv6\tools\compiler\c5500_4.4.1\lib\</path>
         <kind>archive</kind>
         <file>rts55x.lib</file>
         <name>cmpd.obj</name>
      </input_file>
      <input_file id="fl-43">
         <path>D:\ti\ccsv6\tools\compiler\c5500_4.4.1\lib\</path>
         <kind>archive</kind>
         <file>rts55x.lib</file>
         <name>ctype.obj</name>
      </input_file>
      <input_file id="fl-44">
         <path>D:\ti\ccsv6\tools\compiler\c5500_4.4.1\lib\</path>
         <kind>archive</kind>
         <file>rts55x.lib</file>
         <name>defs.obj</name>
      </input_file>
      <input_file id="fl-45">
         <path>D:\ti\ccsv6\tools\compiler\c5500_4.4.1\lib\</path>
         <kind>archive</kind>
         <file>rts55x.lib</file>
         <name>divd.obj</name>
      </input_file>
      <input_file id="fl-46">
         <path>D:\ti\ccsv6\tools\compiler\c5500_4.4.1\lib\</path>
         <kind>archive</kind>
         <file>rts55x.lib</file>
         <name>divul.obj</name>
      </input_file>
      <input_file id="fl-47">
         <path>D:\ti\ccsv6\tools\compiler\c5500_4.4.1\lib\</path>
         <kind>archive</kind>
         <file>rts55x.lib</file>
         <name>fixdi.obj</name>
      </input_file>
      <input_file id="fl-48">
         <path>D:\ti\ccsv6\tools\compiler\c5500_4.4.1\lib\</path>
         <kind>archive</kind>
         <file>rts55x.lib</file>
         <name>fixdli.obj</name>
      </input_file>
      <input_file id="fl-49">
         <path>D:\ti\ccsv6\tools\compiler\c5500_4.4.1\lib\</path>
         <kind>archive</kind>
         <file>rts55x.lib</file>
         <name>fltlid.obj</name>
      </input_file>
      <input_file id="fl-4a">
         <path>D:\ti\ccsv6\tools\compiler\c5500_4.4.1\lib\</path>
         <kind>archive</kind>
         <file>rts55x.lib</file>
         <name>fputc.obj</name>
      </input_file>
      <input_file id="fl-4b">
         <path>D:\ti\ccsv6\tools\compiler\c5500_4.4.1\lib\</path>
         <kind>archive</kind>
         <file>rts55x.lib</file>
         <name>fputs.obj</name>
      </input_file>
      <input_file id="fl-4c">
         <path>D:\ti\ccsv6\tools\compiler\c5500_4.4.1\lib\</path>
         <kind>archive</kind>
         <file>rts55x.lib</file>
         <name>frcmpyd.obj</name>
      </input_file>
      <input_file id="fl-4d">
         <path>D:\ti\ccsv6\tools\compiler\c5500_4.4.1\lib\</path>
         <kind>archive</kind>
         <file>rts55x.lib</file>
         <name>frcmpyd_div.obj</name>
      </input_file>
      <input_file id="fl-4e">
         <path>D:\ti\ccsv6\tools\compiler\c5500_4.4.1\lib\</path>
         <kind>archive</kind>
         <file>rts55x.lib</file>
         <name>fseek.obj</name>
      </input_file>
      <input_file id="fl-4f">
         <path>D:\ti\ccsv6\tools\compiler\c5500_4.4.1\lib\</path>
         <kind>archive</kind>
         <file>rts55x.lib</file>
         <name>isinf.obj</name>
      </input_file>
      <input_file id="fl-50">
         <path>D:\ti\ccsv6\tools\compiler\c5500_4.4.1\lib\</path>
         <kind>archive</kind>
         <file>rts55x.lib</file>
         <name>llmpy.obj</name>
      </input_file>
      <input_file id="fl-51">
         <path>D:\ti\ccsv6\tools\compiler\c5500_4.4.1\lib\</path>
         <kind>archive</kind>
         <file>rts55x.lib</file>
         <name>lmpy.obj</name>
      </input_file>
      <input_file id="fl-52">
         <path>D:\ti\ccsv6\tools\compiler\c5500_4.4.1\lib\</path>
         <kind>archive</kind>
         <file>rts55x.lib</file>
         <name>ltoa.obj</name>
      </input_file>
      <input_file id="fl-53">
         <path>D:\ti\ccsv6\tools\compiler\c5500_4.4.1\lib\</path>
         <kind>archive</kind>
         <file>rts55x.lib</file>
         <name>memccpy.obj</name>
      </input_file>
      <input_file id="fl-54">
         <path>D:\ti\ccsv6\tools\compiler\c5500_4.4.1\lib\</path>
         <kind>archive</kind>
         <file>rts55x.lib</file>
         <name>negd.obj</name>
      </input_file>
      <input_file id="fl-55">
         <path>D:\ti\ccsv6\tools\compiler\c5500_4.4.1\lib\</path>
         <kind>archive</kind>
         <file>rts55x.lib</file>
         <name>remli.obj</name>
      </input_file>
      <input_file id="fl-56">
         <path>D:\ti\ccsv6\tools\compiler\c5500_4.4.1\lib\</path>
         <kind>archive</kind>
         <file>rts55x.lib</file>
         <name>remul.obj</name>
      </input_file>
      <input_file id="fl-57">
         <path>D:\ti\ccsv6\tools\compiler\c5500_4.4.1\lib\</path>
         <kind>archive</kind>
         <file>rts55x.lib</file>
         <name>setvbuf.obj</name>
      </input_file>
      <input_file id="fl-58">
         <path>D:\ti\ccsv6\tools\compiler\c5500_4.4.1\lib\</path>
         <kind>archive</kind>
         <file>rts55x.lib</file>
         <name>divli.obj</name>
      </input_file>
   </input_file_list>
   <object_component_list>
      <object_component id="oc-b1">
         <name>.text</name>
         <load_address>0x20000</load_address>
         <run_address>0x20000</run_address>
         <size>0x15a4</size>
         <input_file_ref idref="fl-3e"/>
      </object_component>
      <object_component id="oc-6b">
         <name>.text</name>
         <load_address>0x215a4</load_address>
         <run_address>0x215a4</run_address>
         <size>0x543</size>
         <input_file_ref idref="fl-2f"/>
      </object_component>
      <object_component id="oc-90">
         <name>.text</name>
         <load_address>0x21ae7</load_address>
         <run_address>0x21ae7</run_address>
         <size>0x528</size>
         <input_file_ref idref="fl-37"/>
      </object_component>
      <object_component id="oc-75">
         <name>.text</name>
         <load_address>0x2200f</load_address>
         <run_address>0x2200f</run_address>
         <size>0x4b5</size>
         <input_file_ref idref="fl-31"/>
      </object_component>
      <object_component id="oc-cd">
         <name>.text</name>
         <load_address>0x224c4</load_address>
         <run_address>0x224c4</run_address>
         <size>0x3cc</size>
         <input_file_ref idref="fl-45"/>
      </object_component>
      <object_component id="oc-28">
         <name>.text</name>
         <load_address>0x22890</load_address>
         <run_address>0x22890</run_address>
         <size>0x3b0</size>
         <input_file_ref idref="fl-5"/>
      </object_component>
      <object_component id="oc-5d">
         <name>.text</name>
         <load_address>0x22c40</load_address>
         <run_address>0x22c40</run_address>
         <size>0x27f</size>
         <input_file_ref idref="fl-2c"/>
      </object_component>
      <object_component id="oc-fb">
         <name>.text</name>
         <load_address>0x22ebf</load_address>
         <run_address>0x22ebf</run_address>
         <size>0x25e</size>
         <input_file_ref idref="fl-50"/>
      </object_component>
      <object_component id="oc-46">
         <name>.text</name>
         <load_address>0x2311d</load_address>
         <run_address>0x2311d</run_address>
         <size>0x25a</size>
         <input_file_ref idref="fl-27"/>
      </object_component>
      <object_component id="oc-67">
         <name>.text</name>
         <load_address>0x23377</load_address>
         <run_address>0x23377</run_address>
         <size>0x1ee</size>
         <input_file_ref idref="fl-2e"/>
      </object_component>
      <object_component id="oc-c3">
         <name>.text</name>
         <load_address>0x23565</load_address>
         <run_address>0x23565</run_address>
         <size>0x1ea</size>
         <input_file_ref idref="fl-42"/>
      </object_component>
      <object_component id="oc-e6">
         <name>.text</name>
         <load_address>0x2374f</load_address>
         <run_address>0x2374f</run_address>
         <size>0x163</size>
         <input_file_ref idref="fl-4b"/>
      </object_component>
      <object_component id="oc-22">
         <name>.text</name>
         <load_address>0x238b2</load_address>
         <run_address>0x238b2</run_address>
         <size>0x152</size>
         <input_file_ref idref="fl-4"/>
      </object_component>
      <object_component id="oc-80">
         <name>.text</name>
         <load_address>0x23a04</load_address>
         <run_address>0x23a04</run_address>
         <size>0x14c</size>
         <input_file_ref idref="fl-33"/>
      </object_component>
      <object_component id="oc-2e">
         <name>.text</name>
         <load_address>0x23b50</load_address>
         <run_address>0x23b50</run_address>
         <size>0x11a</size>
         <input_file_ref idref="fl-6"/>
      </object_component>
      <object_component id="oc-63">
         <name>.text</name>
         <load_address>0x23c6a</load_address>
         <run_address>0x23c6a</run_address>
         <size>0x10f</size>
         <input_file_ref idref="fl-2d"/>
      </object_component>
      <object_component id="oc-13">
         <name>.text</name>
         <load_address>0x23d79</load_address>
         <run_address>0x23d79</run_address>
         <size>0xfc</size>
         <input_file_ref idref="fl-2"/>
      </object_component>
      <object_component id="oc-1a">
         <name>.text</name>
         <load_address>0x23e75</load_address>
         <run_address>0x23e75</run_address>
         <size>0xf6</size>
         <input_file_ref idref="fl-3"/>
      </object_component>
      <object_component id="oc-117">
         <name>.text</name>
         <load_address>0x23f6b</load_address>
         <run_address>0x23f6b</run_address>
         <size>0xe6</size>
         <input_file_ref idref="fl-57"/>
      </object_component>
      <object_component id="oc-a7">
         <name>.text</name>
         <load_address>0x24051</load_address>
         <run_address>0x24051</run_address>
         <size>0xdd</size>
         <input_file_ref idref="fl-3c"/>
      </object_component>
      <object_component id="oc-59">
         <name>.text</name>
         <load_address>0x2412e</load_address>
         <run_address>0x2412e</run_address>
         <size>0xc2</size>
         <input_file_ref idref="fl-2b"/>
      </object_component>
      <object_component id="oc-98">
         <name>.text:CIO_breakpoint</name>
         <load_address>0x241f0</load_address>
         <run_address>0x241f0</run_address>
         <size>0xba</size>
         <input_file_ref idref="fl-38"/>
      </object_component>
      <object_component id="oc-a3">
         <name>.text</name>
         <load_address>0x242aa</load_address>
         <run_address>0x242aa</run_address>
         <size>0xae</size>
         <input_file_ref idref="fl-3b"/>
      </object_component>
      <object_component id="oc-e2">
         <name>.text</name>
         <load_address>0x24358</load_address>
         <run_address>0x24358</run_address>
         <size>0xa6</size>
         <input_file_ref idref="fl-4a"/>
      </object_component>
      <object_component id="oc-d1">
         <name>.text</name>
         <load_address>0x243fe</load_address>
         <run_address>0x243fe</run_address>
         <size>0xa1</size>
         <input_file_ref idref="fl-46"/>
      </object_component>
      <object_component id="oc-103">
         <name>.text</name>
         <load_address>0x2449f</load_address>
         <run_address>0x2449f</run_address>
         <size>0x7d</size>
         <input_file_ref idref="fl-52"/>
      </object_component>
      <object_component id="oc-55">
         <name>.text</name>
         <load_address>0x2451c</load_address>
         <run_address>0x2451c</run_address>
         <size>0x7b</size>
         <input_file_ref idref="fl-2a"/>
      </object_component>
      <object_component id="oc-eb">
         <name>.text</name>
         <load_address>0x24597</load_address>
         <run_address>0x24597</run_address>
         <size>0x76</size>
         <input_file_ref idref="fl-4c"/>
      </object_component>
      <object_component id="oc-ef">
         <name>.text</name>
         <load_address>0x2460d</load_address>
         <run_address>0x2460d</run_address>
         <size>0x73</size>
         <input_file_ref idref="fl-4d"/>
      </object_component>
      <object_component id="oc-113">
         <name>.text</name>
         <load_address>0x24680</load_address>
         <run_address>0x24680</run_address>
         <size>0x72</size>
         <input_file_ref idref="fl-56"/>
      </object_component>
      <object_component id="oc-d9">
         <name>.text</name>
         <load_address>0x246f2</load_address>
         <run_address>0x246f2</run_address>
         <size>0x6f</size>
         <input_file_ref idref="fl-48"/>
      </object_component>
      <object_component id="oc-95">
         <name>.text</name>
         <load_address>0x24761</load_address>
         <run_address>0x24761</run_address>
         <size>0x6d</size>
         <input_file_ref idref="fl-38"/>
      </object_component>
      <object_component id="oc-f3">
         <name>.text</name>
         <load_address>0x247ce</load_address>
         <run_address>0x247ce</run_address>
         <size>0x6b</size>
         <input_file_ref idref="fl-4e"/>
      </object_component>
      <object_component id="oc-dd">
         <name>.text</name>
         <load_address>0x24839</load_address>
         <run_address>0x24839</run_address>
         <size>0x67</size>
         <input_file_ref idref="fl-49"/>
      </object_component>
      <object_component id="oc-bb">
         <name>.text</name>
         <load_address>0x248a0</load_address>
         <run_address>0x248a0</run_address>
         <size>0x5c</size>
         <input_file_ref idref="fl-40"/>
      </object_component>
      <object_component id="oc-41">
         <name>.text</name>
         <load_address>0x248fc</load_address>
         <run_address>0x248fc</run_address>
         <size>0x54</size>
         <input_file_ref idref="fl-13"/>
      </object_component>
      <object_component id="oc-84">
         <name>.text</name>
         <load_address>0x24950</load_address>
         <run_address>0x24950</run_address>
         <size>0x50</size>
         <input_file_ref idref="fl-34"/>
      </object_component>
      <object_component id="oc-bf">
         <name>.text</name>
         <load_address>0x249a0</load_address>
         <run_address>0x249a0</run_address>
         <size>0x4d</size>
         <input_file_ref idref="fl-41"/>
      </object_component>
      <object_component id="oc-b7">
         <name>.text</name>
         <load_address>0x249ed</load_address>
         <run_address>0x249ed</run_address>
         <size>0x4b</size>
         <input_file_ref idref="fl-3f"/>
      </object_component>
      <object_component id="oc-10f">
         <name>.text</name>
         <load_address>0x24a38</load_address>
         <run_address>0x24a38</run_address>
         <size>0x4b</size>
         <input_file_ref idref="fl-55"/>
      </object_component>
      <object_component id="oc-11b">
         <name>.text</name>
         <load_address>0x24a83</load_address>
         <run_address>0x24a83</run_address>
         <size>0x48</size>
         <input_file_ref idref="fl-58"/>
      </object_component>
      <object_component id="oc-36">
         <name>.text</name>
         <load_address>0x24acb</load_address>
         <run_address>0x24acb</run_address>
         <size>0x41</size>
         <input_file_ref idref="fl-7"/>
      </object_component>
      <object_component id="oc-71">
         <name>.text</name>
         <load_address>0x24b0c</load_address>
         <run_address>0x24b0c</run_address>
         <size>0x3f</size>
         <input_file_ref idref="fl-30"/>
      </object_component>
      <object_component id="oc-4e">
         <name>.text</name>
         <load_address>0x24b4b</load_address>
         <run_address>0x24b4b</run_address>
         <size>0x3e</size>
         <input_file_ref idref="fl-29"/>
      </object_component>
      <object_component id="oc-11">
         <name>.text</name>
         <load_address>0x24b89</load_address>
         <run_address>0x24b89</run_address>
         <size>0x34</size>
         <input_file_ref idref="fl-28"/>
      </object_component>
      <object_component id="oc-d5">
         <name>.text</name>
         <load_address>0x24bbd</load_address>
         <run_address>0x24bbd</run_address>
         <size>0x2a</size>
         <input_file_ref idref="fl-47"/>
      </object_component>
      <object_component id="oc-9b">
         <name>.text</name>
         <load_address>0x24be7</load_address>
         <run_address>0x24be7</run_address>
         <size>0x2a</size>
         <input_file_ref idref="fl-39"/>
      </object_component>
      <object_component id="oc-107">
         <name>.text</name>
         <load_address>0x24c11</load_address>
         <run_address>0x24c11</run_address>
         <size>0x23</size>
         <input_file_ref idref="fl-53"/>
      </object_component>
      <object_component id="oc-f7">
         <name>.text</name>
         <load_address>0x24c34</load_address>
         <run_address>0x24c34</run_address>
         <size>0x1a</size>
         <input_file_ref idref="fl-4f"/>
      </object_component>
      <object_component id="oc-8c">
         <name>.text</name>
         <load_address>0x24c4e</load_address>
         <run_address>0x24c4e</run_address>
         <size>0x14</size>
         <input_file_ref idref="fl-36"/>
      </object_component>
      <object_component id="oc-ff">
         <name>.text</name>
         <load_address>0x24c62</load_address>
         <run_address>0x24c62</run_address>
         <size>0x13</size>
         <input_file_ref idref="fl-51"/>
      </object_component>
      <object_component id="oc-ab">
         <name>.text</name>
         <load_address>0x24c75</load_address>
         <run_address>0x24c75</run_address>
         <size>0x12</size>
         <input_file_ref idref="fl-3d"/>
      </object_component>
      <object_component id="oc-7c">
         <name>.text</name>
         <load_address>0x24c87</load_address>
         <run_address>0x24c87</run_address>
         <size>0x11</size>
         <input_file_ref idref="fl-32"/>
      </object_component>
      <object_component id="oc-10b">
         <name>.text</name>
         <load_address>0x24c98</load_address>
         <run_address>0x24c98</run_address>
         <size>0x10</size>
         <input_file_ref idref="fl-54"/>
      </object_component>
      <object_component id="oc-88">
         <name>.text</name>
         <load_address>0x24ca8</load_address>
         <run_address>0x24ca8</run_address>
         <size>0xa</size>
         <input_file_ref idref="fl-35"/>
      </object_component>
      <object_component id="oc-52">
         <name>.text:CIO_breakpoint</name>
         <load_address>0x24cb2</load_address>
         <run_address>0x24cb2</run_address>
         <size>0x7</size>
         <input_file_ref idref="fl-29"/>
      </object_component>
      <object_component id="oc-9f">
         <name>.text</name>
         <load_address>0x24cb9</load_address>
         <run_address>0x24cb9</run_address>
         <size>0x2</size>
         <input_file_ref idref="fl-3a"/>
      </object_component>
      <object_component id="oc-4a">
         <name>.stack</name>
         <uninitialized>true</uninitialized>
         <run_address>0xc0</run_address>
         <size>0x0</size>
         <input_file_ref idref="fl-28"/>
      </object_component>
      <object_component id="oc-13a">
         <name>.stack</name>
         <uninitialized>true</uninitialized>
         <run_address>0xc0</run_address>
         <size>0x0</size>
      </object_component>
      <object_component id="oc-11f">
         <name>.sysstack</name>
         <uninitialized>true</uninitialized>
         <run_address>0x20c0</run_address>
         <size>0x0</size>
         <input_file_ref idref="fl-28"/>
      </object_component>
      <object_component id="oc-13c">
         <name>.sysstack</name>
         <uninitialized>true</uninitialized>
         <run_address>0x20c0</run_address>
         <size>0x0</size>
      </object_component>
      <object_component id="oc-23">
         <name>.bss</name>
         <uninitialized>true</uninitialized>
         <run_address>0x50c0</run_address>
         <size>0x800</size>
         <input_file_ref idref="fl-4"/>
      </object_component>
      <object_component id="oc-c9">
         <name>.bss</name>
         <uninitialized>true</uninitialized>
         <run_address>0x58c0</run_address>
         <size>0x232</size>
         <input_file_ref idref="fl-44"/>
      </object_component>
      <object_component id="oc-5e">
         <name>.bss</name>
         <uninitialized>true</uninitialized>
         <run_address>0x5af2</run_address>
         <size>0x2</size>
         <input_file_ref idref="fl-2c"/>
      </object_component>
      <object_component id="oc-2f">
         <name>.bss</name>
         <uninitialized>true</uninitialized>
         <run_address>0x5af8</run_address>
         <size>0x210</size>
         <input_file_ref idref="fl-6"/>
      </object_component>
      <object_component id="oc-91">
         <name>.bss</name>
         <uninitialized>true</uninitialized>
         <run_address>0x5d08</run_address>
         <size>0x1a0</size>
         <input_file_ref idref="fl-37"/>
      </object_component>
      <object_component id="oc-6c">
         <name>.bss</name>
         <uninitialized>true</uninitialized>
         <run_address>0x5ea8</run_address>
         <size>0xe2</size>
         <input_file_ref idref="fl-2f"/>
      </object_component>
      <object_component id="oc-76">
         <name>.bss</name>
         <uninitialized>true</uninitialized>
         <run_address>0x5f8c</run_address>
         <size>0xc</size>
         <input_file_ref idref="fl-31"/>
      </object_component>
      <object_component id="oc-14">
         <name>.bss</name>
         <uninitialized>true</uninitialized>
         <run_address>0x5f98</run_address>
         <size>0xa</size>
         <input_file_ref idref="fl-2"/>
      </object_component>
      <object_component id="oc-1b">
         <name>.bss</name>
         <uninitialized>true</uninitialized>
         <run_address>0x5fa4</run_address>
         <size>0x8</size>
         <input_file_ref idref="fl-3"/>
      </object_component>
      <object_component id="oc-ac">
         <name>.bss</name>
         <uninitialized>true</uninitialized>
         <run_address>0x5fac</run_address>
         <size>0x8</size>
         <input_file_ref idref="fl-3d"/>
      </object_component>
      <object_component id="oc-4f">
         <name>.bss</name>
         <uninitialized>true</uninitialized>
         <run_address>0x5fb4</run_address>
         <size>0x8</size>
         <input_file_ref idref="fl-29"/>
      </object_component>
      <object_component id="oc-3d">
         <name>.bss</name>
         <uninitialized>true</uninitialized>
         <run_address>0x5fbc</run_address>
         <size>0x8</size>
         <input_file_ref idref="fl-8"/>
      </object_component>
      <object_component id="oc-e8">
         <name>.const:.string</name>
         <load_address>0x5af4</load_address>
         <run_address>0x5af4</run_address>
         <size>0x4</size>
         <input_file_ref idref="fl-4b"/>
      </object_component>
      <object_component id="oc-120">
         <name>.const:__ctypes_</name>
         <load_address>0x5fc4</load_address>
         <run_address>0x5fc4</run_address>
         <size>0x202</size>
         <input_file_ref idref="fl-43"/>
      </object_component>
      <object_component id="oc-38">
         <name>.const</name>
         <load_address>0x61c6</load_address>
         <run_address>0x61c6</run_address>
         <size>0x2</size>
         <input_file_ref idref="fl-7"/>
      </object_component>
      <object_component id="oc-1e">
         <name>.const:.string</name>
         <load_address>0x61c8</load_address>
         <run_address>0x61c8</run_address>
         <size>0x12e</size>
         <input_file_ref idref="fl-3"/>
      </object_component>
      <object_component id="oc-32">
         <name>.const:.string</name>
         <load_address>0x62f8</load_address>
         <run_address>0x62f8</run_address>
         <size>0xc4</size>
         <input_file_ref idref="fl-6"/>
      </object_component>
      <object_component id="oc-b4">
         <name>.const:.string</name>
         <load_address>0x63bc</load_address>
         <run_address>0x63bc</run_address>
         <size>0x48</size>
         <input_file_ref idref="fl-3e"/>
      </object_component>
      <object_component id="oc-b3">
         <name>.const</name>
         <load_address>0x6404</load_address>
         <run_address>0x6404</run_address>
         <size>0x18</size>
         <input_file_ref idref="fl-3e"/>
      </object_component>
      <object_component id="oc-121">
         <name>.const:_initial_approx$1</name>
         <load_address>0x641c</load_address>
         <run_address>0x641c</run_address>
         <size>0x10</size>
         <input_file_ref idref="fl-45"/>
      </object_component>
      <object_component id="oc-39">
         <name>.const:.string</name>
         <load_address>0x642c</load_address>
         <run_address>0x642c</run_address>
         <size>0xa</size>
         <input_file_ref idref="fl-7"/>
      </object_component>
      <object_component id="oc-2a">
         <name>.const</name>
         <load_address>0x6438</load_address>
         <run_address>0x6438</run_address>
         <size>0x4</size>
         <input_file_ref idref="fl-5"/>
      </object_component>
      <object_component id="oc-df">
         <name>.const</name>
         <load_address>0x643c</load_address>
         <run_address>0x643c</run_address>
         <size>0x4</size>
         <input_file_ref idref="fl-49"/>
      </object_component>
      <object_component id="oc-79">
         <name>.sysmem</name>
         <uninitialized>true</uninitialized>
         <run_address>0x30c0</run_address>
         <size>0x0</size>
         <input_file_ref idref="fl-31"/>
      </object_component>
      <object_component id="oc-13b">
         <name>.sysmem</name>
         <uninitialized>true</uninitialized>
         <run_address>0x30c0</run_address>
         <size>0x0</size>
      </object_component>
      <object_component id="oc-6e">
         <name>.cinit</name>
         <load_address>0x40240</load_address>
         <run_address>0x40240</run_address>
         <size>0x5a</size>
         <input_file_ref idref="fl-2f"/>
      </object_component>
      <object_component id="oc-cb">
         <name>.cinit</name>
         <load_address>0x4029a</load_address>
         <run_address>0x4029a</run_address>
         <size>0x54</size>
         <input_file_ref idref="fl-44"/>
      </object_component>
      <object_component id="oc-1d">
         <name>.cinit</name>
         <load_address>0x402ee</load_address>
         <run_address>0x402ee</run_address>
         <size>0x14</size>
         <input_file_ref idref="fl-3"/>
      </object_component>
      <object_component id="oc-ae">
         <name>.cinit</name>
         <load_address>0x40302</load_address>
         <run_address>0x40302</run_address>
         <size>0x14</size>
         <input_file_ref idref="fl-3d"/>
      </object_component>
      <object_component id="oc-51">
         <name>.cinit</name>
         <load_address>0x40316</load_address>
         <run_address>0x40316</run_address>
         <size>0x14</size>
         <input_file_ref idref="fl-29"/>
      </object_component>
      <object_component id="oc-31">
         <name>.cinit</name>
         <load_address>0x4032a</load_address>
         <run_address>0x4032a</run_address>
         <size>0x12</size>
         <input_file_ref idref="fl-6"/>
      </object_component>
      <object_component id="oc-3f">
         <name>.cinit</name>
         <load_address>0x4033c</load_address>
         <run_address>0x4033c</run_address>
         <size>0x12</size>
         <input_file_ref idref="fl-8"/>
      </object_component>
      <object_component id="oc-16">
         <name>.cinit</name>
         <load_address>0x4034e</load_address>
         <run_address>0x4034e</run_address>
         <size>0x8</size>
         <input_file_ref idref="fl-2"/>
      </object_component>
      <object_component id="oc-60">
         <name>.cinit</name>
         <load_address>0x40356</load_address>
         <run_address>0x40356</run_address>
         <size>0x8</size>
         <input_file_ref idref="fl-2c"/>
      </object_component>
      <object_component id="oc-78">
         <name>.cinit</name>
         <load_address>0x4035e</load_address>
         <run_address>0x4035e</run_address>
         <size>0x8</size>
         <input_file_ref idref="fl-31"/>
      </object_component>
      <object_component id="oc-97">
         <name>.cio</name>
         <uninitialized>true</uninitialized>
         <run_address>0x40000</run_address>
         <size>0x240</size>
         <input_file_ref idref="fl-38"/>
      </object_component>
      <object_component id="oc-12">
         <name>vectors</name>
         <load_address>0x4fe00</load_address>
         <run_address>0x4fe00</run_address>
         <size>0x100</size>
         <input_file_ref idref="fl-3a"/>
      </object_component>
      <object_component id="oc-15">
         <name>.debug_info</name>
         <load_address>0x0</load_address>
         <run_address>0x0</run_address>
         <size>0x95c</size>
         <input_file_ref idref="fl-2"/>
      </object_component>
      <object_component id="oc-1c">
         <name>.debug_info</name>
         <load_address>0x95c</load_address>
         <run_address>0x95c</run_address>
         <size>0x944</size>
         <input_file_ref idref="fl-3"/>
      </object_component>
      <object_component id="oc-24">
         <name>.debug_info</name>
         <load_address>0x12a0</load_address>
         <run_address>0x12a0</run_address>
         <size>0x9f8</size>
         <input_file_ref idref="fl-4"/>
      </object_component>
      <object_component id="oc-29">
         <name>.debug_info</name>
         <load_address>0x1c98</load_address>
         <run_address>0x1c98</run_address>
         <size>0xd57</size>
         <input_file_ref idref="fl-5"/>
      </object_component>
      <object_component id="oc-30">
         <name>.debug_info</name>
         <load_address>0x29ef</load_address>
         <run_address>0x29ef</run_address>
         <size>0xbad</size>
         <input_file_ref idref="fl-6"/>
      </object_component>
      <object_component id="oc-37">
         <name>.debug_info</name>
         <load_address>0x359c</load_address>
         <run_address>0x359c</run_address>
         <size>0x6be</size>
         <input_file_ref idref="fl-7"/>
      </object_component>
      <object_component id="oc-3e">
         <name>.debug_info</name>
         <load_address>0x3c5a</load_address>
         <run_address>0x3c5a</run_address>
         <size>0x4df</size>
         <input_file_ref idref="fl-8"/>
      </object_component>
      <object_component id="oc-42">
         <name>.debug_info</name>
         <load_address>0x4139</load_address>
         <run_address>0x4139</run_address>
         <size>0x5896</size>
         <input_file_ref idref="fl-13"/>
      </object_component>
      <object_component id="oc-47">
         <name>.debug_info</name>
         <load_address>0x99cf</load_address>
         <run_address>0x99cf</run_address>
         <size>0x5ab</size>
         <input_file_ref idref="fl-27"/>
      </object_component>
      <object_component id="oc-4b">
         <name>.debug_info</name>
         <load_address>0x9f7a</load_address>
         <run_address>0x9f7a</run_address>
         <size>0xe8</size>
         <input_file_ref idref="fl-28"/>
      </object_component>
      <object_component id="oc-50">
         <name>.debug_info</name>
         <load_address>0xa062</load_address>
         <run_address>0xa062</run_address>
         <size>0x5fb</size>
         <input_file_ref idref="fl-29"/>
      </object_component>
      <object_component id="oc-56">
         <name>.debug_info</name>
         <load_address>0xa65d</load_address>
         <run_address>0xa65d</run_address>
         <size>0x64f</size>
         <input_file_ref idref="fl-2a"/>
      </object_component>
      <object_component id="oc-5a">
         <name>.debug_info</name>
         <load_address>0xacac</load_address>
         <run_address>0xacac</run_address>
         <size>0x706</size>
         <input_file_ref idref="fl-2b"/>
      </object_component>
      <object_component id="oc-5f">
         <name>.debug_info</name>
         <load_address>0xb3b2</load_address>
         <run_address>0xb3b2</run_address>
         <size>0xa1c</size>
         <input_file_ref idref="fl-2c"/>
      </object_component>
      <object_component id="oc-64">
         <name>.debug_info</name>
         <load_address>0xbdce</load_address>
         <run_address>0xbdce</run_address>
         <size>0x762</size>
         <input_file_ref idref="fl-2d"/>
      </object_component>
      <object_component id="oc-68">
         <name>.debug_info</name>
         <load_address>0xc530</load_address>
         <run_address>0xc530</run_address>
         <size>0x8f7</size>
         <input_file_ref idref="fl-2e"/>
      </object_component>
      <object_component id="oc-6d">
         <name>.debug_info</name>
         <load_address>0xce27</load_address>
         <run_address>0xce27</run_address>
         <size>0x144b</size>
         <input_file_ref idref="fl-2f"/>
      </object_component>
      <object_component id="oc-72">
         <name>.debug_info</name>
         <load_address>0xe272</load_address>
         <run_address>0xe272</run_address>
         <size>0xd1</size>
         <input_file_ref idref="fl-30"/>
      </object_component>
      <object_component id="oc-77">
         <name>.debug_info</name>
         <load_address>0xe343</load_address>
         <run_address>0xe343</run_address>
         <size>0xb97</size>
         <input_file_ref idref="fl-31"/>
      </object_component>
      <object_component id="oc-7d">
         <name>.debug_info</name>
         <load_address>0xeeda</load_address>
         <run_address>0xeeda</run_address>
         <size>0x59d</size>
         <input_file_ref idref="fl-32"/>
      </object_component>
      <object_component id="oc-81">
         <name>.debug_info</name>
         <load_address>0xf477</load_address>
         <run_address>0xf477</run_address>
         <size>0x55b</size>
         <input_file_ref idref="fl-33"/>
      </object_component>
      <object_component id="oc-85">
         <name>.debug_info</name>
         <load_address>0xf9d2</load_address>
         <run_address>0xf9d2</run_address>
         <size>0x76c</size>
         <input_file_ref idref="fl-34"/>
      </object_component>
      <object_component id="oc-89">
         <name>.debug_info</name>
         <load_address>0x1013e</load_address>
         <run_address>0x1013e</run_address>
         <size>0x510</size>
         <input_file_ref idref="fl-35"/>
      </object_component>
      <object_component id="oc-8d">
         <name>.debug_info</name>
         <load_address>0x1064e</load_address>
         <run_address>0x1064e</run_address>
         <size>0x4de</size>
         <input_file_ref idref="fl-36"/>
      </object_component>
      <object_component id="oc-92">
         <name>.debug_info</name>
         <load_address>0x10b2c</load_address>
         <run_address>0x10b2c</run_address>
         <size>0xed4</size>
         <input_file_ref idref="fl-37"/>
      </object_component>
      <object_component id="oc-96">
         <name>.debug_info</name>
         <load_address>0x11a00</load_address>
         <run_address>0x11a00</run_address>
         <size>0x744</size>
         <input_file_ref idref="fl-38"/>
      </object_component>
      <object_component id="oc-9c">
         <name>.debug_info</name>
         <load_address>0x12144</load_address>
         <run_address>0x12144</run_address>
         <size>0xef</size>
         <input_file_ref idref="fl-39"/>
      </object_component>
      <object_component id="oc-a0">
         <name>.debug_info</name>
         <load_address>0x12233</load_address>
         <run_address>0x12233</run_address>
         <size>0xbc</size>
         <input_file_ref idref="fl-3a"/>
      </object_component>
      <object_component id="oc-a4">
         <name>.debug_info</name>
         <load_address>0x122ef</load_address>
         <run_address>0x122ef</run_address>
         <size>0x6b8</size>
         <input_file_ref idref="fl-3b"/>
      </object_component>
      <object_component id="oc-a8">
         <name>.debug_info</name>
         <load_address>0x129a7</load_address>
         <run_address>0x129a7</run_address>
         <size>0x662</size>
         <input_file_ref idref="fl-3c"/>
      </object_component>
      <object_component id="oc-ad">
         <name>.debug_info</name>
         <load_address>0x13009</load_address>
         <run_address>0x13009</run_address>
         <size>0x5bc</size>
         <input_file_ref idref="fl-3d"/>
      </object_component>
      <object_component id="oc-b2">
         <name>.debug_info</name>
         <load_address>0x135c5</load_address>
         <run_address>0x135c5</run_address>
         <size>0x27bd</size>
         <input_file_ref idref="fl-3e"/>
      </object_component>
      <object_component id="oc-b8">
         <name>.debug_info</name>
         <load_address>0x15d82</load_address>
         <run_address>0x15d82</run_address>
         <size>0x586</size>
         <input_file_ref idref="fl-3f"/>
      </object_component>
      <object_component id="oc-bc">
         <name>.debug_info</name>
         <load_address>0x16308</load_address>
         <run_address>0x16308</run_address>
         <size>0x5a4</size>
         <input_file_ref idref="fl-40"/>
      </object_component>
      <object_component id="oc-c0">
         <name>.debug_info</name>
         <load_address>0x168ac</load_address>
         <run_address>0x168ac</run_address>
         <size>0xcd</size>
         <input_file_ref idref="fl-41"/>
      </object_component>
      <object_component id="oc-c4">
         <name>.debug_info</name>
         <load_address>0x16979</load_address>
         <run_address>0x16979</run_address>
         <size>0x81f</size>
         <input_file_ref idref="fl-42"/>
      </object_component>
      <object_component id="oc-c7">
         <name>.debug_info</name>
         <load_address>0x17198</load_address>
         <run_address>0x17198</run_address>
         <size>0x498</size>
         <input_file_ref idref="fl-43"/>
      </object_component>
      <object_component id="oc-ca">
         <name>.debug_info</name>
         <load_address>0x17630</load_address>
         <run_address>0x17630</run_address>
         <size>0x57e</size>
         <input_file_ref idref="fl-44"/>
      </object_component>
      <object_component id="oc-ce">
         <name>.debug_info</name>
         <load_address>0x17bae</load_address>
         <run_address>0x17bae</run_address>
         <size>0x7e8</size>
         <input_file_ref idref="fl-45"/>
      </object_component>
      <object_component id="oc-d2">
         <name>.debug_info</name>
         <load_address>0x18396</load_address>
         <run_address>0x18396</run_address>
         <size>0x534</size>
         <input_file_ref idref="fl-46"/>
      </object_component>
      <object_component id="oc-d6">
         <name>.debug_info</name>
         <load_address>0x188ca</load_address>
         <run_address>0x188ca</run_address>
         <size>0x4cf</size>
         <input_file_ref idref="fl-47"/>
      </object_component>
      <object_component id="oc-da">
         <name>.debug_info</name>
         <load_address>0x18d99</load_address>
         <run_address>0x18d99</run_address>
         <size>0x534</size>
         <input_file_ref idref="fl-48"/>
      </object_component>
      <object_component id="oc-de">
         <name>.debug_info</name>
         <load_address>0x192cd</load_address>
         <run_address>0x192cd</run_address>
         <size>0x549</size>
         <input_file_ref idref="fl-49"/>
      </object_component>
      <object_component id="oc-e3">
         <name>.debug_info</name>
         <load_address>0x19816</load_address>
         <run_address>0x19816</run_address>
         <size>0x6aa</size>
         <input_file_ref idref="fl-4a"/>
      </object_component>
      <object_component id="oc-e7">
         <name>.debug_info</name>
         <load_address>0x19ec0</load_address>
         <run_address>0x19ec0</run_address>
         <size>0x942</size>
         <input_file_ref idref="fl-4b"/>
      </object_component>
      <object_component id="oc-ec">
         <name>.debug_info</name>
         <load_address>0x1a802</load_address>
         <run_address>0x1a802</run_address>
         <size>0x4d2</size>
         <input_file_ref idref="fl-4c"/>
      </object_component>
      <object_component id="oc-f0">
         <name>.debug_info</name>
         <load_address>0x1acd4</load_address>
         <run_address>0x1acd4</run_address>
         <size>0x53e</size>
         <input_file_ref idref="fl-4d"/>
      </object_component>
      <object_component id="oc-f4">
         <name>.debug_info</name>
         <load_address>0x1b212</load_address>
         <run_address>0x1b212</run_address>
         <size>0x5f7</size>
         <input_file_ref idref="fl-4e"/>
      </object_component>
      <object_component id="oc-f8">
         <name>.debug_info</name>
         <load_address>0x1b809</load_address>
         <run_address>0x1b809</run_address>
         <size>0x680</size>
         <input_file_ref idref="fl-4f"/>
      </object_component>
      <object_component id="oc-fc">
         <name>.debug_info</name>
         <load_address>0x1be89</load_address>
         <run_address>0x1be89</run_address>
         <size>0x7d4</size>
         <input_file_ref idref="fl-50"/>
      </object_component>
      <object_component id="oc-100">
         <name>.debug_info</name>
         <load_address>0x1c65d</load_address>
         <run_address>0x1c65d</run_address>
         <size>0xbd</size>
         <input_file_ref idref="fl-51"/>
      </object_component>
      <object_component id="oc-104">
         <name>.debug_info</name>
         <load_address>0x1c71a</load_address>
         <run_address>0x1c71a</run_address>
         <size>0x5ad</size>
         <input_file_ref idref="fl-52"/>
      </object_component>
      <object_component id="oc-108">
         <name>.debug_info</name>
         <load_address>0x1ccc7</load_address>
         <run_address>0x1ccc7</run_address>
         <size>0x574</size>
         <input_file_ref idref="fl-53"/>
      </object_component>
      <object_component id="oc-10c">
         <name>.debug_info</name>
         <load_address>0x1d23b</load_address>
         <run_address>0x1d23b</run_address>
         <size>0x4b7</size>
         <input_file_ref idref="fl-54"/>
      </object_component>
      <object_component id="oc-110">
         <name>.debug_info</name>
         <load_address>0x1d6f2</load_address>
         <run_address>0x1d6f2</run_address>
         <size>0x4f2</size>
         <input_file_ref idref="fl-55"/>
      </object_component>
      <object_component id="oc-114">
         <name>.debug_info</name>
         <load_address>0x1dbe4</load_address>
         <run_address>0x1dbe4</run_address>
         <size>0x534</size>
         <input_file_ref idref="fl-56"/>
      </object_component>
      <object_component id="oc-118">
         <name>.debug_info</name>
         <load_address>0x1e118</load_address>
         <run_address>0x1e118</run_address>
         <size>0x64a</size>
         <input_file_ref idref="fl-57"/>
      </object_component>
      <object_component id="oc-11c">
         <name>.debug_info</name>
         <load_address>0x1e762</load_address>
         <run_address>0x1e762</run_address>
         <size>0x4f2</size>
         <input_file_ref idref="fl-58"/>
      </object_component>
      <object_component id="oc-147">
         <name>.debug_info</name>
         <load_address>0x1ec54</load_address>
         <run_address>0x1ec54</run_address>
         <size>0x6e</size>
      </object_component>
      <object_component id="oc-17">
         <name>.debug_frame</name>
         <load_address>0x0</load_address>
         <run_address>0x0</run_address>
         <size>0x132</size>
         <input_file_ref idref="fl-2"/>
      </object_component>
      <object_component id="oc-1f">
         <name>.debug_frame</name>
         <load_address>0x132</load_address>
         <run_address>0x132</run_address>
         <size>0x139</size>
         <input_file_ref idref="fl-3"/>
      </object_component>
      <object_component id="oc-25">
         <name>.debug_frame</name>
         <load_address>0x26b</load_address>
         <run_address>0x26b</run_address>
         <size>0x118</size>
         <input_file_ref idref="fl-4"/>
      </object_component>
      <object_component id="oc-2b">
         <name>.debug_frame</name>
         <load_address>0x383</load_address>
         <run_address>0x383</run_address>
         <size>0x175</size>
         <input_file_ref idref="fl-5"/>
      </object_component>
      <object_component id="oc-33">
         <name>.debug_frame</name>
         <load_address>0x4f8</load_address>
         <run_address>0x4f8</run_address>
         <size>0xe2</size>
         <input_file_ref idref="fl-6"/>
      </object_component>
      <object_component id="oc-3a">
         <name>.debug_frame</name>
         <load_address>0x5da</load_address>
         <run_address>0x5da</run_address>
         <size>0x132</size>
         <input_file_ref idref="fl-7"/>
      </object_component>
      <object_component id="oc-43">
         <name>.debug_frame</name>
         <load_address>0x70c</load_address>
         <run_address>0x70c</run_address>
         <size>0x116</size>
         <input_file_ref idref="fl-13"/>
      </object_component>
      <object_component id="oc-18">
         <name>.debug_line</name>
         <load_address>0x0</load_address>
         <run_address>0x0</run_address>
         <size>0xad</size>
         <input_file_ref idref="fl-2"/>
      </object_component>
      <object_component id="oc-20">
         <name>.debug_line</name>
         <load_address>0xad</load_address>
         <run_address>0xad</run_address>
         <size>0xb8</size>
         <input_file_ref idref="fl-3"/>
      </object_component>
      <object_component id="oc-26">
         <name>.debug_line</name>
         <load_address>0x165</load_address>
         <run_address>0x165</run_address>
         <size>0xbe</size>
         <input_file_ref idref="fl-4"/>
      </object_component>
      <object_component id="oc-2c">
         <name>.debug_line</name>
         <load_address>0x223</load_address>
         <run_address>0x223</run_address>
         <size>0x162</size>
         <input_file_ref idref="fl-5"/>
      </object_component>
      <object_component id="oc-34">
         <name>.debug_line</name>
         <load_address>0x385</load_address>
         <run_address>0x385</run_address>
         <size>0x7e</size>
         <input_file_ref idref="fl-6"/>
      </object_component>
      <object_component id="oc-3b">
         <name>.debug_line</name>
         <load_address>0x403</load_address>
         <run_address>0x403</run_address>
         <size>0x86</size>
         <input_file_ref idref="fl-7"/>
      </object_component>
      <object_component id="oc-44">
         <name>.debug_line</name>
         <load_address>0x489</load_address>
         <run_address>0x489</run_address>
         <size>0x59c</size>
         <input_file_ref idref="fl-13"/>
      </object_component>
      <object_component id="oc-48">
         <name>.debug_line</name>
         <load_address>0xa25</load_address>
         <run_address>0xa25</run_address>
         <size>0x5c</size>
         <input_file_ref idref="fl-27"/>
      </object_component>
      <object_component id="oc-4c">
         <name>.debug_line</name>
         <load_address>0xa81</load_address>
         <run_address>0xa81</run_address>
         <size>0x54</size>
         <input_file_ref idref="fl-28"/>
      </object_component>
      <object_component id="oc-53">
         <name>.debug_line</name>
         <load_address>0xad5</load_address>
         <run_address>0xad5</run_address>
         <size>0x51</size>
         <input_file_ref idref="fl-29"/>
      </object_component>
      <object_component id="oc-57">
         <name>.debug_line</name>
         <load_address>0xb26</load_address>
         <run_address>0xb26</run_address>
         <size>0x3d</size>
         <input_file_ref idref="fl-2a"/>
      </object_component>
      <object_component id="oc-5b">
         <name>.debug_line</name>
         <load_address>0xb63</load_address>
         <run_address>0xb63</run_address>
         <size>0x5b</size>
         <input_file_ref idref="fl-2b"/>
      </object_component>
      <object_component id="oc-61">
         <name>.debug_line</name>
         <load_address>0xbbe</load_address>
         <run_address>0xbbe</run_address>
         <size>0xd7</size>
         <input_file_ref idref="fl-2c"/>
      </object_component>
      <object_component id="oc-65">
         <name>.debug_line</name>
         <load_address>0xc95</load_address>
         <run_address>0xc95</run_address>
         <size>0x4d</size>
         <input_file_ref idref="fl-2d"/>
      </object_component>
      <object_component id="oc-69">
         <name>.debug_line</name>
         <load_address>0xce2</load_address>
         <run_address>0xce2</run_address>
         <size>0x97</size>
         <input_file_ref idref="fl-2e"/>
      </object_component>
      <object_component id="oc-6f">
         <name>.debug_line</name>
         <load_address>0xd79</load_address>
         <run_address>0xd79</run_address>
         <size>0x1b0</size>
         <input_file_ref idref="fl-2f"/>
      </object_component>
      <object_component id="oc-73">
         <name>.debug_line</name>
         <load_address>0xf29</load_address>
         <run_address>0xf29</run_address>
         <size>0x4d</size>
         <input_file_ref idref="fl-30"/>
      </object_component>
      <object_component id="oc-7a">
         <name>.debug_line</name>
         <load_address>0xf76</load_address>
         <run_address>0xf76</run_address>
         <size>0x112</size>
         <input_file_ref idref="fl-31"/>
      </object_component>
      <object_component id="oc-7e">
         <name>.debug_line</name>
         <load_address>0x1088</load_address>
         <run_address>0x1088</run_address>
         <size>0x52</size>
         <input_file_ref idref="fl-32"/>
      </object_component>
      <object_component id="oc-82">
         <name>.debug_line</name>
         <load_address>0x10da</load_address>
         <run_address>0x10da</run_address>
         <size>0x3c</size>
         <input_file_ref idref="fl-33"/>
      </object_component>
      <object_component id="oc-86">
         <name>.debug_line</name>
         <load_address>0x1116</load_address>
         <run_address>0x1116</run_address>
         <size>0x69</size>
         <input_file_ref idref="fl-34"/>
      </object_component>
      <object_component id="oc-8a">
         <name>.debug_line</name>
         <load_address>0x117f</load_address>
         <run_address>0x117f</run_address>
         <size>0x39</size>
         <input_file_ref idref="fl-35"/>
      </object_component>
      <object_component id="oc-8e">
         <name>.debug_line</name>
         <load_address>0x11b8</load_address>
         <run_address>0x11b8</run_address>
         <size>0x37</size>
         <input_file_ref idref="fl-36"/>
      </object_component>
      <object_component id="oc-93">
         <name>.debug_line</name>
         <load_address>0x11ef</load_address>
         <run_address>0x11ef</run_address>
         <size>0x15d</size>
         <input_file_ref idref="fl-37"/>
      </object_component>
      <object_component id="oc-99">
         <name>.debug_line</name>
         <load_address>0x134c</load_address>
         <run_address>0x134c</run_address>
         <size>0x6a</size>
         <input_file_ref idref="fl-38"/>
      </object_component>
      <object_component id="oc-9d">
         <name>.debug_line</name>
         <load_address>0x13b6</load_address>
         <run_address>0x13b6</run_address>
         <size>0x58</size>
         <input_file_ref idref="fl-39"/>
      </object_component>
      <object_component id="oc-a1">
         <name>.debug_line</name>
         <load_address>0x140e</load_address>
         <run_address>0x140e</run_address>
         <size>0x37</size>
         <input_file_ref idref="fl-3a"/>
      </object_component>
      <object_component id="oc-a5">
         <name>.debug_line</name>
         <load_address>0x1445</load_address>
         <run_address>0x1445</run_address>
         <size>0x4c</size>
         <input_file_ref idref="fl-3b"/>
      </object_component>
      <object_component id="oc-a9">
         <name>.debug_line</name>
         <load_address>0x1491</load_address>
         <run_address>0x1491</run_address>
         <size>0x57</size>
         <input_file_ref idref="fl-3c"/>
      </object_component>
      <object_component id="oc-af">
         <name>.debug_line</name>
         <load_address>0x14e8</load_address>
         <run_address>0x14e8</run_address>
         <size>0x57</size>
         <input_file_ref idref="fl-3d"/>
      </object_component>
      <object_component id="oc-b5">
         <name>.debug_line</name>
         <load_address>0x153f</load_address>
         <run_address>0x153f</run_address>
         <size>0x328</size>
         <input_file_ref idref="fl-3e"/>
      </object_component>
      <object_component id="oc-b9">
         <name>.debug_line</name>
         <load_address>0x1867</load_address>
         <run_address>0x1867</run_address>
         <size>0x41</size>
         <input_file_ref idref="fl-3f"/>
      </object_component>
      <object_component id="oc-bd">
         <name>.debug_line</name>
         <load_address>0x18a8</load_address>
         <run_address>0x18a8</run_address>
         <size>0x46</size>
         <input_file_ref idref="fl-40"/>
      </object_component>
      <object_component id="oc-c1">
         <name>.debug_line</name>
         <load_address>0x18ee</load_address>
         <run_address>0x18ee</run_address>
         <size>0x55</size>
         <input_file_ref idref="fl-41"/>
      </object_component>
      <object_component id="oc-c5">
         <name>.debug_line</name>
         <load_address>0x1943</load_address>
         <run_address>0x1943</run_address>
         <size>0xad</size>
         <input_file_ref idref="fl-42"/>
      </object_component>
      <object_component id="oc-cf">
         <name>.debug_line</name>
         <load_address>0x19f0</load_address>
         <run_address>0x19f0</run_address>
         <size>0x5b</size>
         <input_file_ref idref="fl-45"/>
      </object_component>
      <object_component id="oc-d3">
         <name>.debug_line</name>
         <load_address>0x1a4b</load_address>
         <run_address>0x1a4b</run_address>
         <size>0x44</size>
         <input_file_ref idref="fl-46"/>
      </object_component>
      <object_component id="oc-d7">
         <name>.debug_line</name>
         <load_address>0x1a8f</load_address>
         <run_address>0x1a8f</run_address>
         <size>0x3d</size>
         <input_file_ref idref="fl-47"/>
      </object_component>
      <object_component id="oc-db">
         <name>.debug_line</name>
         <load_address>0x1acc</load_address>
         <run_address>0x1acc</run_address>
         <size>0x3d</size>
         <input_file_ref idref="fl-48"/>
      </object_component>
      <object_component id="oc-e0">
         <name>.debug_line</name>
         <load_address>0x1b09</load_address>
         <run_address>0x1b09</run_address>
         <size>0x44</size>
         <input_file_ref idref="fl-49"/>
      </object_component>
      <object_component id="oc-e4">
         <name>.debug_line</name>
         <load_address>0x1b4d</load_address>
         <run_address>0x1b4d</run_address>
         <size>0x56</size>
         <input_file_ref idref="fl-4a"/>
      </object_component>
      <object_component id="oc-e9">
         <name>.debug_line</name>
         <load_address>0x1ba3</load_address>
         <run_address>0x1ba3</run_address>
         <size>0xa8</size>
         <input_file_ref idref="fl-4b"/>
      </object_component>
      <object_component id="oc-ed">
         <name>.debug_line</name>
         <load_address>0x1c4b</load_address>
         <run_address>0x1c4b</run_address>
         <size>0x3a</size>
         <input_file_ref idref="fl-4c"/>
      </object_component>
      <object_component id="oc-f1">
         <name>.debug_line</name>
         <load_address>0x1c85</load_address>
         <run_address>0x1c85</run_address>
         <size>0x40</size>
         <input_file_ref idref="fl-4d"/>
      </object_component>
      <object_component id="oc-f5">
         <name>.debug_line</name>
         <load_address>0x1cc5</load_address>
         <run_address>0x1cc5</run_address>
         <size>0x3c</size>
         <input_file_ref idref="fl-4e"/>
      </object_component>
      <object_component id="oc-f9">
         <name>.debug_line</name>
         <load_address>0x1d01</load_address>
         <run_address>0x1d01</run_address>
         <size>0x38</size>
         <input_file_ref idref="fl-4f"/>
      </object_component>
      <object_component id="oc-fd">
         <name>.debug_line</name>
         <load_address>0x1d39</load_address>
         <run_address>0x1d39</run_address>
         <size>0xa8</size>
         <input_file_ref idref="fl-50"/>
      </object_component>
      <object_component id="oc-101">
         <name>.debug_line</name>
         <load_address>0x1de1</load_address>
         <run_address>0x1de1</run_address>
         <size>0x3c</size>
         <input_file_ref idref="fl-51"/>
      </object_component>
      <object_component id="oc-105">
         <name>.debug_line</name>
         <load_address>0x1e1d</load_address>
         <run_address>0x1e1d</run_address>
         <size>0x40</size>
         <input_file_ref idref="fl-52"/>
      </object_component>
      <object_component id="oc-109">
         <name>.debug_line</name>
         <load_address>0x1e5d</load_address>
         <run_address>0x1e5d</run_address>
         <size>0x3c</size>
         <input_file_ref idref="fl-53"/>
      </object_component>
      <object_component id="oc-10d">
         <name>.debug_line</name>
         <load_address>0x1e99</load_address>
         <run_address>0x1e99</run_address>
         <size>0x37</size>
         <input_file_ref idref="fl-54"/>
      </object_component>
      <object_component id="oc-111">
         <name>.debug_line</name>
         <load_address>0x1ed0</load_address>
         <run_address>0x1ed0</run_address>
         <size>0x3c</size>
         <input_file_ref idref="fl-55"/>
      </object_component>
      <object_component id="oc-115">
         <name>.debug_line</name>
         <load_address>0x1f0c</load_address>
         <run_address>0x1f0c</run_address>
         <size>0x44</size>
         <input_file_ref idref="fl-56"/>
      </object_component>
      <object_component id="oc-119">
         <name>.debug_line</name>
         <load_address>0x1f50</load_address>
         <run_address>0x1f50</run_address>
         <size>0x3f</size>
         <input_file_ref idref="fl-57"/>
      </object_component>
      <object_component id="oc-11d">
         <name>.debug_line</name>
         <load_address>0x1f8f</load_address>
         <run_address>0x1f8f</run_address>
         <size>0x3c</size>
         <input_file_ref idref="fl-58"/>
      </object_component>
      <object_component id="oc-19">
         <name>.debug_abbrev</name>
         <load_address>0x0</load_address>
         <run_address>0x0</run_address>
         <size>0x10c</size>
         <input_file_ref idref="fl-2"/>
      </object_component>
      <object_component id="oc-21">
         <name>.debug_abbrev</name>
         <load_address>0x10c</load_address>
         <run_address>0x10c</run_address>
         <size>0x121</size>
         <input_file_ref idref="fl-3"/>
      </object_component>
      <object_component id="oc-27">
         <name>.debug_abbrev</name>
         <load_address>0x22d</load_address>
         <run_address>0x22d</run_address>
         <size>0x139</size>
         <input_file_ref idref="fl-4"/>
      </object_component>
      <object_component id="oc-2d">
         <name>.debug_abbrev</name>
         <load_address>0x366</load_address>
         <run_address>0x366</run_address>
         <size>0xef</size>
         <input_file_ref idref="fl-5"/>
      </object_component>
      <object_component id="oc-35">
         <name>.debug_abbrev</name>
         <load_address>0x455</load_address>
         <run_address>0x455</run_address>
         <size>0x134</size>
         <input_file_ref idref="fl-6"/>
      </object_component>
      <object_component id="oc-3c">
         <name>.debug_abbrev</name>
         <load_address>0x589</load_address>
         <run_address>0x589</run_address>
         <size>0xf5</size>
         <input_file_ref idref="fl-7"/>
      </object_component>
      <object_component id="oc-40">
         <name>.debug_abbrev</name>
         <load_address>0x67e</load_address>
         <run_address>0x67e</run_address>
         <size>0x6c</size>
         <input_file_ref idref="fl-8"/>
      </object_component>
      <object_component id="oc-45">
         <name>.debug_abbrev</name>
         <load_address>0x6ea</load_address>
         <run_address>0x6ea</run_address>
         <size>0x198</size>
         <input_file_ref idref="fl-13"/>
      </object_component>
      <object_component id="oc-49">
         <name>.debug_abbrev</name>
         <load_address>0x882</load_address>
         <run_address>0x882</run_address>
         <size>0xd4</size>
         <input_file_ref idref="fl-27"/>
      </object_component>
      <object_component id="oc-4d">
         <name>.debug_abbrev</name>
         <load_address>0x956</load_address>
         <run_address>0x956</run_address>
         <size>0x3a</size>
         <input_file_ref idref="fl-28"/>
      </object_component>
      <object_component id="oc-54">
         <name>.debug_abbrev</name>
         <load_address>0x990</load_address>
         <run_address>0x990</run_address>
         <size>0xf7</size>
         <input_file_ref idref="fl-29"/>
      </object_component>
      <object_component id="oc-58">
         <name>.debug_abbrev</name>
         <load_address>0xa87</load_address>
         <run_address>0xa87</run_address>
         <size>0x118</size>
         <input_file_ref idref="fl-2a"/>
      </object_component>
      <object_component id="oc-5c">
         <name>.debug_abbrev</name>
         <load_address>0xb9f</load_address>
         <run_address>0xb9f</run_address>
         <size>0x136</size>
         <input_file_ref idref="fl-2b"/>
      </object_component>
      <object_component id="oc-62">
         <name>.debug_abbrev</name>
         <load_address>0xcd5</load_address>
         <run_address>0xcd5</run_address>
         <size>0x1a2</size>
         <input_file_ref idref="fl-2c"/>
      </object_component>
      <object_component id="oc-66">
         <name>.debug_abbrev</name>
         <load_address>0xe77</load_address>
         <run_address>0xe77</run_address>
         <size>0x111</size>
         <input_file_ref idref="fl-2d"/>
      </object_component>
      <object_component id="oc-6a">
         <name>.debug_abbrev</name>
         <load_address>0xf88</load_address>
         <run_address>0xf88</run_address>
         <size>0x11e</size>
         <input_file_ref idref="fl-2e"/>
      </object_component>
      <object_component id="oc-70">
         <name>.debug_abbrev</name>
         <load_address>0x10a6</load_address>
         <run_address>0x10a6</run_address>
         <size>0x225</size>
         <input_file_ref idref="fl-2f"/>
      </object_component>
      <object_component id="oc-74">
         <name>.debug_abbrev</name>
         <load_address>0x12cb</load_address>
         <run_address>0x12cb</run_address>
         <size>0x38</size>
         <input_file_ref idref="fl-30"/>
      </object_component>
      <object_component id="oc-7b">
         <name>.debug_abbrev</name>
         <load_address>0x1303</load_address>
         <run_address>0x1303</run_address>
         <size>0x1de</size>
         <input_file_ref idref="fl-31"/>
      </object_component>
      <object_component id="oc-7f">
         <name>.debug_abbrev</name>
         <load_address>0x14e1</load_address>
         <run_address>0x14e1</run_address>
         <size>0xb0</size>
         <input_file_ref idref="fl-32"/>
      </object_component>
      <object_component id="oc-83">
         <name>.debug_abbrev</name>
         <load_address>0x1591</load_address>
         <run_address>0x1591</run_address>
         <size>0xdc</size>
         <input_file_ref idref="fl-33"/>
      </object_component>
      <object_component id="oc-87">
         <name>.debug_abbrev</name>
         <load_address>0x166d</load_address>
         <run_address>0x166d</run_address>
         <size>0x145</size>
         <input_file_ref idref="fl-34"/>
      </object_component>
      <object_component id="oc-8b">
         <name>.debug_abbrev</name>
         <load_address>0x17b2</load_address>
         <run_address>0x17b2</run_address>
         <size>0xbf</size>
         <input_file_ref idref="fl-35"/>
      </object_component>
      <object_component id="oc-8f">
         <name>.debug_abbrev</name>
         <load_address>0x1871</load_address>
         <run_address>0x1871</run_address>
         <size>0x8f</size>
         <input_file_ref idref="fl-36"/>
      </object_component>
      <object_component id="oc-94">
         <name>.debug_abbrev</name>
         <load_address>0x1900</load_address>
         <run_address>0x1900</run_address>
         <size>0x15a</size>
         <input_file_ref idref="fl-37"/>
      </object_component>
      <object_component id="oc-9a">
         <name>.debug_abbrev</name>
         <load_address>0x1a5a</load_address>
         <run_address>0x1a5a</run_address>
         <size>0xde</size>
         <input_file_ref idref="fl-38"/>
      </object_component>
      <object_component id="oc-9e">
         <name>.debug_abbrev</name>
         <load_address>0x1b38</load_address>
         <run_address>0x1b38</run_address>
         <size>0x38</size>
         <input_file_ref idref="fl-39"/>
      </object_component>
      <object_component id="oc-a2">
         <name>.debug_abbrev</name>
         <load_address>0x1b70</load_address>
         <run_address>0x1b70</run_address>
         <size>0x26</size>
         <input_file_ref idref="fl-3a"/>
      </object_component>
      <object_component id="oc-a6">
         <name>.debug_abbrev</name>
         <load_address>0x1b96</load_address>
         <run_address>0x1b96</run_address>
         <size>0x124</size>
         <input_file_ref idref="fl-3b"/>
      </object_component>
      <object_component id="oc-aa">
         <name>.debug_abbrev</name>
         <load_address>0x1cba</load_address>
         <run_address>0x1cba</run_address>
         <size>0xd1</size>
         <input_file_ref idref="fl-3c"/>
      </object_component>
      <object_component id="oc-b0">
         <name>.debug_abbrev</name>
         <load_address>0x1d8b</load_address>
         <run_address>0x1d8b</run_address>
         <size>0x9f</size>
         <input_file_ref idref="fl-3d"/>
      </object_component>
      <object_component id="oc-b6">
         <name>.debug_abbrev</name>
         <load_address>0x1e2a</load_address>
         <run_address>0x1e2a</run_address>
         <size>0x1f8</size>
         <input_file_ref idref="fl-3e"/>
      </object_component>
      <object_component id="oc-ba">
         <name>.debug_abbrev</name>
         <load_address>0x2022</load_address>
         <run_address>0x2022</run_address>
         <size>0xec</size>
         <input_file_ref idref="fl-3f"/>
      </object_component>
      <object_component id="oc-be">
         <name>.debug_abbrev</name>
         <load_address>0x210e</load_address>
         <run_address>0x210e</run_address>
         <size>0xd5</size>
         <input_file_ref idref="fl-40"/>
      </object_component>
      <object_component id="oc-c2">
         <name>.debug_abbrev</name>
         <load_address>0x21e3</load_address>
         <run_address>0x21e3</run_address>
         <size>0x44</size>
         <input_file_ref idref="fl-41"/>
      </object_component>
      <object_component id="oc-c6">
         <name>.debug_abbrev</name>
         <load_address>0x2227</load_address>
         <run_address>0x2227</run_address>
         <size>0xb7</size>
         <input_file_ref idref="fl-42"/>
      </object_component>
      <object_component id="oc-c8">
         <name>.debug_abbrev</name>
         <load_address>0x22de</load_address>
         <run_address>0x22de</run_address>
         <size>0x68</size>
         <input_file_ref idref="fl-43"/>
      </object_component>
      <object_component id="oc-cc">
         <name>.debug_abbrev</name>
         <load_address>0x2346</load_address>
         <run_address>0x2346</run_address>
         <size>0x83</size>
         <input_file_ref idref="fl-44"/>
      </object_component>
      <object_component id="oc-d0">
         <name>.debug_abbrev</name>
         <load_address>0x23c9</load_address>
         <run_address>0x23c9</run_address>
         <size>0x112</size>
         <input_file_ref idref="fl-45"/>
      </object_component>
      <object_component id="oc-d4">
         <name>.debug_abbrev</name>
         <load_address>0x24db</load_address>
         <run_address>0x24db</run_address>
         <size>0xb5</size>
         <input_file_ref idref="fl-46"/>
      </object_component>
      <object_component id="oc-d8">
         <name>.debug_abbrev</name>
         <load_address>0x2590</load_address>
         <run_address>0x2590</run_address>
         <size>0x8f</size>
         <input_file_ref idref="fl-47"/>
      </object_component>
      <object_component id="oc-dc">
         <name>.debug_abbrev</name>
         <load_address>0x261f</load_address>
         <run_address>0x261f</run_address>
         <size>0xb7</size>
         <input_file_ref idref="fl-48"/>
      </object_component>
      <object_component id="oc-e1">
         <name>.debug_abbrev</name>
         <load_address>0x26d6</load_address>
         <run_address>0x26d6</run_address>
         <size>0xc2</size>
         <input_file_ref idref="fl-49"/>
      </object_component>
      <object_component id="oc-e5">
         <name>.debug_abbrev</name>
         <load_address>0x2798</load_address>
         <run_address>0x2798</run_address>
         <size>0x103</size>
         <input_file_ref idref="fl-4a"/>
      </object_component>
      <object_component id="oc-ea">
         <name>.debug_abbrev</name>
         <load_address>0x289b</load_address>
         <run_address>0x289b</run_address>
         <size>0x140</size>
         <input_file_ref idref="fl-4b"/>
      </object_component>
      <object_component id="oc-ee">
         <name>.debug_abbrev</name>
         <load_address>0x29db</load_address>
         <run_address>0x29db</run_address>
         <size>0x81</size>
         <input_file_ref idref="fl-4c"/>
      </object_component>
      <object_component id="oc-f2">
         <name>.debug_abbrev</name>
         <load_address>0x2a5c</load_address>
         <run_address>0x2a5c</run_address>
         <size>0x9a</size>
         <input_file_ref idref="fl-4d"/>
      </object_component>
      <object_component id="oc-f6">
         <name>.debug_abbrev</name>
         <load_address>0x2af6</load_address>
         <run_address>0x2af6</run_address>
         <size>0xd1</size>
         <input_file_ref idref="fl-4e"/>
      </object_component>
      <object_component id="oc-fa">
         <name>.debug_abbrev</name>
         <load_address>0x2bc7</load_address>
         <run_address>0x2bc7</run_address>
         <size>0xd0</size>
         <input_file_ref idref="fl-4f"/>
      </object_component>
      <object_component id="oc-fe">
         <name>.debug_abbrev</name>
         <load_address>0x2c97</load_address>
         <run_address>0x2c97</run_address>
         <size>0xb7</size>
         <input_file_ref idref="fl-50"/>
      </object_component>
      <object_component id="oc-102">
         <name>.debug_abbrev</name>
         <load_address>0x2d4e</load_address>
[...]
      </symbol>
      <symbol id="sm-bc">
         <name>_second_order_IIR_Direct_Form_II_f</name>
         <value>0x22b7f</value>
         <object_component_ref idref="oc-28"/>
      </symbol>
      <symbol id="sm-bd">
         <name>_Nth_order_IIR</name>
         <value>0x22b58</value>
         <object_component_ref idref="oc-28"/>
      </symbol>
      <symbol id="sm-be">
         <name>_fourth_order_IIR</name>
         <value>0x229d0</value>
         <object_component_ref idref="oc-28"/>
      </symbol>
      <symbol id="sm-df">
         <name>_main</name>
         <value>0x23b50</value>
         <object_component_ref idref="oc-2e"/>
      </symbol>
      <symbol id="sm-e0">
         <name>_iir_coeff</name>
         <value>0x5af8</value>
         <object_component_ref idref="oc-2f"/>
      </symbol>
      <symbol id="sm-e1">
         <name>_InputBufferL</name>
         <value>0x5b08</value>
         <object_component_ref idref="oc-2f"/>
      </symbol>
      <symbol id="sm-e2">
         <name>_InputBufferR</name>
         <value>0x5c08</value>
         <object_component_ref idref="oc-2f"/>
      </symbol>
      <symbol id="sm-f2">
         <name>_setWritePointerToFirstChar</name>
         <value>0x24ae0</value>
         <object_component_ref idref="oc-36"/>
      </symbol>
      <symbol id="sm-f3">
         <name>_clearLCD</name>
         <value>0x24acd</value>
         <object_component_ref idref="oc-36"/>
      </symbol>
      <symbol id="sm-f4">
         <name>_initPrintNumber</name>
         <value>0x24acb</value>
         <object_component_ref idref="oc-36"/>
      </symbol>
      <symbol id="sm-f5">
         <name>_sign_width</name>
         <value>0x61c6</value>
         <object_component_ref idref="oc-38"/>
      </symbol>
      <symbol id="sm-f6">
         <name>_printChar</name>
         <value>0x24af3</value>
         <object_component_ref idref="oc-36"/>
      </symbol>
      <symbol id="sm-100">
         <name>_p_window</name>
         <value>0x5fc0</value>
         <object_component_ref idref="oc-3d"/>
      </symbol>
      <symbol id="sm-101">
         <name>_window</name>
         <value>0x5fbc</value>
         <object_component_ref idref="oc-3d"/>
      </symbol>
      <symbol id="sm-10f">
         <name>_EZDSP5535_waitusec</name>
         <value>0x24930</value>
         <object_component_ref idref="oc-41"/>
      </symbol>
      <symbol id="sm-110">
         <name>_EZDSP5535_init</name>
         <value>0x24942</value>
         <object_component_ref idref="oc-41"/>
      </symbol>
      <symbol id="sm-111">
         <name>_EZDSP5535_wait</name>
         <value>0x248fc</value>
         <object_component_ref idref="oc-41"/>
      </symbol>
      <symbol id="sm-11b">
         <name>__addd</name>
         <value>0x2311d</value>
         <object_component_ref idref="oc-46"/>
      </symbol>
      <symbol id="sm-127">
         <name>__sysstack</name>
         <value>0x20c0</value>
         <object_component_ref idref="oc-11f"/>
      </symbol>
      <symbol id="sm-128">
         <name>_c_int00</name>
         <value>0x24b89</value>
         <object_component_ref idref="oc-11"/>
      </symbol>
      <symbol id="sm-129">
         <name>__stack</name>
         <value>0xc0</value>
         <object_component_ref idref="oc-4a"/>
      </symbol>
      <symbol id="sm-139">
         <name>C$$EXIT</name>
         <value>0x24cb3</value>
         <object_component_ref idref="oc-52"/>
      </symbol>
      <symbol id="sm-13a">
         <name>_exit</name>
         <value>0x24b4b</value>
         <object_component_ref idref="oc-4e"/>
      </symbol>
      <symbol id="sm-13b">
         <name>_abort</name>
         <value>0x24cb2</value>
         <object_component_ref idref="oc-52"/>
      </symbol>
      <symbol id="sm-13c">
         <name>__cleanup_ptr</name>
         <value>0x5fb4</value>
         <object_component_ref idref="oc-4f"/>
      </symbol>
      <symbol id="sm-13d">
         <name>__dtors_ptr</name>
         <value>0x5fb8</value>
         <object_component_ref idref="oc-4f"/>
      </symbol>
      <symbol id="sm-147">
         <name>_fclose</name>
         <value>0x2451c</value>
         <object_component_ref idref="oc-55"/>
      </symbol>
      <symbol id="sm-151">
         <name>__doflush</name>
         <value>0x2412e</value>
         <object_component_ref idref="oc-59"/>
      </symbol>
      <symbol id="sm-152">
         <name>_fflush</name>
         <value>0x24197</value>
         <object_component_ref idref="oc-59"/>
      </symbol>
      <symbol id="sm-161">
         <name>__cleanup</name>
         <value>0x22d61</value>
         <object_component_ref idref="oc-5d"/>
      </symbol>
      <symbol id="sm-162">
         <name>_fopen</name>
         <value>0x22e84</value>
         <object_component_ref idref="oc-5d"/>
      </symbol>
      <symbol id="sm-163">
         <name>_freopen</name>
         <value>0x22dbb</value>
         <object_component_ref idref="oc-5d"/>
      </symbol>
      <symbol id="sm-16d">
         <name>_fread</name>
         <value>0x23c6a</value>
         <object_component_ref idref="oc-63"/>
      </symbol>
      <symbol id="sm-179">
         <name>_fwrite</name>
         <value>0x23377</value>
         <object_component_ref idref="oc-67"/>
      </symbol>
      <symbol id="sm-18b">
         <name>_add_device</name>
         <value>0x219f7</value>
         <object_component_ref idref="oc-6b"/>
      </symbol>
      <symbol id="sm-18c">
         <name>_rename</name>
         <value>0x21719</value>
         <object_component_ref idref="oc-6b"/>
      </symbol>
      <symbol id="sm-18d">
         <name>_read</name>
         <value>0x217a8</value>
         <object_component_ref idref="oc-6b"/>
      </symbol>
      <symbol id="sm-18e">
         <name>_unlink</name>
         <value>0x216e6</value>
         <object_component_ref idref="oc-6b"/>
      </symbol>
      <symbol id="sm-18f">
         <name>_remove_device</name>
         <value>0x21772</value>
         <object_component_ref idref="oc-6b"/>
      </symbol>
      <symbol id="sm-190">
         <name>_open</name>
         <value>0x21856</value>
         <object_component_ref idref="oc-6b"/>
      </symbol>
      <symbol id="sm-191">
         <name>_find_registered_device</name>
         <value>0x2197b</value>
         <object_component_ref idref="oc-6b"/>
      </symbol>
      <symbol id="sm-192">
         <name>_lseek</name>
         <value>0x21915</value>
         <object_component_ref idref="oc-6b"/>
      </symbol>
      <symbol id="sm-193">
         <name>_close</name>
         <value>0x21984</value>
         <object_component_ref idref="oc-6b"/>
      </symbol>
      <symbol id="sm-194">
         <name>_write</name>
         <value>0x215a4</value>
         <object_component_ref idref="oc-6b"/>
      </symbol>
      <symbol id="sm-19c">
         <name>_memcpy</name>
         <value>0x24b0c</value>
         <object_component_ref idref="oc-71"/>
      </symbol>
      <symbol id="sm-1ac">
         <name>__sys_memory</name>
         <value>0x30c0</value>
         <object_component_ref idref="oc-79"/>
      </symbol>
      <symbol id="sm-1ad">
         <name>_chkheap</name>
         <value>0x22496</value>
         <object_component_ref idref="oc-75"/>
      </symbol>
      <symbol id="sm-1ae">
         <name>_realloc</name>
         <value>0x22235</value>
         <object_component_ref idref="oc-75"/>
      </symbol>
      <symbol id="sm-1af">
         <name>_free_memory</name>
         <value>0x22440</value>
         <object_component_ref idref="oc-75"/>
      </symbol>
      <symbol id="sm-1b0">
         <name>_max_free</name>
         <value>0x223e6</value>
         <object_component_ref idref="oc-75"/>
      </symbol>
      <symbol id="sm-1b1">
         <name>_free</name>
         <value>0x2200f</value>
         <object_component_ref idref="oc-75"/>
      </symbol>
      <symbol id="sm-1b2">
         <name>_calloc</name>
         <value>0x2249e</value>
         <object_component_ref idref="oc-75"/>
      </symbol>
      <symbol id="sm-1b3">
         <name>_malloc</name>
         <value>0x22140</value>
         <object_component_ref idref="oc-75"/>
      </symbol>
      <symbol id="sm-1b4">
         <name>_minit</name>
         <value>0x220db</value>
         <object_component_ref idref="oc-75"/>
      </symbol>
      <symbol id="sm-1be">
         <name>_memset</name>
         <value>0x24c87</value>
         <object_component_ref idref="oc-7c"/>
      </symbol>
      <symbol id="sm-1c8">
         <name>__mpyd</name>
         <value>0x23a04</value>
         <object_component_ref idref="oc-80"/>
      </symbol>
      <symbol id="sm-1d2">
         <name>_printf</name>
         <value>0x24950</value>
         <object_component_ref idref="oc-84"/>
      </symbol>
      <symbol id="sm-1dc">
         <name>_remove</name>
         <value>0x24ca8</value>
         <object_component_ref idref="oc-88"/>
      </symbol>
      <symbol id="sm-1e6">
         <name>__subd</name>
         <value>0x24c4e</value>
         <object_component_ref idref="oc-8c"/>
      </symbol>
      <symbol id="sm-1f2">
         <name>_HOSTopen</name>
         <value>0x21df2</value>
         <object_component_ref idref="oc-90"/>
      </symbol>
      <symbol id="sm-1f3">
         <name>_HOSTread</name>
         <value>0x21d65</value>
         <object_component_ref idref="oc-90"/>
      </symbol>
      <symbol id="sm-1f4">
         <name>_HOSTtime</name>
         <value>0x21c59</value>
         <object_component_ref idref="oc-90"/>
      </symbol>
      <symbol id="sm-1f5">
         <name>_getenv</name>
         <value>0x21ae7</value>
         <object_component_ref idref="oc-90"/>
      </symbol>
      <symbol id="sm-1f6">
         <name>_HOSTrename</name>
         <value>0x21cb7</value>
         <object_component_ref idref="oc-90"/>
      </symbol>
      <symbol id="sm-1f7">
         <name>_HOSTclock</name>
         <value>0x21fb1</value>
         <object_component_ref idref="oc-90"/>
      </symbol>
      <symbol id="sm-1f8">
         <name>_HOSTwrite</name>
         <value>0x21b62</value>
         <object_component_ref idref="oc-90"/>
      </symbol>
      <symbol id="sm-1f9">
         <name>_HOSTlseek</name>
         <value>0x21e91</value>
         <object_component_ref idref="oc-90"/>
      </symbol>
      <symbol id="sm-1fa">
         <name>_HOSTunlink</name>
         <value>0x21bef</value>
         <object_component_ref idref="oc-90"/>
      </symbol>
      <symbol id="sm-1fb">
         <name>_HOSTclose</name>
         <value>0x21f46</value>
         <object_component_ref idref="oc-90"/>
      </symbol>
      <symbol id="sm-20d">
         <name>C$$IO$$</name>
         <value>0x242a5</value>
         <object_component_ref idref="oc-98"/>
      </symbol>
      <symbol id="sm-20e">
         <name>__CIOBUF_</name>
         <value>0x40000</value>
         <object_component_ref idref="oc-97"/>
      </symbol>
      <symbol id="sm-20f">
         <name>_readmsg</name>
         <value>0x24761</value>
         <object_component_ref idref="oc-95"/>
      </symbol>
      <symbol id="sm-210">
         <name>_writemsg</name>
         <value>0x241f0</value>
         <object_component_ref idref="oc-98"/>
      </symbol>
      <symbol id="sm-218">
         <name>__remu</name>
         <value>0x24bfc</value>
         <object_component_ref idref="oc-9b"/>
      </symbol>
      <symbol id="sm-219">
         <name>__divu</name>
         <value>0x24be7</value>
         <object_component_ref idref="oc-9b"/>
      </symbol>
      <symbol id="sm-21a">
         <name>I$$UMOD</name>
         <value>0x24bfc</value>
         <object_component_ref idref="oc-9b"/>
      </symbol>
      <symbol id="sm-21b">
         <name>I$$UDIV</name>
         <value>0x24be7</value>
         <object_component_ref idref="oc-9b"/>
      </symbol>
      <symbol id="sm-225">
         <name>_Reset</name>
         <value>0x4fe00</value>
         <object_component_ref idref="oc-12"/>
      </symbol>
      <symbol id="sm-22f">
         <name>__buff_read</name>
         <value>0x242aa</value>
         <object_component_ref idref="oc-a3"/>
      </symbol>
      <symbol id="sm-239">
         <name>__rd_ok</name>
         <value>0x240d1</value>
         <object_component_ref idref="oc-a7"/>
      </symbol>
      <symbol id="sm-23a">
         <name>__wrt_ok</name>
         <value>0x24051</value>
         <object_component_ref idref="oc-a7"/>
      </symbol>
      <symbol id="sm-248">
         <name>__unlock</name>
         <value>0x5fb0</value>
         <object_component_ref idref="oc-ac"/>
      </symbol>
      <symbol id="sm-249">
         <name>__lock</name>
         <value>0x5fac</value>
         <object_component_ref idref="oc-ac"/>
      </symbol>
      <symbol id="sm-24a">
         <name>__register_lock</name>
         <value>0x24c7d</value>
         <object_component_ref idref="oc-ab"/>
      </symbol>
      <symbol id="sm-24b">
         <name>__nop</name>
         <value>0x24c85</value>
         <object_component_ref idref="oc-ab"/>
      </symbol>
      <symbol id="sm-24c">
         <name>__register_unlock</name>
         <value>0x24c75</value>
         <object_component_ref idref="oc-ab"/>
      </symbol>
      <symbol id="sm-25e">
         <name>__printfi</name>
         <value>0x21362</value>
         <object_component_ref idref="oc-b1"/>
      </symbol>
      <symbol id="sm-268">
         <name>__args_main</name>
         <value>0x249ed</value>
         <object_component_ref idref="oc-b7"/>
      </symbol>
      <symbol id="sm-269">
         <name>__TI_args_main</name>
         <value>0x1</value>
      </symbol>
      <symbol id="sm-273">
         <name>_atoi</name>
         <value>0x248a0</value>
         <object_component_ref idref="oc-bb"/>
      </symbol>
      <symbol id="sm-27b">
         <name>_auto_init</name>
         <value>0x249a0</value>
         <object_component_ref idref="oc-bf"/>
      </symbol>
      <symbol id="sm-285">
         <name>__eqld</name>
         <value>0x236c3</value>
         <object_component_ref idref="oc-c3"/>
      </symbol>
      <symbol id="sm-286">
         <name>__cmpd</name>
         <value>0x236f7</value>
         <object_component_ref idref="oc-c3"/>
      </symbol>
      <symbol id="sm-287">
         <name>__neqd</name>
         <value>0x23565</value>
         <object_component_ref idref="oc-c3"/>
      </symbol>
      <symbol id="sm-288">
         <name>__gtrd</name>
         <value>0x2362e</value>
         <object_component_ref idref="oc-c3"/>
      </symbol>
      <symbol id="sm-289">
         <name>__geqd</name>
         <value>0x23679</value>
         <object_component_ref idref="oc-c3"/>
      </symbol>
      <symbol id="sm-28a">
         <name>__leqd</name>
         <value>0x235e1</value>
         <object_component_ref idref="oc-c3"/>
      </symbol>
      <symbol id="sm-28b">
         <name>__lssd</name>
         <value>0x23599</value>
         <object_component_ref idref="oc-c3"/>
      </symbol>
      <symbol id="sm-293">
         <name>__ctypes_</name>
         <value>0x5fc4</value>
         <object_component_ref idref="oc-120"/>
      </symbol>
      <symbol id="sm-29d">
         <name>__tmpnams</name>
         <value>0x59b0</value>
         <object_component_ref idref="oc-c9"/>
      </symbol>
      <symbol id="sm-29e">
         <name>__ft_end</name>
         <value>0x5af0</value>
         <object_component_ref idref="oc-c9"/>
      </symbol>
      <symbol id="sm-29f">
         <name>__ftable</name>
         <value>0x58c0</value>
         <object_component_ref idref="oc-c9"/>
      </symbol>
      <symbol id="sm-2ab">
         <name>__divd</name>
         <value>0x224c4</value>
         <object_component_ref idref="oc-cd"/>
      </symbol>
      <symbol id="sm-2b6">
         <name>__divul</name>
         <value>0x243fe</value>
         <object_component_ref idref="oc-d1"/>
      </symbol>
      <symbol id="sm-2c0">
         <name>__fixdi</name>
         <value>0x24bbd</value>
         <object_component_ref idref="oc-d5"/>
      </symbol>
      <symbol id="sm-2ca">
         <name>__fixdli</name>
         <value>0x246f2</value>
         <object_component_ref idref="oc-d9"/>
      </symbol>
      <symbol id="sm-2d6">
         <name>__fltlid</name>
         <value>0x24839</value>
         <object_component_ref idref="oc-dd"/>
      </symbol>
      <symbol id="sm-2e0">
         <name>_putchar</name>
         <value>0x243ef</value>
         <object_component_ref idref="oc-e2"/>
      </symbol>
      <symbol id="sm-2e1">
         <name>_putc</name>
         <value>0x24358</value>
         <object_component_ref idref="oc-e2"/>
      </symbol>
      <symbol id="sm-2e2">
         <name>_fputc</name>
         <value>0x24358</value>
         <object_component_ref idref="oc-e2"/>
      </symbol>
      <symbol id="sm-2f0">
         <name>_puts</name>
         <value>0x23884</value>
         <object_component_ref idref="oc-e6"/>
      </symbol>
      <symbol id="sm-2f1">
         <name>_fputs</name>
         <value>0x2374f</value>
         <object_component_ref idref="oc-e6"/>
      </symbol>
      <symbol id="sm-2fb">
         <name>__frcmpyd</name>
         <value>0x24597</value>
         <object_component_ref idref="oc-eb"/>
      </symbol>
      <symbol id="sm-305">
         <name>__frcmpyd_div</name>
         <value>0x2460d</value>
         <object_component_ref idref="oc-ef"/>
      </symbol>
      <symbol id="sm-30f">
         <name>_fseek</name>
         <value>0x247ce</value>
         <object_component_ref idref="oc-f3"/>
      </symbol>
      <symbol id="sm-319">
         <name>___isinf</name>
         <value>0x24c34</value>
         <object_component_ref idref="oc-f7"/>
      </symbol>
      <symbol id="sm-323">
         <name>__divull</name>
         <value>0x22ff4</value>
         <object_component_ref idref="oc-fb"/>
      </symbol>
      <symbol id="sm-324">
         <name>__mpylli</name>
         <value>0x22f3c</value>
         <object_component_ref idref="oc-fb"/>
      </symbol>
      <symbol id="sm-325">
         <name>__remlli</name>
         <value>0x22f0d</value>
         <object_component_ref idref="oc-fb"/>
      </symbol>
      <symbol id="sm-326">
         <name>__divlli</name>
         <value>0x230e8</value>
         <object_component_ref idref="oc-fb"/>
      </symbol>
      <symbol id="sm-327">
         <name>__remull</name>
         <value>0x22ebf</value>
         <object_component_ref idref="oc-fb"/>
      </symbol>
      <symbol id="sm-32f">
         <name>__mpyli</name>
         <value>0x24c62</value>
         <object_component_ref idref="oc-ff"/>
      </symbol>
      <symbol id="sm-330">
         <name>I$$LMPY</name>
         <value>0x24c62</value>
         <object_component_ref idref="oc-ff"/>
      </symbol>
      <symbol id="sm-33a">
         <name>_ltoa</name>
         <value>0x2449f</value>
         <object_component_ref idref="oc-103"/>
      </symbol>
      <symbol id="sm-345">
         <name>_memccpy</name>
         <value>0x24c11</value>
         <object_component_ref idref="oc-107"/>
      </symbol>
      <symbol id="sm-34f">
         <name>__negd</name>
         <value>0x24c98</value>
         <object_component_ref idref="oc-10b"/>
      </symbol>
      <symbol id="sm-359">
         <name>__remli</name>
         <value>0x24a38</value>
         <object_component_ref idref="oc-10f"/>
      </symbol>
      <symbol id="sm-364">
         <name>__remul</name>
         <value>0x24680</value>
         <object_component_ref idref="oc-113"/>
      </symbol>
      <symbol id="sm-36e">
         <name>_setvbuf</name>
         <value>0x23f6b</value>
         <object_component_ref idref="oc-117"/>
      </symbol>
      <symbol id="sm-378">
         <name>__divli</name>
         <value>0x24a83</value>
         <object_component_ref idref="oc-11b"/>
      </symbol>
   </symbol_table>
</link_info>
