******************************************************************************
              TMS320C55x Linker PC v4.4.1                      
******************************************************************************
>> Linked Thu Jan 11 06:33:51 2018

OUTPUT FILE NAME:   <NoiseRemoval Sim.out>
ENTRY POINT SYMBOL: "_c_int00"  address: 000269a8


MEMORY CONFIGURATION

         name            origin    length      used     unused   attr    fill
                        (bytes)   (bytes)    (bytes)   (bytes)
----------------------  --------  ---------  --------  --------  ----  --------
PAGE 0:
  MMR                   00000000   000000c0  00000000  000000c0  RWIX
  DARAM0                000000c0   0000ff40  00007540  00008a00  RWIX
  SARAM0                00010000   00010000  00000000  00010000  RWIX
  SARAM1                00020000   00020000  00006aca  00019536  RWIX
  SARAM2                00040000   0000fe00  000005de  0000f822  RWIX
  VECS                  0004fe00   00000200  00000100  00000100  RWIX
  PDROM                 00ff8000   00008000  00000000  00008000  R IX

PAGE 2:
  IOPORT                00000000   00020000  00000000  00020000  RWI 


SECTION ALLOCATION MAP
(Addresses surrounded by []'s are displayed for convenience only!)

output                                                          attributes/
section   page  orgn(bytes) orgn(words) len(bytes) len(words)   input sections
--------  ----  ----------- ----------- ---------- ----------   --------------
.pinit       0   [ 00040000 ]  00020000          *   00000000   UNINITIALIZED

.stack       0   [ 000000c0 ]  00000060          *   00001000   UNINITIALIZED
                 [ 000000c0 ]  00000060          *   00001000   --HOLE--

.data        0   [ 000000c0 ]  00000060          *   00000000   UNINITIALIZED

.sysstack 
*            0   [ 000020c0 ]  00001060          *   00000800   UNINITIALIZED
                 [ 000020c0 ]  00001060          *   00000800   --HOLE--

.sysmem      0   [ 000030c0 ]  00001860          *   00001000   UNINITIALIZED
                 [ 000030c0 ]  00001860          *   00001000   --HOLE--

.bss.1       0   [ 000050c0 ]  00002860          *   000008bf   UNINITIALIZED
                 [ 000050c0 ]  00002860          *   00000400   ezdsp5535_aic3204_dma.obj (.bss)
                 [ 000058c0 ]  00002c60          *   000003a5   main.obj (.bss)
                 [ 0000600a ]  00003005          *   00000001   rts55x.lib : fopen.obj (.bss)
                 [ 0000600c ]  00003006          *   00000119              : defs.obj (.bss)

.bss.2       0   [ 00006240 ]  00003120          *   00000243   UNINITIALIZED
                 [ 00006240 ]  00003120          *   00000102   window.obj (.bss)
                 [ 00006444 ]  00003222          *   000000d0   rts55x.lib : trgdrv.obj (.bss)
                 [ 000065e4 ]  000032f2          *   00000071              : lowlev.obj (.bss)

.bss.3       0   [ 000066c8 ]  00003364          *   0000001d   UNINITIALIZED
                 [ 000066c8 ]  00003364          *   00000012   cslVC5505.lib : csl_i2c.obj (.bss)
                 [ 000066ec ]  00003376          *   00000006   rts55x.lib : memory.obj (.bss)
                 [ 000066f8 ]  0000337c          *   00000005   aic3204.obj (.bss)

.bss.4       0   [ 00006704 ]  00003382          *   00000010   UNINITIALIZED
                 [ 00006704 ]  00003382          *   00000004   aic3204_init.obj (.bss)
                 [ 0000670c ]  00003386          *   00000004   ezdsp5535bsl.lib : ezdsp5535_gpio.obj (.bss)
                 [ 00006714 ]  0000338a          *   00000004   rts55x.lib : _lock.obj (.bss)
                 [ 0000671c ]  0000338e          *   00000004              : exit.obj (.bss)

.const.1     0   [ 00006800 ]  00003400          *   00000733   
                 [ 00006800 ]  00003400          *   00000400   55xdspx_r3.lib : twiddle.obj (.const:twiddle)
                 [ 00007000 ]  00003800          *   0000013a   main.obj (.const:.string)
                 [ 00007274 ]  0000393a          *   00000101   rts55x.lib : ctype.obj (.const:__ctypes_)
                 [ 00007476 ]  00003a3b          *   00000001   print_number.obj (.const)
                 [ 00007478 ]  00003a3c          *   00000097   aic3204_init.obj (.const:.string)
                 [ 000075a6 ]  00003ad3          *   00000060   print_number.obj (.const:_consolas_8ptBitmaps)

.const.2     0   [ 00007668 ]  00003b34          *   0000003e   
                 [ 00007668 ]  00003b34          *   00000024   rts55x.lib : _printfi.obj (.const:.string)
                 [ 000076b0 ]  00003b58          *   0000000c              : _printfi.obj (.const)
                 [ 000076c8 ]  00003b64          *   00000008              : divd.obj (.const:_initial_approx$1)
                 [ 000076d8 ]  00003b6c          *   00000002              : fputs.obj (.const:.string)
                 [ 000076dc ]  00003b6e          *   00000002   iir.obj (.const)
                 [ 000076e0 ]  00003b70          *   00000002   rts55x.lib : fltlid.obj (.const)

.text        0     00020000  [ 00010000 ] 00006aca          *   
                   00020000  [ 00010000 ] 000015a4          *   rts55x.lib : _printfi.obj (.text)
                   000215a4  [ 00010ad2 ] 00000c3c          *   cslVC5505.lib : csl_i2c.obj (.text)
                   000221e0  [ 000110f0 ] 0000068d          *                 : csl_gpio.obj (.text)
                   0002286d  [ 00011436+] 00000543          *   rts55x.lib : lowlev.obj (.text)
                   00022db0  [ 000116d8 ] 00000528          *              : trgdrv.obj (.text)
                   000232d8  [ 0001196c ] 000004b5          *              : memory.obj (.text)
                   0002378d  [ 00011bc6+] 00000402          *   main.obj (.text)
                   00023b8f  [ 00011dc7+] 000003cc          *   rts55x.lib : divd.obj (.text)
                   00023f5b  [ 00011fad+] 000003b0          *   iir.obj (.text)
                   0002430b  [ 00012185+] 000002d2          *   print_number.obj (.text)
                   000245dd  [ 000122ee+] 0000027f          *   rts55x.lib : fopen.obj (.text)
                   0002485c  [ 0001242e ] 0000025e          *              : llmpy.obj (.text)
                   00024aba  [ 0001255d ] 0000025a          *              : addd.obj (.text)
                   00024d14  [ 0001268a ] 000001ee          *              : fwrite.obj (.text)
                   00024f02  [ 00012781 ] 000001ea          *              : cmpd.obj (.text)
                   000250ec  [ 00012876 ] 000001d3          *   55xdspx_r3.lib : cfft_scale.obj (.text)
                   000252bf  [ 0001295f+] 00000192          *   ezdsp5535bsl.lib : ezdsp5535_lcd.obj (.text)
                   00025451  [ 00012a28+] 00000163          *   rts55x.lib : fputs.obj (.text)
                   000255b4  [ 00012ada ] 00000152          *   ezdsp5535_aic3204_dma.obj (.text)
                   00025706  [ 00012b83 ] 0000014c          *   rts55x.lib : mpyd.obj (.text)
                   00025852  [ 00012c29 ] 0000010f          *              : fread.obj (.text)
                   00025961  [ 00012cb0+] 000000fc          *   aic3204.obj (.text)
                   00025a5d  [ 00012d2e+] 000000f6          *   aic3204_init.obj (.text)
                   00025b53  [ 00012da9+] 000000e6          *   rts55x.lib : setvbuf.obj (.text)
                   00025c39  [ 00012e1c+] 000000dd          *              : _io_perm.obj (.text)
                   00025d16  [ 00012e8b ] 000000d6          *   55xdspx_r3.lib : cbrev.obj (.text)
                   00025dec  [ 00012ef6 ] 000000c2          *   rts55x.lib : fflush.obj (.text)
                   00025eae  [ 00012f57 ] 000000ba          *              : trgmsg.obj (.text:CIO_breakpoint)
                   00025f68  [ 00012fb4 ] 000000ae          *              : _bufread.obj (.text)
                   00026016  [ 0001300b ] 000000a6          *              : fputc.obj (.text)
                   000260bc  [ 0001305e ] 000000a1          *              : divul.obj (.text)
                   0002615d  [ 000130ae+] 0000008e          *   ezdsp5535bsl.lib : ezdsp5535_i2c.obj (.text)
                   000261eb  [ 000130f5+] 0000008d          *   55xdspx_r3.lib : unpack.obj (.text)
                   00026278  [ 0001313c ] 00000087          *   ezdsp5535bsl.lib : ezdsp5535_gpio.obj (.text)
                   000262ff  [ 0001317f+] 0000007d          *   rts55x.lib : ltoa.obj (.text)
                   0002637c  [ 000131be ] 0000007b          *              : fclose.obj (.text)
                   000263f7  [ 000131fb+] 00000076          *              : frcmpyd.obj (.text)
                   0002646d  [ 00013236+] 00000073          *              : frcmpyd_div.obj (.text)
                   000264e0  [ 00013270 ] 00000072          *              : remul.obj (.text)
                   00026552  [ 000132a9 ] 0000006f          *              : fixdli.obj (.text)
                   000265c1  [ 000132e0+] 0000006d          *              : trgmsg.obj (.text)
                   0002662e  [ 00013317 ] 0000006b          *              : fseek.obj (.text)
                   00026699  [ 0001334c+] 00000067          *              : fltlid.obj (.text)
                   00026700  [ 00013380 ] 0000005c          *              : atoi.obj (.text)
                   0002675c  [ 000133ae ] 00000054          *   ezdsp5535bsl.lib : ezdsp5535.obj (.text)
                   000267b0  [ 000133d8 ] 00000050          *   rts55x.lib : printf.obj (.text)
                   00026800  [ 00013400 ] 0000004d          *              : autoinit.obj (.text)
                   0002684d  [ 00013426+] 0000004b          *              : args_main.obj (.text)
                   00026898  [ 0001344c ] 0000004b          *              : remli.obj (.text)
                   000268e3  [ 00013471+] 00000048          *              : divli.obj (.text)
                   0002692b  [ 00013495+] 0000003f          *              : memcpy.obj (.text)
                   0002696a  [ 000134b5 ] 0000003e          *              : exit.obj (.text)
                   000269a8  [ 000134d4 ] 00000034          *              : boot.obj (.text)
                   000269dc  [ 000134ee ] 0000002a          *              : fixdi.obj (.text)
                   00026a06  [ 00013503 ] 0000002a          *              : udiv.obj (.text)
                   00026a30  [ 00013518 ] 00000023          *              : memccpy.obj (.text)
                   00026a53  [ 00013529+] 0000001a          *              : isinf.obj (.text)
                   00026a6d  [ 00013536+] 00000014          *              : subd.obj (.text)
                   00026a81  [ 00013540+] 00000013          *              : lmpy.obj (.text)
                   00026a94  [ 0001354a ] 00000012          *              : _lock.obj (.text)
                   00026aa6  [ 00013553 ] 00000010          *              : negd.obj (.text)
                   00026ab6  [ 0001355b ] 0000000a          *              : remove.obj (.text)
                   00026ac0  [ 00013560 ] 00000007          *              : exit.obj (.text:CIO_breakpoint)
                   00026ac7  [ 00013563+] 00000002          *              : vectors.obj (.text)
                   00026ac9  [ 00013564 ] 00000001          *   --HOLE-- [fill = 20]

.cinit       0   [ 00040000 ]  00020000          *   000001bb   
                 [ 00040000 ]  00020000          *   00000108   window.obj (.cinit)
                 [ 00040210 ]  00020108          *   00000031   main.obj (.cinit)
                 [ 00040272 ]  00020139          *   0000002d   rts55x.lib : lowlev.obj (.cinit)
                 [ 000402cc ]  00020166          *   0000002a              : defs.obj (.cinit)
                 [ 00040320 ]  00020190          *   0000000a   aic3204_init.obj (.cinit)
                 [ 00040334 ]  0002019a          *   0000000a   rts55x.lib : _lock.obj (.cinit)
                 [ 00040348 ]  000201a4          *   0000000a              : exit.obj (.cinit)
                 [ 0004035c ]  000201ae          *   00000004   aic3204.obj (.cinit)
                 [ 00040364 ]  000201b2          *   00000004   rts55x.lib : fopen.obj (.cinit)
                 [ 0004036c ]  000201b6          *   00000004              : memory.obj (.cinit)
                 [ 00040374 ]  000201ba          *   00000001   --HOLE-- [fill = 0]

.cio         0   [ 00040378 ]  000201bc          *   00000120   UNINITIALIZED
                 [ 00040378 ]  000201bc          *   00000120   rts55x.lib : trgmsg.obj (.cio)

.switch      0   [ 000405b8 ]  000202dc          *   00000014   
                 [ 000405b8 ]  000202dc          *   00000014   print_number.obj (.switch:_printChar)

vectors      0     0004fe00  [ 00027f00 ] 00000100          *   
                   0004fe00  [ 00027f00 ] 00000100          *   rts55x.lib : vectors.obj (vectors)


GLOBAL SYMBOLS: SORTED ALPHABETICALLY BY Name 

abs. value/
byte addr   word addr   name
---------   ---------   ----
00000002                $TI_capability$C5500$CallingConvention
00000002                $TI_capability$C5500$MemoryModel
00000001                $TI_capability_requires_rev3
ffffffff                .bss
ffffffff                .data
ffffffff                .text
00026ac1                C$$EXIT
00025f63                C$$IO$$
00026a81                I$$LMPY
00026a06                I$$UDIV
00026a1b                I$$UMOD
000262e1                _EZDSP5535_GPIO_getInput
00026278                _EZDSP5535_GPIO_init
000262a3                _EZDSP5535_GPIO_setDirection
000262c7                _EZDSP5535_GPIO_setOutput
0002615d                _EZDSP5535_I2C_init
000261c3                _EZDSP5535_I2C_read
00026192                _EZDSP5535_I2C_reset
0002619d                _EZDSP5535_I2C_write
00025332                _EZDSP5535_OSD9616_init
000252e7                _EZDSP5535_OSD9616_multiSend
00025414                _EZDSP5535_OSD9616_printLetter
000252bf                _EZDSP5535_OSD9616_send
000267a2                _EZDSP5535_init
0002675c                _EZDSP5535_wait
00026790                _EZDSP5535_waitusec
000226cb                _GPIO_clearInt
00022224                _GPIO_close
00022248                _GPIO_config
0002247b                _GPIO_configBit
000225c3                _GPIO_disableInt
00022641                _GPIO_enableInt
000222cd                _GPIO_getConfig
000221e0                _GPIO_open
00022355                _GPIO_read
000227de                _GPIO_reset
00022757                _GPIO_statusBit
000223d8                _GPIO_write
            00003386    _GpioObj
0002327a                _HOSTclock
0002320f                _HOSTclose
0002315a                _HOSTlseek
000230bb                _HOSTopen
0002302e                _HOSTread
00022f80                _HOSTrename
00022f22                _HOSTtime
00022eb8                _HOSTunlink
00022e2b                _HOSTwrite
0002164d                _I2C_config
00022018                _I2C_eventDisable
00021ee4                _I2C_eventEnable
000217b2                _I2C_getConfig
000221c4                _I2C_getEventId
000215a4                _I2C_init
00021cc6                _I2C_read
00022137                _I2C_setCallback
00021888                _I2C_setup
00021a82                _I2C_write
            00002c60    _InputBufferL
            00002ce0    _InputBufferR
00024223                _Nth_order_IIR
0004fe00                _Reset
            00002860    _SimulatorInput
            00002a60    _SimulatorOutput
            000201bc    __CIOBUF_
            00001060    __STACK_END
00002000                __STACK_SIZE
00002000                __SYSMEM_SIZE
00001000                __SYSSTACK_SIZE
00000001                __TI_args_main
ffffffff                ___binit__
ffffffff                ___bss__
ffffffff                ___c_args__
            00020000    ___cinit__
ffffffff                ___data__
ffffffff                ___edata__
ffffffff                ___end__
ffffffff                ___etext__
00026a53                ___isinf
ffffffff                ___pinit__
ffffffff                ___text__
00024aba                __addd
0002684d                __args_main
00025f68                __buff_read
000246fe                __cleanup
            0000338e    __cleanup_ptr
00025094                __cmpd
            0000393a    __ctypes_
00023b8f                __divd
000268e3                __divli
00024a85                __divlli
00026a06                __divu
000260bc                __divul
00024991                __divull
00025dec                __doflush
            00003390    __dtors_ptr
00025060                __eqld
000269dc                __fixdi
00026552                __fixdli
00026699                __fltlid
000263f7                __frcmpyd
0002646d                __frcmpyd_div
            0000311e    __ft_end
            00003006    __ftable
00025016                __geqd
00024fcb                __gtrd
00024f7e                __leqd
            0000338a    __lock
00024f36                __lssd
00025706                __mpyd
00026a81                __mpyli
000248d9                __mpylli
00026aa6                __negd
00024f02                __neqd
00026aa4                __nop
00021362                __printfi
00025cb9                __rd_ok
00026a9c                __register_lock
00026a94                __register_unlock
00026898                __remli
000248aa                __remlli
00026a1b                __remu
000264e0                __remul
0002485c                __remull
            00000060    __stack
00026a6d                __subd
            00001860    __sys_memory
            00001060    __sysstack
            0000307e    __tmpnams
            0000338c    __unlock
00025c39                __wrt_ok
00026ac0                _abort
00022cc0                _add_device
00025997                _aic3204_codec_read
00025a07                _aic3204_codec_write
00025963                _aic3204_disable
000255b4                _aic3204_dma_init
            00003380    _aic3204_enabled
00025961                _aic3204_hardware_init
00025a81                _aic3204_init
000255b6                _aic3204_read_block
00025a5d                _aic3204_set_input_filename
00025a6f                _aic3204_set_output_filename
00025667                _aic3204_write_block
00026700                _atoi
00026800                _auto_init
000269a8                _c_int00
00023767                _calloc
00025d16                _cbrev
000250ec                _cfft_SCALE
0002375f                _chkheap
000243a9                _clearLCD
00022c4d                _close
            00002fec    _coefficients_1520
            00002ff1    _coefficients_1980
            00002ff6    _coefficients_2490
            00002ffb    _coefficients_3110
            00002fe4    _componentPower
            00003ad3    _consolas_8ptBitmaps
0002696a                _exit
0002637c                _fclose
00025e55                _fflush
            00002ee0    _fftBuffer
00022c44                _find_registered_device
00023f5b                _first_order_IIR
00024821                _fopen
0002409b                _fourth_order_IIR
00026016                _fputc
00025451                _fputs
00025852                _fread
000232d8                _free
00023709                _free_memory
00024758                _freopen
0002662e                _fseek
00024d14                _fwrite
            00003364    _gI2cObj
00022db0                _getenv
            00003388    _hGpio
00024238                _halfband
            00003374    _i2cHandle
            00002fe0    _importantComponents
0002430b                _initPrintNumber
            0000337c    _input_file
00022bde                _lseek
000262ff                _ltoa
0002378d                _main
00023409                _malloc
000236af                _max_free
00026a30                _memccpy
0002692b                _memcpy
000233a4                _minit
            00002e60    _newValues
            00002de0    _oldValues
00022b1f                _open
            00002d60    _outputBufferL
            0000337e    _output_file
            00003220    _p_window
00024477                _printChar
000267b0                _printf
00026016                _putc
000260ad                _putchar
00025586                _puts
00022a71                _read
000265c1                _readmsg
000234fe                _realloc
00026ab6                _remove
00022a3b                _remove_device
000229e2                _rename
            00003004    _rezultat
00023fe2                _second_order_IIR
0002424a                _second_order_IIR_Direct_Form_II_f
00024455                _setWritePointerToFirstChar
00025b46                _set_sampling_frequency_and_gain
00025b53                _setvbuf
            00003a3b    _sign_width
000229af                _unlink
000261eb                _unpack
            00003120    _window
0002286d                _write
00025eae                _writemsg
            00003000    _z_x
            00003002    _z_y
ffffffff                binit
            00020000    cinit
ffffffff                edata
ffffffff                end
ffffffff                etext
ffffffff                pinit
            00003400    twiddle


GLOBAL SYMBOLS: SORTED BY Symbol Address 

abs. value/
byte addr   word addr   name
---------   ---------   ----
00000001                $TI_capability_requires_rev3
00000001                __TI_args_main
00000002                $TI_capability$C5500$CallingConvention
00000002                $TI_capability$C5500$MemoryModel
            00000060    __stack
00001000                __SYSSTACK_SIZE
00002000                __STACK_SIZE
00002000                __SYSMEM_SIZE
            00001060    __STACK_END
            00001060    __sysstack
            00001860    __sys_memory
            00002860    _SimulatorInput
            00002a60    _SimulatorOutput
            00002c60    _InputBufferL
            00002ce0    _InputBufferR
            00002d60    _outputBufferL
            00002de0    _oldValues
            00002e60    _newValues
            00002ee0    _fftBuffer
            00002fe0    _importantComponents
            00002fe4    _componentPower
            00002fec    _coefficients_1520
            00002ff1    _coefficients_1980
            00002ff6    _coefficients_2490
            00002ffb    _coefficients_3110
            00003000    _z_x
            00003002    _z_y
            00003004    _rezultat
            00003006    __ftable
            0000307e    __tmpnams
            0000311e    __ft_end
            00003120    _window
            00003220    _p_window
            00003364    _gI2cObj
            00003374    _i2cHandle
            0000337c    _input_file
            0000337e    _output_file
            00003380    _aic3204_enabled
            00003386    _GpioObj
            00003388    _hGpio
            0000338a    __lock
            0000338c    __unlock
            0000338e    __cleanup_ptr
            00003390    __dtors_ptr
            00003400    twiddle
            0000393a    __ctypes_
            00003a3b    _sign_width
            00003ad3    _consolas_8ptBitmaps
00021362                __printfi
000215a4                _I2C_init
0002164d                _I2C_config
000217b2                _I2C_getConfig
00021888                _I2C_setup
00021a82                _I2C_write
00021cc6                _I2C_read
00021ee4                _I2C_eventEnable
00022018                _I2C_eventDisable
00022137                _I2C_setCallback
000221c4                _I2C_getEventId
000221e0                _GPIO_open
00022224                _GPIO_close
00022248                _GPIO_config
000222cd                _GPIO_getConfig
00022355                _GPIO_read
000223d8                _GPIO_write
0002247b                _GPIO_configBit
000225c3                _GPIO_disableInt
00022641                _GPIO_enableInt
000226cb                _GPIO_clearInt
00022757                _GPIO_statusBit
000227de                _GPIO_reset
0002286d                _write
000229af                _unlink
000229e2                _rename
00022a3b                _remove_device
00022a71                _read
00022b1f                _open
00022bde                _lseek
00022c44                _find_registered_device
00022c4d                _close
00022cc0                _add_device
00022db0                _getenv
00022e2b                _HOSTwrite
00022eb8                _HOSTunlink
00022f22                _HOSTtime
00022f80                _HOSTrename
0002302e                _HOSTread
000230bb                _HOSTopen
0002315a                _HOSTlseek
0002320f                _HOSTclose
0002327a                _HOSTclock
000232d8                _free
000233a4                _minit
00023409                _malloc
000234fe                _realloc
000236af                _max_free
00023709                _free_memory
0002375f                _chkheap
00023767                _calloc
0002378d                _main
00023b8f                __divd
00023f5b                _first_order_IIR
00023fe2                _second_order_IIR
0002409b                _fourth_order_IIR
00024223                _Nth_order_IIR
00024238                _halfband
0002424a                _second_order_IIR_Direct_Form_II_f
0002430b                _initPrintNumber
000243a9                _clearLCD
00024455                _setWritePointerToFirstChar
00024477                _printChar
000246fe                __cleanup
00024758                _freopen
00024821                _fopen
0002485c                __remull
000248aa                __remlli
000248d9                __mpylli
00024991                __divull
00024a85                __divlli
00024aba                __addd
00024d14                _fwrite
00024f02                __neqd
00024f36                __lssd
00024f7e                __leqd
00024fcb                __gtrd
00025016                __geqd
00025060                __eqld
00025094                __cmpd
000250ec                _cfft_SCALE
000252bf                _EZDSP5535_OSD9616_send
000252e7                _EZDSP5535_OSD9616_multiSend
00025332                _EZDSP5535_OSD9616_init
00025414                _EZDSP5535_OSD9616_printLetter
00025451                _fputs
00025586                _puts
000255b4                _aic3204_dma_init
000255b6                _aic3204_read_block
00025667                _aic3204_write_block
00025706                __mpyd
00025852                _fread
00025961                _aic3204_hardware_init
00025963                _aic3204_disable
00025997                _aic3204_codec_read
00025a07                _aic3204_codec_write
00025a5d                _aic3204_set_input_filename
00025a6f                _aic3204_set_output_filename
00025a81                _aic3204_init
00025b46                _set_sampling_frequency_and_gain
00025b53                _setvbuf
00025c39                __wrt_ok
00025cb9                __rd_ok
00025d16                _cbrev
00025dec                __doflush
00025e55                _fflush
00025eae                _writemsg
00025f63                C$$IO$$
00025f68                __buff_read
00026016                _fputc
00026016                _putc
000260ad                _putchar
000260bc                __divul
0002615d                _EZDSP5535_I2C_init
00026192                _EZDSP5535_I2C_reset
0002619d                _EZDSP5535_I2C_write
000261c3                _EZDSP5535_I2C_read
000261eb                _unpack
00026278                _EZDSP5535_GPIO_init
000262a3                _EZDSP5535_GPIO_setDirection
000262c7                _EZDSP5535_GPIO_setOutput
000262e1                _EZDSP5535_GPIO_getInput
000262ff                _ltoa
0002637c                _fclose
000263f7                __frcmpyd
0002646d                __frcmpyd_div
000264e0                __remul
00026552                __fixdli
000265c1                _readmsg
0002662e                _fseek
00026699                __fltlid
00026700                _atoi
0002675c                _EZDSP5535_wait
00026790                _EZDSP5535_waitusec
000267a2                _EZDSP5535_init
000267b0                _printf
00026800                _auto_init
0002684d                __args_main
00026898                __remli
000268e3                __divli
0002692b                _memcpy
0002696a                _exit
000269a8                _c_int00
000269dc                __fixdi
00026a06                I$$UDIV
00026a06                __divu
00026a1b                I$$UMOD
00026a1b                __remu
00026a30                _memccpy
00026a53                ___isinf
00026a6d                __subd
00026a81                I$$LMPY
00026a81                __mpyli
00026a94                __register_unlock
00026a9c                __register_lock
00026aa4                __nop
00026aa6                __negd
00026ab6                _remove
00026ac0                _abort
00026ac1                C$$EXIT
            00020000    ___cinit__
            00020000    cinit
            000201bc    __CIOBUF_
0004fe00                _Reset
ffffffff                .bss
ffffffff                .data
ffffffff                .text
ffffffff                ___binit__
ffffffff                ___bss__
ffffffff                ___c_args__
ffffffff                ___data__
ffffffff                ___edata__
ffffffff                ___end__
ffffffff                ___etext__
ffffffff                ___pinit__
ffffffff                ___text__
ffffffff                binit
ffffffff                edata
ffffffff                end
ffffffff                etext
ffffffff                pinit

[229 symbols]
