******************************************************************************
              TMS320C55x Linker PC v4.4.1                      
******************************************************************************
>> Linked Thu Dec 14 10:53:28 2017

OUTPUT FILE NAME:   <NoiseGenerator.out>
ENTRY POINT SYMBOL: "_c_int00"  address: 0002818b


MEMORY CONFIGURATION

         name            origin    length      used     unused   attr    fill
                        (bytes)   (bytes)    (bytes)   (bytes)
----------------------  --------  ---------  --------  --------  ----  --------
PAGE 0:
  MMR                   00000000   000000c0  00000000  000000c0  RWIX
  DARAM0                000000c0   0000ff40  000076f6  0000884a  RWIX
  SARAM0                00010000   00010000  00000000  00010000  RWIX
  SARAM1                00020000   00020000  000082ad  00017d53  RWIX
  SARAM2                00040000   0000fe00  0000137a  0000ea86  RWIX
  VECS                  0004fe00   00000200  00000200  00000000  RWIX
  PDROM                 00ff8000   00008000  00000000  00008000  R IX

PAGE 2:
  IOPORT                00000000   00020000  00000000  00020000  RWI 


SECTION ALLOCATION MAP
(Addresses surrounded by []'s are displayed for convenience only!)

output                                                          attributes/
section   page  orgn(bytes) orgn(words) len(bytes) len(words)   input sections
--------  ----  ----------- ----------- ---------- ----------   --------------
.pinit       0   [ 00040000 ]  00020000          *   00000000   UNINITIALIZED

.stack       0   [ 000000c0 ]  00000060          *   00001000   UNINITIALIZED
                 [ 000000c0 ]  00000060          *   00001000   --HOLE--

.data        0   [ 000000c0 ]  00000060          *   00000000   UNINITIALIZED

.sysstack 
*            0   [ 000020c0 ]  00001060          *   00000800   UNINITIALIZED
                 [ 000020c0 ]  00001060          *   00000800   --HOLE--

.bss.1       0   [ 000030c0 ]  00001860          *   00001017   UNINITIALIZED
                 [ 000030c0 ]  00001860          *   00000802   sine_table.obj (.bss)
                 [ 000040c4 ]  00002062          *   00000002   aic3204.obj (.bss)
                 [ 000040c8 ]  00002064          *   00000408   ezdsp5535_aic3204_dma.obj (.bss)
                 [ 000048d8 ]  0000246c          *   00000119   rts55x.lib : defs.obj (.bss)
                 [ 00004b0a ]  00002585          *   00000001              : fopen.obj (.bss)
                 [ 00004b0c ]  00002586          *   00000002   ezdsp5535bsl.lib : ezdsp5535_i2s.obj (.bss)
                 [ 00004b10 ]  00002588          *   00000100   main.obj (.bss)
                 [ 00004d10 ]  00002688          *   000000d0   rts55x.lib : trgdrv.obj (.bss)
                 [ 00004eb0 ]  00002758          *   00000084   cslVC5505.lib : csl_intc.obj (.bss)
                 [ 00004fb8 ]  000027dc          *   00000071   rts55x.lib : lowlev.obj (.bss)
                 [ 0000509a ]  0000284d          *   0000002a   cslVC5505.lib : csl_i2s.obj (.bss)

.bss.2       0   [ 000050f0 ]  00002878          *   0000002c   UNINITIALIZED
                 [ 000050f0 ]  00002878          *   00000012   cslVC5505.lib : csl_i2c.obj (.bss)
                 [ 00005114 ]  0000288a          *   00000008   ezdsp5535bsl.lib : ezdsp5535_sar.obj (.bss)
                 [ 00005124 ]  00002892          *   00000006   rts55x.lib : memory.obj (.bss)
                 [ 00005130 ]  00002898          *   00000004   ezdsp5535bsl.lib : ezdsp5535_gpio.obj (.bss)
                 [ 00005138 ]  0000289c          *   00000004   rts55x.lib : _lock.obj (.bss)
                 [ 00005140 ]  000028a0          *   00000004              : exit.obj (.bss)

.sysmem      0   [ 00005148 ]  000028a4          *   00001000   UNINITIALIZED
                 [ 00005148 ]  000028a4          *   00001000   --HOLE--

.const       0   [ 00007148 ]  000038a4          *   00000338   
                 [ 00007148 ]  000038a4          *   00000174   aic3204_init.obj (.const:.string)
                 [ 00007430 ]  00003a18          *   00000101   rts55x.lib : ctype.obj (.const:__ctypes_)
                 [ 00007632 ]  00003b19          *   00000060   print_number.obj (.const:_consolas_8ptBitmaps)
                 [ 000076f2 ]  00003b79          *   00000001   print_number.obj (.const)
                 [ 000076f4 ]  00003b7a          *   00000024   rts55x.lib : _printfi.obj (.const:.string)
                 [ 0000773c ]  00003b9e          *   0000001c   main.obj (.const:.string)
                 [ 00007774 ]  00003bba          *   0000000c   rts55x.lib : _printfi.obj (.const)
                 [ 0000778c ]  00003bc6          *   0000000a   gen_sinus.obj (.const)
                 [ 000077a0 ]  00003bd0          *   00000008   rts55x.lib : divd.obj (.const:_initial_approx$1)
                 [ 000077b0 ]  00003bd8          *   00000002              : fputs.obj (.const:.string)
                 [ 000077b4 ]  00003bda          *   00000002              : fltlid.obj (.const)

.text        0     00020000  [ 00010000 ] 000082ad          *   
                   00020000  [ 00010000 ] 000015a4          *   rts55x.lib : _printfi.obj (.text)
                   000215a4  [ 00010ad2 ] 00000c3c          *   cslVC5505.lib : csl_i2c.obj (.text)
                   000221e0  [ 000110f0 ] 00000b18          *                 : csl_sar.obj (.text)
                   00022cf8  [ 0001167c ] 000009f3          *                 : csl_i2s.obj (.text)
                   000236eb  [ 00011b75+] 0000068d          *                 : csl_gpio.obj (.text)
                   00023d78  [ 00011ebc ] 000005b5          *   aic3204_init.obj (.text)
                   0002432d  [ 00012196+] 00000554          *   cslVC5505.lib : csl_intc.obj (.text)
                   00024881  [ 00012440+] 00000543          *   rts55x.lib : lowlev.obj (.text)
                   00024dc4  [ 000126e2 ] 00000528          *              : trgdrv.obj (.text)
                   000252ec  [ 00012976 ] 000004b5          *              : memory.obj (.text)
                   000257a1  [ 00012bd0+] 000003cc          *              : divd.obj (.text)
                   00025b6d  [ 00012db6+] 0000031b          *   ezdsp5535_aic3204_dma.obj (.text)
                   00025e88  [ 00012f44 ] 000002d2          *   print_number.obj (.text)
                   0002615a  [ 000130ad ] 0000027f          *   rts55x.lib : fopen.obj (.text)
                   000263d9  [ 000131ec+] 0000025e          *              : llmpy.obj (.text)
                   00026637  [ 0001331b+] 0000025a          *              : addd.obj (.text)
                   00026891  [ 00013448+] 000001ea          *              : cmpd.obj (.text)
                   00026a7b  [ 0001353d+] 00000192          *   ezdsp5535bsl.lib : ezdsp5535_lcd.obj (.text)
                   00026c0d  [ 00013606+] 0000017a          *                    : ezdsp5535_sar.obj (.text)
                   00026d87  [ 000136c3+] 00000163          *   rts55x.lib : fputs.obj (.text)
                   00026eea  [ 00013775 ] 0000014c          *              : mpyd.obj (.text)
                   00027036  [ 0001381b ] 0000012f          *   gen_sinus.obj (.text)
                   00027165  [ 000138b2+] 00000107          *   ezdsp5535bsl.lib : ezdsp5535_i2s.obj (.text)
                   0002726c  [ 00013936 ] 000000e6          *   rts55x.lib : setvbuf.obj (.text)
                   00027352  [ 000139a9 ] 000000dd          *              : _io_perm.obj (.text)
                   0002742f  [ 00013a17+] 000000cc          *   ezdsp5535_aic3204_dma.obj (.text:retain)
                   000274fb  [ 00013a7d+] 000000c3          *   aic3204.obj (.text)
                   000275be  [ 00013adf ] 000000c2          *   rts55x.lib : fflush.obj (.text)
                   00027680  [ 00013b40 ] 000000ba          *              : trgmsg.obj (.text:CIO_breakpoint)
                   0002773a  [ 00013b9d ] 000000a6          *              : fputc.obj (.text)
                   000277e0  [ 00013bf0 ] 000000a1          *              : divul.obj (.text)
                   00027881  [ 00013c40+] 0000008e          *   ezdsp5535bsl.lib : ezdsp5535_i2c.obj (.text)
                   0002790f  [ 00013c87+] 0000008c          *   cslVC5505.lib : csl_irqplug.obj (.text)
                   0002799b  [ 00013ccd+] 00000087          *   ezdsp5535bsl.lib : ezdsp5535_gpio.obj (.text)
                   00027a22  [ 00013d11 ] 0000007d          *   rts55x.lib : ltoa.obj (.text)
                   00027a9f  [ 00013d4f+] 0000007b          *              : fclose.obj (.text)
                   00027b1a  [ 00013d8d ] 00000076          *              : frcmpyd.obj (.text)
                   00027b90  [ 00013dc8 ] 00000073          *              : frcmpyd_div.obj (.text)
                   00027c03  [ 00013e01+] 00000072          *              : remul.obj (.text)
                   00027c75  [ 00013e3a+] 0000006f          *              : fixdli.obj (.text)
                   00027ce4  [ 00013e72 ] 0000006d          *   cslVC5505.lib : vectors.obj (.text)
                   00027d51  [ 00013ea8+] 0000006d          *   rts55x.lib : trgmsg.obj (.text)
                   00027dbe  [ 00013edf ] 0000006b          *              : fseek.obj (.text)
                   00027e29  [ 00013f14+] 00000067          *              : fltlid.obj (.text)
                   00027e90  [ 00013f48 ] 0000005c          *              : atoi.obj (.text)
                   00027eec  [ 00013f76 ] 00000054          *   ezdsp5535bsl.lib : ezdsp5535.obj (.text)
                   00027f40  [ 00013fa0 ] 00000053          *   main.obj (.text)
                   00027f93  [ 00013fc9+] 00000050          *   rts55x.lib : printf.obj (.text)
                   00027fe3  [ 00013ff1+] 0000004d          *              : autoinit.obj (.text)
                   00028030  [ 00014018 ] 0000004b          *              : args_main.obj (.text)
                   0002807b  [ 0001403d+] 0000004b          *              : remli.obj (.text)
                   000280c6  [ 00014063 ] 00000048          *              : divli.obj (.text)
                   0002810e  [ 00014087 ] 0000003f          *              : memcpy.obj (.text)
                   0002814d  [ 000140a6+] 0000003e          *              : exit.obj (.text)
                   0002818b  [ 000140c5+] 00000034          *              : boot.obj (.text)
                   000281bf  [ 000140df+] 0000002a          *              : fixdi.obj (.text)
                   000281e9  [ 000140f4+] 0000002a          *              : udiv.obj (.text)
                   00028213  [ 00014109+] 00000023          *              : memccpy.obj (.text)
                   00028236  [ 0001411b ] 0000001a          *              : isinf.obj (.text)
                   00028250  [ 00014128 ] 00000014          *              : subd.obj (.text)
                   00028264  [ 00014132 ] 00000013          *              : lmpy.obj (.text)
                   00028277  [ 0001413b+] 00000012          *              : _lock.obj (.text)
                   00028289  [ 00014144+] 00000010          *              : negd.obj (.text)
                   00028299  [ 0001414c+] 0000000a          *              : remove.obj (.text)
                   000282a3  [ 00014151+] 00000007          *              : exit.obj (.text:CIO_breakpoint)
                   000282aa  [ 00014155 ] 00000002          *              : vectors.obj (.text)
                   000282ac  [ 00014156 ] 00000001          *   --HOLE-- [fill = 20]

.cinit       0   [ 00040000 ]  00020000          *   00000889   
                 [ 00040000 ]  00020000          *   00000801   sine_table.obj (.cinit)
                 [ 00041002 ]  00020801          *   0000002d   rts55x.lib : lowlev.obj (.cinit)
                 [ 0004105c ]  0002082e          *   0000002a              : defs.obj (.cinit)
                 [ 000410b0 ]  00020858          *   0000000c   ezdsp5535bsl.lib : ezdsp5535_sar.obj (.cinit)
                 [ 000410c8 ]  00020864          *   0000000a   rts55x.lib : _lock.obj (.cinit)
                 [ 000410dc ]  0002086e          *   0000000a              : exit.obj (.cinit)
                 [ 000410f0 ]  00020878          *   00000008   cslVC5505.lib : csl_i2s.obj (.cinit)
                 [ 00041100 ]  00020880          *   00000004   rts55x.lib : fopen.obj (.cinit)
                 [ 00041108 ]  00020884          *   00000004              : memory.obj (.cinit)
                 [ 00041110 ]  00020888          *   00000001   --HOLE-- [fill = 0]

.cio         0   [ 00041118 ]  0002088c          *   00000120   UNINITIALIZED
                 [ 00041118 ]  0002088c          *   00000120   rts55x.lib : trgmsg.obj (.cio)

.switch      0   [ 00041358 ]  000209ac          *   00000014   
                 [ 00041358 ]  000209ac          *   00000014   print_number.obj (.switch:_printChar)

vectors      0     0004fe00  [ 00027f00 ] 00000200          *   
                   0004fe00  [ 00027f00 ] 00000100          *   cslVC5505.lib : vectors.obj (vectors)
                   0004ff00  [ 00027f80 ] 00000100          *   rts55x.lib : vectors.obj (vectors)


GLOBAL SYMBOLS: SORTED ALPHABETICALLY BY Name 

abs. value/
byte addr   word addr   name
---------   ---------   ----
00000002                $TI_capability$C5500$CallingConvention
00000002                $TI_capability$C5500$MemoryModel
00000001                $TI_capability_requires_rev3
ffffffff                .bss
ffffffff                .data
ffffffff                .text
000282a4                C$$EXIT
00027735                C$$IO$$
00028264                I$$LMPY
000281e9                I$$UDIV
000281fe                I$$UMOD
0004fe00                RST
000274fb                _AIC3204_rget
00027546                _AIC3204_rset
            0000206c    _DMA_InputL
            0000216c    _DMA_InputR
            0000226c    _DMA_OutputL
            0000236c    _DMA_OutputR
00027a04                _EZDSP5535_GPIO_getInput
0002799b                _EZDSP5535_GPIO_init
000279c6                _EZDSP5535_GPIO_setDirection
000279ea                _EZDSP5535_GPIO_setOutput
00027881                _EZDSP5535_I2C_init
000278e7                _EZDSP5535_I2C_read
000278b6                _EZDSP5535_I2C_reset
000278c1                _EZDSP5535_I2C_write
0002725a                _EZDSP5535_I2S_close
00027165                _EZDSP5535_I2S_init
000271be                _EZDSP5535_I2S_readLeft
0002721d                _EZDSP5535_I2S_readRight
000271f0                _EZDSP5535_I2S_writeLeft
0002723e                _EZDSP5535_I2S_writeRight
00026aee                _EZDSP5535_OSD9616_init
00026aa3                _EZDSP5535_OSD9616_multiSend
00026bd0                _EZDSP5535_OSD9616_printLetter
00026a7b                _EZDSP5535_OSD9616_send
00026cd3                _EZDSP5535_SAR_getKey
00026c0d                _EZDSP5535_SAR_init
00027f32                _EZDSP5535_init
00027eec                _EZDSP5535_wait
00027f20                _EZDSP5535_waitusec
00023bd6                _GPIO_clearInt
0002372f                _GPIO_close
00023753                _GPIO_config
00023986                _GPIO_configBit
00023ace                _GPIO_disableInt
00023b4c                _GPIO_enableInt
000237d8                _GPIO_getConfig
000236eb                _GPIO_open
00023860                _GPIO_read
00023ce9                _GPIO_reset
00023c62                _GPIO_statusBit
000238e3                _GPIO_write
            00002898    _GpioObj
0002528e                _HOSTclock
00025223                _HOSTclose
0002516e                _HOSTlseek
000250cf                _HOSTopen
00025042                _HOSTread
00024f94                _HOSTrename
00024f36                _HOSTtime
00024ecc                _HOSTunlink
00024e3f                _HOSTwrite
0002164d                _I2C_config
00022018                _I2C_eventDisable
00021ee4                _I2C_eventEnable
000217b2                _I2C_getConfig
000221c4                _I2C_getEventId
000215a4                _I2C_init
00021cc6                _I2C_read
00022137                _I2C_setCallback
00021888                _I2C_setup
00021a82                _I2C_write
0002312d                _I2S_close
00022cf8                _I2S_open
000231df                _I2S_read
000235ef                _I2S_reset
00022e3f                _I2S_setup
000236a0                _I2S_transEnable
00023499                _I2S_write
000243c7                _IRQ_clear
00024431                _IRQ_clearAll
00024441                _IRQ_config
00024567                _IRQ_disable
000245e5                _IRQ_disableAll
000245f3                _IRQ_enable
000246ed                _IRQ_getArg
000244d4                _IRQ_getConfig
0002483b                _IRQ_globalDisable
00024854                _IRQ_globalEnable
0002486d                _IRQ_globalRestore
0002432d                _IRQ_init
00024766                _IRQ_map
0002790f                _IRQ_plug
0002467d                _IRQ_restore
00024733                _IRQ_setArg
00024798                _IRQ_setVecs
000247c9                _IRQ_test
0004ff00                _Reset
00022763                _SAR_A2DMeasParamSet
00022bdd                _SAR_GPODirSet
000222da                _SAR_chanClose
0002235e                _SAR_chanConfig
0002265a                _SAR_chanCycSet
0002225d                _SAR_chanInit
00022278                _SAR_chanOpen
00022446                _SAR_chanSetup
0002223d                _SAR_deInit
000223d4                _SAR_getConfig
00022cb9                _SAR_getStatus
000221e0                _SAR_init
00022722                _SAR_readData
000226a9                _SAR_startConversion
000226db                _SAR_stopConversion
            0000288e    _SarHandle
            0000288a    _SarObj
0004fe00                _VECSTART
            0002088c    __CIOBUF_
000242d4                __I2S_init
            00001060    __STACK_END
00002000                __STACK_SIZE
00002000                __SYSMEM_SIZE
00001000                __SYSSTACK_SIZE
00000001                __TI_args_main
ffffffff                ___binit__
ffffffff                ___bss__
ffffffff                ___c_args__
            00020000    ___cinit__
ffffffff                ___data__
ffffffff                ___edata__
ffffffff                ___end__
ffffffff                ___etext__
00028236                ___isinf
ffffffff                ___pinit__
ffffffff                ___text__
00026637                __addd
00028030                __args_main
0002627b                __cleanup
            000028a0    __cleanup_ptr
00026a23                __cmpd
            00003a18    __ctypes_
000257a1                __divd
000280c6                __divli
00026602                __divlli
000281e9                __divu
000277e0                __divul
0002650e                __divull
000275be                __doflush
            000028a2    __dtors_ptr
000269ef                __eqld
000281bf                __fixdi
00027c75                __fixdli
00027e29                __fltlid
00027b1a                __frcmpyd
00027b90                __frcmpyd_div
            00002584    __ft_end
            0000246c    __ftable
000269a5                __geqd
0002695a                __gtrd
0002690d                __leqd
            0000289c    __lock
000268c5                __lssd
00026eea                __mpyd
00028264                __mpyli
00026456                __mpylli
00028289                __negd
00026891                __neqd
00028287                __nop
00021362                __printfi
000273d2                __rd_ok
0002827f                __register_lock
00028277                __register_unlock
0002807b                __remli
00026427                __remlli
000281fe                __remu
00027c03                __remul
000263d9                __remull
            00000060    __stack
00028250                __subd
            000028a4    __sys_memory
            00001060    __sysstack
            000024e4    __tmpnams
            0000289e    __unlock
00027352                __wrt_ok
000282a3                _abort
00024cd4                _add_device
00027593                _aic3204_codec_read
000275aa                _aic3204_codec_write
00027582                _aic3204_disable
00025b6d                _aic3204_dma_init
00027570                _aic3204_hardware_init
00023d78                _aic3204_init
00025cf8                _aic3204_read_block
00025dad                _aic3204_write_block
00027e90                _atoi
00027fe3                _auto_init
            00002588    _bufferL
            00002608    _bufferR
0002818b                _c_int00
0002577b                _calloc
00025773                _chkheap
00025f26                _clearLCD
00024c61                _close
            00003b19    _consolas_8ptBitmaps
            00002062    _counter1
            00002063    _counter2
0002814d                _exit
00027a9f                _fclose
00027627                _fflush
00024c58                _find_registered_device
0002639e                _fopen
0002773a                _fputc
00026d87                _fputs
000252ec                _free
0002571d                _free_memory
000262d5                _freopen
            00002875    _fsError
00027dbe                _fseek
            00002878    _gI2cObj
00027036                _gen_sinus_table
00024dc4                _getenv
            0000289a    _hGpio
            00002586    _hI2s
            00002888    _i2cHandle
00025e88                _initPrintNumber
            00002890    _keyCnt1
            00002891    _keyCnt2
00024bf2                _lseek
00027a22                _ltoa
00027f40                _main
0002541d                _malloc
000256c3                _max_free
00028213                _memccpy
0002810e                _memcpy
000253b8                _minit
00024b33                _open
            00002876    _ouError
            00002060    _p_sine_table
            0000288d    _preKey
00025ff4                _printChar
00027f93                _printf
0002773a                _putc
000277d1                _putchar
00026ebc                _puts
00024a85                _read
00027d51                _readmsg
00025512                _realloc
00028299                _remove
00024a4f                _remove_device
000249f6                _rename
00025fd2                _setWritePointerToFirstChar
00023f69                _set_sampling_frequency_and_gain
0002726c                _setvbuf
            00003b79    _sign_width
            00001860    _sine_table
000249c3                _unlink
00024881                _write
00027680                _writemsg
ffffffff                binit
            00020000    cinit
ffffffff                edata
ffffffff                end
ffffffff                etext
ffffffff                pinit


GLOBAL SYMBOLS: SORTED BY Symbol Address 

abs. value/
byte addr   word addr   name
---------   ---------   ----
00000001                $TI_capability_requires_rev3
00000001                __TI_args_main
00000002                $TI_capability$C5500$CallingConvention
00000002                $TI_capability$C5500$MemoryModel
            00000060    __stack
00001000                __SYSSTACK_SIZE
00002000                __STACK_SIZE
00002000                __SYSMEM_SIZE
            00001060    __STACK_END
            00001060    __sysstack
            00001860    _sine_table
            00002060    _p_sine_table
            00002062    _counter1
            00002063    _counter2
            0000206c    _DMA_InputL
            0000216c    _DMA_InputR
            0000226c    _DMA_OutputL
            0000236c    _DMA_OutputR
            0000246c    __ftable
            000024e4    __tmpnams
            00002584    __ft_end
            00002586    _hI2s
            00002588    _bufferL
            00002608    _bufferR
            00002875    _fsError
            00002876    _ouError
            00002878    _gI2cObj
            00002888    _i2cHandle
            0000288a    _SarObj
            0000288d    _preKey
            0000288e    _SarHandle
            00002890    _keyCnt1
            00002891    _keyCnt2
            00002898    _GpioObj
            0000289a    _hGpio
            0000289c    __lock
            0000289e    __unlock
            000028a0    __cleanup_ptr
            000028a2    __dtors_ptr
            000028a4    __sys_memory
            00003a18    __ctypes_
            00003b19    _consolas_8ptBitmaps
            00003b79    _sign_width
00021362                __printfi
000215a4                _I2C_init
0002164d                _I2C_config
000217b2                _I2C_getConfig
00021888                _I2C_setup
00021a82                _I2C_write
00021cc6                _I2C_read
00021ee4                _I2C_eventEnable
00022018                _I2C_eventDisable
00022137                _I2C_setCallback
000221c4                _I2C_getEventId
000221e0                _SAR_init
0002223d                _SAR_deInit
0002225d                _SAR_chanInit
00022278                _SAR_chanOpen
000222da                _SAR_chanClose
0002235e                _SAR_chanConfig
000223d4                _SAR_getConfig
00022446                _SAR_chanSetup
0002265a                _SAR_chanCycSet
000226a9                _SAR_startConversion
000226db                _SAR_stopConversion
00022722                _SAR_readData
00022763                _SAR_A2DMeasParamSet
00022bdd                _SAR_GPODirSet
00022cb9                _SAR_getStatus
00022cf8                _I2S_open
00022e3f                _I2S_setup
0002312d                _I2S_close
000231df                _I2S_read
00023499                _I2S_write
000235ef                _I2S_reset
000236a0                _I2S_transEnable
000236eb                _GPIO_open
0002372f                _GPIO_close
00023753                _GPIO_config
000237d8                _GPIO_getConfig
00023860                _GPIO_read
000238e3                _GPIO_write
00023986                _GPIO_configBit
00023ace                _GPIO_disableInt
00023b4c                _GPIO_enableInt
00023bd6                _GPIO_clearInt
00023c62                _GPIO_statusBit
00023ce9                _GPIO_reset
00023d78                _aic3204_init
00023f69                _set_sampling_frequency_and_gain
000242d4                __I2S_init
0002432d                _IRQ_init
000243c7                _IRQ_clear
00024431                _IRQ_clearAll
00024441                _IRQ_config
000244d4                _IRQ_getConfig
00024567                _IRQ_disable
000245e5                _IRQ_disableAll
000245f3                _IRQ_enable
0002467d                _IRQ_restore
000246ed                _IRQ_getArg
00024733                _IRQ_setArg
00024766                _IRQ_map
00024798                _IRQ_setVecs
000247c9                _IRQ_test
0002483b                _IRQ_globalDisable
00024854                _IRQ_globalEnable
0002486d                _IRQ_globalRestore
00024881                _write
000249c3                _unlink
000249f6                _rename
00024a4f                _remove_device
00024a85                _read
00024b33                _open
00024bf2                _lseek
00024c58                _find_registered_device
00024c61                _close
00024cd4                _add_device
00024dc4                _getenv
00024e3f                _HOSTwrite
00024ecc                _HOSTunlink
00024f36                _HOSTtime
00024f94                _HOSTrename
00025042                _HOSTread
000250cf                _HOSTopen
0002516e                _HOSTlseek
00025223                _HOSTclose
0002528e                _HOSTclock
000252ec                _free
000253b8                _minit
0002541d                _malloc
00025512                _realloc
000256c3                _max_free
0002571d                _free_memory
00025773                _chkheap
0002577b                _calloc
000257a1                __divd
00025b6d                _aic3204_dma_init
00025cf8                _aic3204_read_block
00025dad                _aic3204_write_block
00025e88                _initPrintNumber
00025f26                _clearLCD
00025fd2                _setWritePointerToFirstChar
00025ff4                _printChar
0002627b                __cleanup
000262d5                _freopen
0002639e                _fopen
000263d9                __remull
00026427                __remlli
00026456                __mpylli
0002650e                __divull
00026602                __divlli
00026637                __addd
00026891                __neqd
000268c5                __lssd
0002690d                __leqd
0002695a                __gtrd
000269a5                __geqd
000269ef                __eqld
00026a23                __cmpd
00026a7b                _EZDSP5535_OSD9616_send
00026aa3                _EZDSP5535_OSD9616_multiSend
00026aee                _EZDSP5535_OSD9616_init
00026bd0                _EZDSP5535_OSD9616_printLetter
00026c0d                _EZDSP5535_SAR_init
00026cd3                _EZDSP5535_SAR_getKey
00026d87                _fputs
00026ebc                _puts
00026eea                __mpyd
00027036                _gen_sinus_table
00027165                _EZDSP5535_I2S_init
000271be                _EZDSP5535_I2S_readLeft
000271f0                _EZDSP5535_I2S_writeLeft
0002721d                _EZDSP5535_I2S_readRight
0002723e                _EZDSP5535_I2S_writeRight
0002725a                _EZDSP5535_I2S_close
0002726c                _setvbuf
00027352                __wrt_ok
000273d2                __rd_ok
000274fb                _AIC3204_rget
00027546                _AIC3204_rset
00027570                _aic3204_hardware_init
00027582                _aic3204_disable
00027593                _aic3204_codec_read
000275aa                _aic3204_codec_write
000275be                __doflush
00027627                _fflush
00027680                _writemsg
00027735                C$$IO$$
0002773a                _fputc
0002773a                _putc
000277d1                _putchar
000277e0                __divul
00027881                _EZDSP5535_I2C_init
000278b6                _EZDSP5535_I2C_reset
000278c1                _EZDSP5535_I2C_write
000278e7                _EZDSP5535_I2C_read
0002790f                _IRQ_plug
0002799b                _EZDSP5535_GPIO_init
000279c6                _EZDSP5535_GPIO_setDirection
000279ea                _EZDSP5535_GPIO_setOutput
00027a04                _EZDSP5535_GPIO_getInput
00027a22                _ltoa
00027a9f                _fclose
00027b1a                __frcmpyd
00027b90                __frcmpyd_div
00027c03                __remul
00027c75                __fixdli
00027d51                _readmsg
00027dbe                _fseek
00027e29                __fltlid
00027e90                _atoi
00027eec                _EZDSP5535_wait
00027f20                _EZDSP5535_waitusec
00027f32                _EZDSP5535_init
00027f40                _main
00027f93                _printf
00027fe3                _auto_init
00028030                __args_main
0002807b                __remli
000280c6                __divli
0002810e                _memcpy
0002814d                _exit
0002818b                _c_int00
000281bf                __fixdi
000281e9                I$$UDIV
000281e9                __divu
000281fe                I$$UMOD
000281fe                __remu
00028213                _memccpy
00028236                ___isinf
00028250                __subd
00028264                I$$LMPY
00028264                __mpyli
00028277                __register_unlock
0002827f                __register_lock
00028287                __nop
00028289                __negd
00028299                _remove
000282a3                _abort
000282a4                C$$EXIT
            00020000    ___cinit__
            00020000    cinit
            0002088c    __CIOBUF_
0004fe00                RST
0004fe00                _VECSTART
0004ff00                _Reset
ffffffff                .bss
ffffffff                .data
ffffffff                .text
ffffffff                ___binit__
ffffffff                ___bss__
ffffffff                ___c_args__
ffffffff                ___data__
ffffffff                ___edata__
ffffffff                ___end__
ffffffff                ___etext__
ffffffff                ___pinit__
ffffffff                ___text__
ffffffff                binit
ffffffff                edata
ffffffff                end
ffffffff                etext
ffffffff                pinit

[264 symbols]
