<?xml version="1.0"?>
<link_info>
   <banner>TMS320C55x Linker PC v4.4.1</banner>
   <copyright>Copyright (c) 1996-2012 Texas Instruments Incorporated</copyright>
   <link_time>0x5a4a6ab9</link_time>
   <output_file>NoiseGenerator Sim.out</output_file>
   <entry_point>
      <name>_c_int00</name>
      <address>0x26e9b</address>
   </entry_point>
   <input_file_list>
      <input_file id="fl-2">
         <path>.\</path>
         <kind>object</kind>
         <file>aic3204.obj</file>
         <name>aic3204.obj</name>
      </input_file>
      <input_file id="fl-3">
         <path>.\</path>
         <kind>object</kind>
         <file>aic3204_init.obj</file>
         <name>aic3204_init.obj</name>
      </input_file>
      <input_file id="fl-4">
         <path>.\</path>
         <kind>object</kind>
         <file>ezdsp5535_aic3204_dma.obj</file>
         <name>ezdsp5535_aic3204_dma.obj</name>
      </input_file>
      <input_file id="fl-5">
         <path>.\</path>
         <kind>object</kind>
         <file>gen_sinus.obj</file>
         <name>gen_sinus.obj</name>
      </input_file>
      <input_file id="fl-6">
         <path>.\</path>
         <kind>object</kind>
         <file>main.obj</file>
         <name>main.obj</name>
      </input_file>
      <input_file id="fl-7">
         <path>.\</path>
         <kind>object</kind>
         <file>print_number.obj</file>
         <name>print_number.obj</name>
      </input_file>
      <input_file id="fl-8">
         <path>.\</path>
         <kind>object</kind>
         <file>sine_table.obj</file>
         <name>sine_table.obj</name>
      </input_file>
      <input_file id="fl-12">
         <path>..\lib\</path>
         <kind>archive</kind>
         <file>ezdsp5535bsl.lib</file>
         <name>ezdsp5535_sar.obj</name>
      </input_file>
      <input_file id="fl-13">
         <path>..\lib\</path>
         <kind>archive</kind>
         <file>ezdsp5535bsl.lib</file>
         <name>ezdsp5535_lcd.obj</name>
      </input_file>
      <input_file id="fl-14">
         <path>..\lib\</path>
         <kind>archive</kind>
         <file>ezdsp5535bsl.lib</file>
         <name>ezdsp5535_i2c.obj</name>
      </input_file>
      <input_file id="fl-15">
         <path>..\lib\</path>
         <kind>archive</kind>
         <file>ezdsp5535bsl.lib</file>
         <name>ezdsp5535_gpio.obj</name>
      </input_file>
      <input_file id="fl-16">
         <path>..\lib\</path>
         <kind>archive</kind>
         <file>ezdsp5535bsl.lib</file>
         <name>ezdsp5535.obj</name>
      </input_file>
      <input_file id="fl-2a">
         <path>C:\ti\ccs6\ccsv6\tools\compiler\c5500_4.4.1\lib\</path>
         <kind>archive</kind>
         <file>rts55x.lib</file>
         <name>boot.obj</name>
      </input_file>
      <input_file id="fl-2b">
         <path>C:\ti\ccs6\ccsv6\tools\compiler\c5500_4.4.1\lib\</path>
         <kind>archive</kind>
         <file>rts55x.lib</file>
         <name>divd.obj</name>
      </input_file>
      <input_file id="fl-2c">
         <path>C:\ti\ccs6\ccsv6\tools\compiler\c5500_4.4.1\lib\</path>
         <kind>archive</kind>
         <file>rts55x.lib</file>
         <name>exit.obj</name>
      </input_file>
      <input_file id="fl-2d">
         <path>C:\ti\ccs6\ccsv6\tools\compiler\c5500_4.4.1\lib\</path>
         <kind>archive</kind>
         <file>rts55x.lib</file>
         <name>fclose.obj</name>
      </input_file>
      <input_file id="fl-2e">
         <path>C:\ti\ccs6\ccsv6\tools\compiler\c5500_4.4.1\lib\</path>
         <kind>archive</kind>
         <file>rts55x.lib</file>
         <name>fflush.obj</name>
      </input_file>
      <input_file id="fl-2f">
         <path>C:\ti\ccs6\ccsv6\tools\compiler\c5500_4.4.1\lib\</path>
         <kind>archive</kind>
         <file>rts55x.lib</file>
         <name>fixdi.obj</name>
      </input_file>
      <input_file id="fl-30">
         <path>C:\ti\ccs6\ccsv6\tools\compiler\c5500_4.4.1\lib\</path>
         <kind>archive</kind>
         <file>rts55x.lib</file>
         <name>fixdli.obj</name>
      </input_file>
      <input_file id="fl-31">
         <path>C:\ti\ccs6\ccsv6\tools\compiler\c5500_4.4.1\lib\</path>
         <kind>archive</kind>
         <file>rts55x.lib</file>
         <name>fltid.obj</name>
      </input_file>
      <input_file id="fl-32">
         <path>C:\ti\ccs6\ccsv6\tools\compiler\c5500_4.4.1\lib\</path>
         <kind>archive</kind>
         <file>rts55x.lib</file>
         <name>fltlid.obj</name>
      </input_file>
      <input_file id="fl-33">
         <path>C:\ti\ccs6\ccsv6\tools\compiler\c5500_4.4.1\lib\</path>
         <kind>archive</kind>
         <file>rts55x.lib</file>
         <name>fopen.obj</name>
      </input_file>
      <input_file id="fl-34">
         <path>C:\ti\ccs6\ccsv6\tools\compiler\c5500_4.4.1\lib\</path>
         <kind>archive</kind>
         <file>rts55x.lib</file>
         <name>frcmpyd_div.obj</name>
      </input_file>
      <input_file id="fl-35">
         <path>C:\ti\ccs6\ccsv6\tools\compiler\c5500_4.4.1\lib\</path>
         <kind>archive</kind>
         <file>rts55x.lib</file>
         <name>fread.obj</name>
      </input_file>
      <input_file id="fl-36">
         <path>C:\ti\ccs6\ccsv6\tools\compiler\c5500_4.4.1\lib\</path>
         <kind>archive</kind>
         <file>rts55x.lib</file>
         <name>fwrite.obj</name>
      </input_file>
      <input_file id="fl-37">
         <path>C:\ti\ccs6\ccsv6\tools\compiler\c5500_4.4.1\lib\</path>
         <kind>archive</kind>
         <file>rts55x.lib</file>
         <name>lmpy.obj</name>
      </input_file>
      <input_file id="fl-38">
         <path>C:\ti\ccs6\ccsv6\tools\compiler\c5500_4.4.1\lib\</path>
         <kind>archive</kind>
         <file>rts55x.lib</file>
         <name>lowlev.obj</name>
      </input_file>
      <input_file id="fl-39">
         <path>C:\ti\ccs6\ccsv6\tools\compiler\c5500_4.4.1\lib\</path>
         <kind>archive</kind>
         <file>rts55x.lib</file>
         <name>memcpy.obj</name>
      </input_file>
      <input_file id="fl-3a">
         <path>C:\ti\ccs6\ccsv6\tools\compiler\c5500_4.4.1\lib\</path>
         <kind>archive</kind>
         <file>rts55x.lib</file>
         <name>memory.obj</name>
      </input_file>
      <input_file id="fl-3b">
         <path>C:\ti\ccs6\ccsv6\tools\compiler\c5500_4.4.1\lib\</path>
         <kind>archive</kind>
         <file>rts55x.lib</file>
         <name>mpyd.obj</name>
      </input_file>
      <input_file id="fl-3c">
         <path>C:\ti\ccs6\ccsv6\tools\compiler\c5500_4.4.1\lib\</path>
         <kind>archive</kind>
         <file>rts55x.lib</file>
         <name>printf.obj</name>
      </input_file>
      <input_file id="fl-3d">
         <path>C:\ti\ccs6\ccsv6\tools\compiler\c5500_4.4.1\lib\</path>
         <kind>archive</kind>
         <file>rts55x.lib</file>
         <name>remove.obj</name>
      </input_file>
      <input_file id="fl-3e">
         <path>C:\ti\ccs6\ccsv6\tools\compiler\c5500_4.4.1\lib\</path>
         <kind>archive</kind>
         <file>rts55x.lib</file>
         <name>trgdrv.obj</name>
      </input_file>
      <input_file id="fl-3f">
         <path>C:\ti\ccs6\ccsv6\tools\compiler\c5500_4.4.1\lib\</path>
         <kind>archive</kind>
         <file>rts55x.lib</file>
         <name>trgmsg.obj</name>
      </input_file>
      <input_file id="fl-40">
         <path>C:\ti\ccs6\ccsv6\tools\compiler\c5500_4.4.1\lib\</path>
         <kind>archive</kind>
         <file>rts55x.lib</file>
         <name>udiv.obj</name>
      </input_file>
      <input_file id="fl-41">
         <path>C:\ti\ccs6\ccsv6\tools\compiler\c5500_4.4.1\lib\</path>
         <kind>archive</kind>
         <file>rts55x.lib</file>
         <name>vectors.obj</name>
      </input_file>
      <input_file id="fl-42">
         <path>C:\ti\ccs6\ccsv6\tools\compiler\c5500_4.4.1\lib\</path>
         <kind>archive</kind>
         <file>rts55x.lib</file>
         <name>_bufread.obj</name>
      </input_file>
      <input_file id="fl-43">
         <path>C:\ti\ccs6\ccsv6\tools\compiler\c5500_4.4.1\lib\</path>
         <kind>archive</kind>
         <file>rts55x.lib</file>
         <name>_io_perm.obj</name>
      </input_file>
      <input_file id="fl-44">
         <path>C:\ti\ccs6\ccsv6\tools\compiler\c5500_4.4.1\lib\</path>
         <kind>archive</kind>
         <file>rts55x.lib</file>
         <name>_lock.obj</name>
      </input_file>
      <input_file id="fl-45">
         <path>C:\ti\ccs6\ccsv6\tools\compiler\c5500_4.4.1\lib\</path>
         <kind>archive</kind>
         <file>rts55x.lib</file>
         <name>_printfi.obj</name>
      </input_file>
      <input_file id="fl-46">
         <path>C:\ti\ccs6\ccsv6\tools\compiler\c5500_4.4.1\lib\</path>
         <kind>archive</kind>
         <file>rts55x.lib</file>
         <name>args_main.obj</name>
      </input_file>
      <input_file id="fl-47">
         <path>C:\ti\ccs6\ccsv6\tools\compiler\c5500_4.4.1\lib\</path>
         <kind>archive</kind>
         <file>rts55x.lib</file>
         <name>atoi.obj</name>
      </input_file>
      <input_file id="fl-48">
         <path>C:\ti\ccs6\ccsv6\tools\compiler\c5500_4.4.1\lib\</path>
         <kind>archive</kind>
         <file>rts55x.lib</file>
         <name>autoinit.obj</name>
      </input_file>
      <input_file id="fl-49">
         <path>C:\ti\ccs6\ccsv6\tools\compiler\c5500_4.4.1\lib\</path>
         <kind>archive</kind>
         <file>rts55x.lib</file>
         <name>cmpd.obj</name>
      </input_file>
      <input_file id="fl-4a">
         <path>C:\ti\ccs6\ccsv6\tools\compiler\c5500_4.4.1\lib\</path>
         <kind>archive</kind>
         <file>rts55x.lib</file>
         <name>ctype.obj</name>
      </input_file>
      <input_file id="fl-4b">
         <path>C:\ti\ccs6\ccsv6\tools\compiler\c5500_4.4.1\lib\</path>
         <kind>archive</kind>
         <file>rts55x.lib</file>
         <name>defs.obj</name>
      </input_file>
      <input_file id="fl-4c">
         <path>C:\ti\ccs6\ccsv6\tools\compiler\c5500_4.4.1\lib\</path>
         <kind>archive</kind>
         <file>rts55x.lib</file>
         <name>divul.obj</name>
      </input_file>
      <input_file id="fl-4d">
         <path>C:\ti\ccs6\ccsv6\tools\compiler\c5500_4.4.1\lib\</path>
         <kind>archive</kind>
         <file>rts55x.lib</file>
         <name>fputc.obj</name>
      </input_file>
      <input_file id="fl-4e">
         <path>C:\ti\ccs6\ccsv6\tools\compiler\c5500_4.4.1\lib\</path>
         <kind>archive</kind>
         <file>rts55x.lib</file>
         <name>fputs.obj</name>
      </input_file>
      <input_file id="fl-4f">
         <path>C:\ti\ccs6\ccsv6\tools\compiler\c5500_4.4.1\lib\</path>
         <kind>archive</kind>
         <file>rts55x.lib</file>
         <name>frcmpyd.obj</name>
      </input_file>
      <input_file id="fl-50">
         <path>C:\ti\ccs6\ccsv6\tools\compiler\c5500_4.4.1\lib\</path>
         <kind>archive</kind>
         <file>rts55x.lib</file>
         <name>fseek.obj</name>
      </input_file>
      <input_file id="fl-51">
         <path>C:\ti\ccs6\ccsv6\tools\compiler\c5500_4.4.1\lib\</path>
         <kind>archive</kind>
         <file>rts55x.lib</file>
         <name>isinf.obj</name>
      </input_file>
      <input_file id="fl-52">
         <path>C:\ti\ccs6\ccsv6\tools\compiler\c5500_4.4.1\lib\</path>
         <kind>archive</kind>
         <file>rts55x.lib</file>
         <name>llmpy.obj</name>
      </input_file>
      <input_file id="fl-53">
         <path>C:\ti\ccs6\ccsv6\tools\compiler\c5500_4.4.1\lib\</path>
         <kind>archive</kind>
         <file>rts55x.lib</file>
         <name>ltoa.obj</name>
      </input_file>
      <input_file id="fl-54">
         <path>C:\ti\ccs6\ccsv6\tools\compiler\c5500_4.4.1\lib\</path>
         <kind>archive</kind>
         <file>rts55x.lib</file>
         <name>memccpy.obj</name>
      </input_file>
      <input_file id="fl-55">
         <path>C:\ti\ccs6\ccsv6\tools\compiler\c5500_4.4.1\lib\</path>
         <kind>archive</kind>
         <file>rts55x.lib</file>
         <name>negd.obj</name>
      </input_file>
      <input_file id="fl-56">
         <path>C:\ti\ccs6\ccsv6\tools\compiler\c5500_4.4.1\lib\</path>
         <kind>archive</kind>
         <file>rts55x.lib</file>
         <name>remli.obj</name>
      </input_file>
      <input_file id="fl-57">
         <path>C:\ti\ccs6\ccsv6\tools\compiler\c5500_4.4.1\lib\</path>
         <kind>archive</kind>
         <file>rts55x.lib</file>
         <name>remul.obj</name>
      </input_file>
      <input_file id="fl-58">
         <path>C:\ti\ccs6\ccsv6\tools\compiler\c5500_4.4.1\lib\</path>
         <kind>archive</kind>
         <file>rts55x.lib</file>
         <name>setvbuf.obj</name>
      </input_file>
      <input_file id="fl-59">
         <path>C:\ti\ccs6\ccsv6\tools\compiler\c5500_4.4.1\lib\</path>
         <kind>archive</kind>
         <file>rts55x.lib</file>
         <name>subd.obj</name>
      </input_file>
      <input_file id="fl-5a">
         <path>C:\ti\ccs6\ccsv6\tools\compiler\c5500_4.4.1\lib\</path>
         <kind>archive</kind>
         <file>rts55x.lib</file>
         <name>addd.obj</name>
      </input_file>
      <input_file id="fl-5b">
         <path>C:\ti\ccs6\ccsv6\tools\compiler\c5500_4.4.1\lib\</path>
         <kind>archive</kind>
         <file>rts55x.lib</file>
         <name>divli.obj</name>
      </input_file>
      <input_file id="fl-5c">
         <path>..\c55xx_csl\lib\</path>
         <kind>archive</kind>
         <file>cslVC5505.lib</file>
         <name>csl_sar.obj</name>
      </input_file>
      <input_file id="fl-5d">
         <path>..\c55xx_csl\lib\</path>
         <kind>archive</kind>
         <file>cslVC5505.lib</file>
         <name>csl_i2c.obj</name>
      </input_file>
      <input_file id="fl-5e">
         <path>..\c55xx_csl\lib\</path>
         <kind>archive</kind>
         <file>cslVC5505.lib</file>
         <name>csl_gpio.obj</name>
      </input_file>
   </input_file_list>
   <object_component_list>
      <object_component id="oc-db">
         <name>.text</name>
         <load_address>0x20000</load_address>
         <run_address>0x20000</run_address>
         <size>0x15a4</size>
         <input_file_ref idref="fl-45"/>
      </object_component>
      <object_component id="oc-13d">
         <name>.text</name>
         <load_address>0x215a4</load_address>
         <run_address>0x215a4</run_address>
         <size>0xc3c</size>
         <input_file_ref idref="fl-5d"/>
      </object_component>
      <object_component id="oc-138">
         <name>.text</name>
         <load_address>0x221e0</load_address>
         <run_address>0x221e0</run_address>
         <size>0xb18</size>
         <input_file_ref idref="fl-5c"/>
      </object_component>
      <object_component id="oc-143">
         <name>.text</name>
         <load_address>0x22cf8</load_address>
         <run_address>0x22cf8</run_address>
         <size>0x68d</size>
         <input_file_ref idref="fl-5e"/>
      </object_component>
      <object_component id="oc-9d">
         <name>.text</name>
         <load_address>0x23385</load_address>
         <run_address>0x23385</run_address>
         <size>0x543</size>
         <input_file_ref idref="fl-38"/>
      </object_component>
      <object_component id="oc-ba">
         <name>.text</name>
         <load_address>0x238c8</load_address>
         <run_address>0x238c8</run_address>
         <size>0x528</size>
         <input_file_ref idref="fl-3e"/>
      </object_component>
      <object_component id="oc-a7">
         <name>.text</name>
         <load_address>0x23df0</load_address>
         <run_address>0x23df0</run_address>
         <size>0x4b5</size>
         <input_file_ref idref="fl-3a"/>
      </object_component>
      <object_component id="oc-63">
         <name>.text</name>
         <load_address>0x242a5</load_address>
         <run_address>0x242a5</run_address>
         <size>0x3cc</size>
         <input_file_ref idref="fl-2b"/>
      </object_component>
      <object_component id="oc-39">
         <name>.text</name>
         <load_address>0x24671</load_address>
         <run_address>0x24671</run_address>
         <size>0x28d</size>
         <input_file_ref idref="fl-7"/>
      </object_component>
      <object_component id="oc-87">
         <name>.text</name>
         <load_address>0x248fe</load_address>
         <run_address>0x248fe</run_address>
         <size>0x27f</size>
         <input_file_ref idref="fl-33"/>
      </object_component>
      <object_component id="oc-110">
         <name>.text</name>
         <load_address>0x24b7d</load_address>
         <run_address>0x24b7d</run_address>
         <size>0x25e</size>
         <input_file_ref idref="fl-52"/>
      </object_component>
      <object_component id="oc-130">
         <name>.text</name>
         <load_address>0x24ddb</load_address>
         <run_address>0x24ddb</run_address>
         <size>0x25a</size>
         <input_file_ref idref="fl-5a"/>
      </object_component>
      <object_component id="oc-30">
         <name>.text</name>
         <load_address>0x25035</load_address>
         <run_address>0x25035</run_address>
         <size>0x258</size>
         <input_file_ref idref="fl-6"/>
      </object_component>
      <object_component id="oc-95">
         <name>.text</name>
         <load_address>0x2528d</load_address>
         <run_address>0x2528d</run_address>
         <size>0x1ee</size>
         <input_file_ref idref="fl-36"/>
      </object_component>
      <object_component id="oc-ed">
         <name>.text</name>
         <load_address>0x2547b</load_address>
         <run_address>0x2547b</run_address>
         <size>0x1ea</size>
         <input_file_ref idref="fl-49"/>
      </object_component>
      <object_component id="oc-4a">
         <name>.text</name>
         <load_address>0x25665</load_address>
         <run_address>0x25665</run_address>
         <size>0x192</size>
         <input_file_ref idref="fl-13"/>
      </object_component>
      <object_component id="oc-43">
         <name>.text</name>
         <load_address>0x257f7</load_address>
         <run_address>0x257f7</run_address>
         <size>0x17a</size>
         <input_file_ref idref="fl-12"/>
      </object_component>
      <object_component id="oc-ff">
         <name>.text</name>
         <load_address>0x25971</load_address>
         <run_address>0x25971</run_address>
         <size>0x163</size>
         <input_file_ref idref="fl-4e"/>
      </object_component>
      <object_component id="oc-22">
         <name>.text</name>
         <load_address>0x25ad4</load_address>
         <run_address>0x25ad4</run_address>
         <size>0x152</size>
         <input_file_ref idref="fl-4"/>
      </object_component>
      <object_component id="oc-ae">
         <name>.text</name>
         <load_address>0x25c26</load_address>
         <run_address>0x25c26</run_address>
         <size>0x14c</size>
         <input_file_ref idref="fl-3b"/>
      </object_component>
      <object_component id="oc-28">
         <name>.text</name>
         <load_address>0x25d72</load_address>
         <run_address>0x25d72</run_address>
         <size>0x140</size>
         <input_file_ref idref="fl-5"/>
      </object_component>
      <object_component id="oc-91">
         <name>.text</name>
         <load_address>0x25eb2</load_address>
         <run_address>0x25eb2</run_address>
         <size>0x10f</size>
         <input_file_ref idref="fl-35"/>
      </object_component>
      <object_component id="oc-1a">
         <name>.text</name>
         <load_address>0x25fc1</load_address>
         <run_address>0x25fc1</run_address>
         <size>0xf6</size>
         <input_file_ref idref="fl-3"/>
      </object_component>
      <object_component id="oc-13">
         <name>.text</name>
         <load_address>0x260b7</load_address>
         <run_address>0x260b7</run_address>
         <size>0xf2</size>
         <input_file_ref idref="fl-2"/>
      </object_component>
      <object_component id="oc-128">
         <name>.text</name>
         <load_address>0x261a9</load_address>
         <run_address>0x261a9</run_address>
         <size>0xe6</size>
         <input_file_ref idref="fl-58"/>
      </object_component>
      <object_component id="oc-d1">
         <name>.text</name>
         <load_address>0x2628f</load_address>
         <run_address>0x2628f</run_address>
         <size>0xdd</size>
         <input_file_ref idref="fl-43"/>
      </object_component>
      <object_component id="oc-72">
         <name>.text</name>
         <load_address>0x2636c</load_address>
         <run_address>0x2636c</run_address>
         <size>0xc2</size>
         <input_file_ref idref="fl-2e"/>
      </object_component>
      <object_component id="oc-c2">
         <name>.text:CIO_breakpoint</name>
         <load_address>0x2642e</load_address>
         <run_address>0x2642e</run_address>
         <size>0xba</size>
         <input_file_ref idref="fl-3f"/>
      </object_component>
      <object_component id="oc-cd">
         <name>.text</name>
         <load_address>0x264e8</load_address>
         <run_address>0x264e8</run_address>
         <size>0xae</size>
         <input_file_ref idref="fl-42"/>
      </object_component>
      <object_component id="oc-fb">
         <name>.text</name>
         <load_address>0x26596</load_address>
         <run_address>0x26596</run_address>
         <size>0xa6</size>
         <input_file_ref idref="fl-4d"/>
      </object_component>
      <object_component id="oc-f7">
         <name>.text</name>
         <load_address>0x2663c</load_address>
         <run_address>0x2663c</run_address>
         <size>0xa1</size>
         <input_file_ref idref="fl-4c"/>
      </object_component>
      <object_component id="oc-4f">
         <name>.text</name>
         <load_address>0x266dd</load_address>
         <run_address>0x266dd</run_address>
         <size>0x8e</size>
         <input_file_ref idref="fl-14"/>
      </object_component>
      <object_component id="oc-54">
         <name>.text</name>
         <load_address>0x2676b</load_address>
         <run_address>0x2676b</run_address>
         <size>0x87</size>
         <input_file_ref idref="fl-15"/>
      </object_component>
      <object_component id="oc-114">
         <name>.text</name>
         <load_address>0x267f2</load_address>
         <run_address>0x267f2</run_address>
         <size>0x7d</size>
         <input_file_ref idref="fl-53"/>
      </object_component>
      <object_component id="oc-6e">
         <name>.text</name>
         <load_address>0x2686f</load_address>
         <run_address>0x2686f</run_address>
         <size>0x7b</size>
         <input_file_ref idref="fl-2d"/>
      </object_component>
      <object_component id="oc-104">
         <name>.text</name>
         <load_address>0x268ea</load_address>
         <run_address>0x268ea</run_address>
         <size>0x76</size>
         <input_file_ref idref="fl-4f"/>
      </object_component>
      <object_component id="oc-8d">
         <name>.text</name>
         <load_address>0x26960</load_address>
         <run_address>0x26960</run_address>
         <size>0x73</size>
         <input_file_ref idref="fl-34"/>
      </object_component>
      <object_component id="oc-124">
         <name>.text</name>
         <load_address>0x269d3</load_address>
         <run_address>0x269d3</run_address>
         <size>0x72</size>
         <input_file_ref idref="fl-57"/>
      </object_component>
      <object_component id="oc-7a">
         <name>.text</name>
         <load_address>0x26a45</load_address>
         <run_address>0x26a45</run_address>
         <size>0x6f</size>
         <input_file_ref idref="fl-30"/>
      </object_component>
      <object_component id="oc-bf">
         <name>.text</name>
         <load_address>0x26ab4</load_address>
         <run_address>0x26ab4</run_address>
         <size>0x6d</size>
         <input_file_ref idref="fl-3f"/>
      </object_component>
      <object_component id="oc-108">
         <name>.text</name>
         <load_address>0x26b21</load_address>
         <run_address>0x26b21</run_address>
         <size>0x6b</size>
         <input_file_ref idref="fl-50"/>
      </object_component>
      <object_component id="oc-82">
         <name>.text</name>
         <load_address>0x26b8c</load_address>
         <run_address>0x26b8c</run_address>
         <size>0x67</size>
         <input_file_ref idref="fl-32"/>
      </object_component>
      <object_component id="oc-e5">
         <name>.text</name>
         <load_address>0x26bf3</load_address>
         <run_address>0x26bf3</run_address>
         <size>0x5c</size>
         <input_file_ref idref="fl-47"/>
      </object_component>
      <object_component id="oc-5a">
         <name>.text</name>
         <load_address>0x26c4f</load_address>
         <run_address>0x26c4f</run_address>
         <size>0x54</size>
         <input_file_ref idref="fl-16"/>
      </object_component>
      <object_component id="oc-b2">
         <name>.text</name>
         <load_address>0x26ca3</load_address>
         <run_address>0x26ca3</run_address>
         <size>0x50</size>
         <input_file_ref idref="fl-3c"/>
      </object_component>
      <object_component id="oc-e9">
         <name>.text</name>
         <load_address>0x26cf3</load_address>
         <run_address>0x26cf3</run_address>
         <size>0x4d</size>
         <input_file_ref idref="fl-48"/>
      </object_component>
      <object_component id="oc-e1">
         <name>.text</name>
         <load_address>0x26d40</load_address>
         <run_address>0x26d40</run_address>
         <size>0x4b</size>
         <input_file_ref idref="fl-46"/>
      </object_component>
      <object_component id="oc-120">
         <name>.text</name>
         <load_address>0x26d8b</load_address>
         <run_address>0x26d8b</run_address>
         <size>0x4b</size>
         <input_file_ref idref="fl-56"/>
      </object_component>
      <object_component id="oc-134">
         <name>.text</name>
         <load_address>0x26dd6</load_address>
         <run_address>0x26dd6</run_address>
         <size>0x48</size>
         <input_file_ref idref="fl-5b"/>
      </object_component>
      <object_component id="oc-a3">
         <name>.text</name>
         <load_address>0x26e1e</load_address>
         <run_address>0x26e1e</run_address>
         <size>0x3f</size>
         <input_file_ref idref="fl-39"/>
      </object_component>
      <object_component id="oc-67">
         <name>.text</name>
         <load_address>0x26e5d</load_address>
         <run_address>0x26e5d</run_address>
         <size>0x3e</size>
         <input_file_ref idref="fl-2c"/>
      </object_component>
      <object_component id="oc-11">
         <name>.text</name>
         <load_address>0x26e9b</load_address>
         <run_address>0x26e9b</run_address>
         <size>0x34</size>
         <input_file_ref idref="fl-2a"/>
      </object_component>
      <object_component id="oc-76">
         <name>.text</name>
         <load_address>0x26ecf</load_address>
         <run_address>0x26ecf</run_address>
         <size>0x2a</size>
         <input_file_ref idref="fl-2f"/>
      </object_component>
      <object_component id="oc-c5">
         <name>.text</name>
         <load_address>0x26ef9</load_address>
         <run_address>0x26ef9</run_address>
         <size>0x2a</size>
         <input_file_ref idref="fl-40"/>
      </object_component>
      <object_component id="oc-118">
         <name>.text</name>
         <load_address>0x26f23</load_address>
         <run_address>0x26f23</run_address>
         <size>0x23</size>
         <input_file_ref idref="fl-54"/>
      </object_component>
      <object_component id="oc-10c">
         <name>.text</name>
         <load_address>0x26f46</load_address>
         <run_address>0x26f46</run_address>
         <size>0x1a</size>
         <input_file_ref idref="fl-51"/>
      </object_component>
      <object_component id="oc-12c">
         <name>.text</name>
         <load_address>0x26f60</load_address>
         <run_address>0x26f60</run_address>
         <size>0x14</size>
         <input_file_ref idref="fl-59"/>
      </object_component>
      <object_component id="oc-99">
         <name>.text</name>
         <load_address>0x26f74</load_address>
         <run_address>0x26f74</run_address>
         <size>0x13</size>
         <input_file_ref idref="fl-37"/>
      </object_component>
      <object_component id="oc-d5">
         <name>.text</name>
         <load_address>0x26f87</load_address>
         <run_address>0x26f87</run_address>
         <size>0x12</size>
         <input_file_ref idref="fl-44"/>
      </object_component>
      <object_component id="oc-11c">
         <name>.text</name>
         <load_address>0x26f99</load_address>
         <run_address>0x26f99</run_address>
         <size>0x10</size>
         <input_file_ref idref="fl-55"/>
      </object_component>
      <object_component id="oc-7e">
         <name>.text</name>
         <load_address>0x26fa9</load_address>
         <run_address>0x26fa9</run_address>
         <size>0xc</size>
         <input_file_ref idref="fl-31"/>
      </object_component>
      <object_component id="oc-b6">
         <name>.text</name>
         <load_address>0x26fb5</load_address>
         <run_address>0x26fb5</run_address>
         <size>0xa</size>
         <input_file_ref idref="fl-3d"/>
      </object_component>
      <object_component id="oc-6b">
         <name>.text:CIO_breakpoint</name>
         <load_address>0x26fbf</load_address>
         <run_address>0x26fbf</run_address>
         <size>0x7</size>
         <input_file_ref idref="fl-2c"/>
      </object_component>
      <object_component id="oc-c9">
         <name>.text</name>
         <load_address>0x26fc6</load_address>
         <run_address>0x26fc6</run_address>
         <size>0x2</size>
         <input_file_ref idref="fl-41"/>
      </object_component>
      <object_component id="oc-5f">
         <name>.stack</name>
         <uninitialized>true</uninitialized>
         <run_address>0xc0</run_address>
         <size>0x0</size>
         <input_file_ref idref="fl-2a"/>
      </object_component>
      <object_component id="oc-165">
         <name>.stack</name>
         <uninitialized>true</uninitialized>
         <run_address>0xc0</run_address>
         <size>0x0</size>
      </object_component>
      <object_component id="oc-148">
         <name>.sysstack</name>
         <uninitialized>true</uninitialized>
         <run_address>0x20c0</run_address>
         <size>0x0</size>
         <input_file_ref idref="fl-2a"/>
      </object_component>
      <object_component id="oc-167">
         <name>.sysstack</name>
         <uninitialized>true</uninitialized>
         <run_address>0x20c0</run_address>
         <size>0x0</size>
      </object_component>
      <object_component id="oc-3f">
         <name>.bss</name>
         <uninitialized>true</uninitialized>
         <run_address>0x30c0</run_address>
         <size>0x1004</size>
         <input_file_ref idref="fl-8"/>
      </object_component>
      <object_component id="oc-29">
         <name>.bss</name>
         <uninitialized>true</uninitialized>
         <run_address>0x40c4</run_address>
         <size>0x2</size>
         <input_file_ref idref="fl-5"/>
      </object_component>
      <object_component id="oc-88">
         <name>.bss</name>
         <uninitialized>true</uninitialized>
         <run_address>0x40c6</run_address>
         <size>0x2</size>
         <input_file_ref idref="fl-33"/>
      </object_component>
      <object_component id="oc-23">
         <name>.bss</name>
         <uninitialized>true</uninitialized>
         <run_address>0x40c8</run_address>
         <size>0x800</size>
         <input_file_ref idref="fl-4"/>
      </object_component>
      <object_component id="oc-31">
         <name>.bss</name>
         <uninitialized>true</uninitialized>
         <run_address>0x48c8</run_address>
         <size>0x408</size>
         <input_file_ref idref="fl-6"/>
      </object_component>
      <object_component id="oc-f3">
         <name>.bss</name>
         <uninitialized>true</uninitialized>
         <run_address>0x4cd0</run_address>
         <size>0x232</size>
         <input_file_ref idref="fl-4b"/>
      </object_component>
      <object_component id="oc-bb">
         <name>.bss</name>
         <uninitialized>true</uninitialized>
         <run_address>0x4f02</run_address>
         <size>0x1a0</size>
         <input_file_ref idref="fl-3e"/>
      </object_component>
      <object_component id="oc-9e">
         <name>.bss</name>
         <uninitialized>true</uninitialized>
         <run_address>0x50a4</run_address>
         <size>0xe2</size>
         <input_file_ref idref="fl-38"/>
      </object_component>
      <object_component id="oc-13e">
         <name>.bss</name>
         <uninitialized>true</uninitialized>
         <run_address>0x5188</run_address>
         <size>0x24</size>
         <input_file_ref idref="fl-5d"/>
      </object_component>
      <object_component id="oc-44">
         <name>.bss</name>
         <uninitialized>true</uninitialized>
         <run_address>0x51ac</run_address>
         <size>0x10</size>
         <input_file_ref idref="fl-12"/>
      </object_component>
      <object_component id="oc-a8">
         <name>.bss</name>
         <uninitialized>true</uninitialized>
         <run_address>0x51bc</run_address>
         <size>0xc</size>
         <input_file_ref idref="fl-3a"/>
      </object_component>
      <object_component id="oc-14">
         <name>.bss</name>
         <uninitialized>true</uninitialized>
         <run_address>0x51c8</run_address>
         <size>0xa</size>
         <input_file_ref idref="fl-2"/>
      </object_component>
      <object_component id="oc-1b">
         <name>.bss</name>
         <uninitialized>true</uninitialized>
         <run_address>0x51d4</run_address>
         <size>0x8</size>
         <input_file_ref idref="fl-3"/>
      </object_component>
      <object_component id="oc-55">
         <name>.bss</name>
         <uninitialized>true</uninitialized>
         <run_address>0x51dc</run_address>
         <size>0x8</size>
         <input_file_ref idref="fl-15"/>
      </object_component>
      <object_component id="oc-d6">
         <name>.bss</name>
         <uninitialized>true</uninitialized>
         <run_address>0x51e4</run_address>
         <size>0x8</size>
         <input_file_ref idref="fl-44"/>
      </object_component>
      <object_component id="oc-68">
         <name>.bss</name>
         <uninitialized>true</uninitialized>
         <run_address>0x51ec</run_address>
         <size>0x8</size>
         <input_file_ref idref="fl-2c"/>
      </object_component>
      <object_component id="oc-14c">
         <name>.const:__ctypes_</name>
         <load_address>0x71f4</load_address>
         <run_address>0x71f4</run_address>
         <size>0x202</size>
         <input_file_ref idref="fl-4a"/>
      </object_component>
      <object_component id="oc-3b">
         <name>.const</name>
         <load_address>0x73f6</load_address>
         <run_address>0x73f6</run_address>
         <size>0x2</size>
         <input_file_ref idref="fl-7"/>
      </object_component>
      <object_component id="oc-1e">
         <name>.const:.string</name>
         <load_address>0x73f8</load_address>
         <run_address>0x73f8</run_address>
         <size>0x12e</size>
         <input_file_ref idref="fl-3"/>
      </object_component>
      <object_component id="oc-14a">
         <name>.const:_consolas_8ptBitmaps</name>
         <load_address>0x7526</load_address>
         <run_address>0x7526</run_address>
         <size>0xc0</size>
         <input_file_ref idref="fl-7"/>
      </object_component>
      <object_component id="oc-35">
         <name>.const:.string</name>
         <load_address>0x75e8</load_address>
         <run_address>0x75e8</run_address>
         <size>0xa2</size>
         <input_file_ref idref="fl-6"/>
      </object_component>
      <object_component id="oc-de">
         <name>.const:.string</name>
         <load_address>0x768c</load_address>
         <run_address>0x768c</run_address>
         <size>0x48</size>
         <input_file_ref idref="fl-45"/>
      </object_component>
      <object_component id="oc-dd">
         <name>.const</name>
         <load_address>0x76d4</load_address>
         <run_address>0x76d4</run_address>
         <size>0x18</size>
         <input_file_ref idref="fl-45"/>
      </object_component>
      <object_component id="oc-14b">
         <name>.const:_initial_approx$1</name>
         <load_address>0x76ec</load_address>
         <run_address>0x76ec</run_address>
         <size>0x10</size>
         <input_file_ref idref="fl-2b"/>
      </object_component>
      <object_component id="oc-34">
         <name>.const</name>
         <load_address>0x76fc</load_address>
         <run_address>0x76fc</run_address>
         <size>0x8</size>
         <input_file_ref idref="fl-6"/>
      </object_component>
      <object_component id="oc-101">
         <name>.const:.string</name>
         <load_address>0x7704</load_address>
         <run_address>0x7704</run_address>
         <size>0x4</size>
         <input_file_ref idref="fl-4e"/>
      </object_component>
      <object_component id="oc-2c">
         <name>.const</name>
         <load_address>0x7708</load_address>
         <run_address>0x7708</run_address>
         <size>0x4</size>
         <input_file_ref idref="fl-5"/>
      </object_component>
      <object_component id="oc-84">
         <name>.const</name>
         <load_address>0x770c</load_address>
         <run_address>0x770c</run_address>
         <size>0x4</size>
         <input_file_ref idref="fl-32"/>
      </object_component>
      <object_component id="oc-ab">
         <name>.sysmem</name>
         <uninitialized>true</uninitialized>
         <run_address>0x51f4</run_address>
         <size>0x0</size>
         <input_file_ref idref="fl-3a"/>
      </object_component>
      <object_component id="oc-166">
         <name>.sysmem</name>
         <uninitialized>true</uninitialized>
         <run_address>0x51f4</run_address>
         <size>0x0</size>
      </object_component>
      <object_component id="oc-149">
         <name>.switch:_printChar</name>
         <load_address>0x41378</load_address>
         <run_address>0x41378</run_address>
         <size>0x28</size>
         <input_file_ref idref="fl-7"/>
      </object_component>
      <object_component id="oc-41">
         <name>.cinit</name>
         <load_address>0x40000</load_address>
         <run_address>0x40000</run_address>
         <size>0x1002</size>
         <input_file_ref idref="fl-8"/>
      </object_component>
      <object_component id="oc-a0">
         <name>.cinit</name>
         <load_address>0x41002</load_address>
         <run_address>0x41002</run_address>
         <size>0x5a</size>
         <input_file_ref idref="fl-38"/>
      </object_component>
      <object_component id="oc-f5">
         <name>.cinit</name>
         <load_address>0x4105c</load_address>
         <run_address>0x4105c</run_address>
         <size>0x54</size>
         <input_file_ref idref="fl-4b"/>
      </object_component>
      <object_component id="oc-46">
         <name>.cinit</name>
         <load_address>0x410b0</load_address>
         <run_address>0x410b0</run_address>
         <size>0x18</size>
         <input_file_ref idref="fl-12"/>
      </object_component>
      <object_component id="oc-1d">
         <name>.cinit</name>
         <load_address>0x410c8</load_address>
         <run_address>0x410c8</run_address>
         <size>0x14</size>
         <input_file_ref idref="fl-3"/>
      </object_component>
      <object_component id="oc-d8">
         <name>.cinit</name>
         <load_address>0x410dc</load_address>
         <run_address>0x410dc</run_address>
         <size>0x14</size>
         <input_file_ref idref="fl-44"/>
      </object_component>
      <object_component id="oc-6a">
         <name>.cinit</name>
         <load_address>0x410f0</load_address>
         <run_address>0x410f0</run_address>
         <size>0x14</size>
         <input_file_ref idref="fl-2c"/>
      </object_component>
      <object_component id="oc-33">
         <name>.cinit</name>
         <load_address>0x41104</load_address>
         <run_address>0x41104</run_address>
         <size>0xe</size>
         <input_file_ref idref="fl-6"/>
      </object_component>
      <object_component id="oc-16">
         <name>.cinit</name>
         <load_address>0x41112</load_address>
         <run_address>0x41112</run_address>
         <size>0x8</size>
         <input_file_ref idref="fl-2"/>
      </object_component>
      <object_component id="oc-2b">
         <name>.cinit</name>
         <load_address>0x4111a</load_address>
         <run_address>0x4111a</run_address>
         <size>0x8</size>
         <input_file_ref idref="fl-5"/>
      </object_component>
      <object_component id="oc-8a">
         <name>.cinit</name>
         <load_address>0x41122</load_address>
         <run_address>0x41122</run_address>
         <size>0x8</size>
         <input_file_ref idref="fl-33"/>
      </object_component>
      <object_component id="oc-aa">
         <name>.cinit</name>
         <load_address>0x4112a</load_address>
         <run_address>0x4112a</run_address>
         <size>0x8</size>
         <input_file_ref idref="fl-3a"/>
      </object_component>
      <object_component id="oc-c1">
         <name>.cio</name>
         <uninitialized>true</uninitialized>
         <run_address>0x41138</run_address>
         <size>0x240</size>
         <input_file_ref idref="fl-3f"/>
      </object_component>
      <object_component id="oc-12">
         <name>vectors</name>
         <load_address>0x4fe00</load_address>
         <run_address>0x4fe00</run_address>
         <size>0x100</size>
         <input_file_ref idref="fl-41"/>
      </object_component>
      <object_component id="oc-15">
         <name>.debug_info</name>
         <load_address>0x0</load_address>
         <run_address>0x0</run_address>
         <size>0x935</size>
         <input_file_ref idref="fl-2"/>
      </object_component>
      <object_component id="oc-1c">
         <name>.debug_info</name>
         <load_address>0x935</load_address>
         <run_address>0x935</run_address>
         <size>0x947</size>
         <input_file_ref idref="fl-3"/>
      </object_component>
      <object_component id="oc-24">
         <name>.debug_info</name>
         <load_address>0x127c</load_address>
         <run_address>0x127c</run_address>
         <size>0x9f3</size>
         <input_file_ref idref="fl-4"/>
      </object_component>
      <object_component id="oc-2a">
         <name>.debug_info</name>
         <load_address>0x1c6f</load_address>
         <run_address>0x1c6f</run_address>
         <size>0x727</size>
         <input_file_ref idref="fl-5"/>
      </object_component>
      <object_component id="oc-32">
         <name>.debug_info</name>
         <load_address>0x2396</load_address>
         <run_address>0x2396</run_address>
         <size>0xe0d</size>
         <input_file_ref idref="fl-6"/>
      </object_component>
      <object_component id="oc-3a">
         <name>.debug_info</name>
         <load_address>0x31a3</load_address>
         <run_address>0x31a3</run_address>
         <size>0xc10</size>
         <input_file_ref idref="fl-7"/>
      </object_component>
      <object_component id="oc-40">
         <name>.debug_info</name>
         <load_address>0x3db3</load_address>
         <run_address>0x3db3</run_address>
         <size>0x4f8</size>
         <input_file_ref idref="fl-8"/>
      </object_component>
      <object_component id="oc-45">
         <name>.debug_info</name>
         <load_address>0x42ab</load_address>
         <run_address>0x42ab</run_address>
         <size>0x6384</size>
         <input_file_ref idref="fl-12"/>
      </object_component>
      <object_component id="oc-4b">
         <name>.debug_info</name>
         <load_address>0xa62f</load_address>
         <run_address>0xa62f</run_address>
         <size>0x5f6b</size>
         <input_file_ref idref="fl-13"/>
      </object_component>
      <object_component id="oc-50">
         <name>.debug_info</name>
         <load_address>0x1059a</load_address>
         <run_address>0x1059a</run_address>
         <size>0x65d7</size>
         <input_file_ref idref="fl-14"/>
      </object_component>
      <object_component id="oc-56">
         <name>.debug_info</name>
         <load_address>0x16b71</load_address>
         <run_address>0x16b71</run_address>
         <size>0x63d2</size>
         <input_file_ref idref="fl-15"/>
      </object_component>
      <object_component id="oc-5b">
         <name>.debug_info</name>
         <load_address>0x1cf43</load_address>
         <run_address>0x1cf43</run_address>
         <size>0x5896</size>
         <input_file_ref idref="fl-16"/>
      </object_component>
      <object_component id="oc-60">
         <name>.debug_info</name>
         <load_address>0x227d9</load_address>
         <run_address>0x227d9</run_address>
         <size>0xe8</size>
         <input_file_ref idref="fl-2a"/>
      </object_component>
      <object_component id="oc-64">
         <name>.debug_info</name>
         <load_address>0x228c1</load_address>
         <run_address>0x228c1</run_address>
         <size>0x7e8</size>
         <input_file_ref idref="fl-2b"/>
      </object_component>
      <object_component id="oc-69">
         <name>.debug_info</name>
         <load_address>0x230a9</load_address>
         <run_address>0x230a9</run_address>
         <size>0x5fb</size>
         <input_file_ref idref="fl-2c"/>
      </object_component>
      <object_component id="oc-6f">
         <name>.debug_info</name>
         <load_address>0x236a4</load_address>
         <run_address>0x236a4</run_address>
         <size>0x64f</size>
         <input_file_ref idref="fl-2d"/>
      </object_component>
      <object_component id="oc-73">
         <name>.debug_info</name>
         <load_address>0x23cf3</load_address>
         <run_address>0x23cf3</run_address>
         <size>0x706</size>
         <input_file_ref idref="fl-2e"/>
      </object_component>
      <object_component id="oc-77">
         <name>.debug_info</name>
         <load_address>0x243f9</load_address>
         <run_address>0x243f9</run_address>
         <size>0x4cf</size>
         <input_file_ref idref="fl-2f"/>
      </object_component>
      <object_component id="oc-7b">
         <name>.debug_info</name>
         <load_address>0x248c8</load_address>
         <run_address>0x248c8</run_address>
         <size>0x534</size>
         <input_file_ref idref="fl-30"/>
      </object_component>
      <object_component id="oc-7f">
         <name>.debug_info</name>
         <load_address>0x24dfc</load_address>
         <run_address>0x24dfc</run_address>
         <size>0x4cf</size>
         <input_file_ref idref="fl-31"/>
      </object_component>
      <object_component id="oc-83">
         <name>.debug_info</name>
         <load_address>0x252cb</load_address>
         <run_address>0x252cb</run_address>
         <size>0x549</size>
         <input_file_ref idref="fl-32"/>
      </object_component>
      <object_component id="oc-89">
         <name>.debug_info</name>
         <load_address>0x25814</load_address>
         <run_address>0x25814</run_address>
         <size>0xa1c</size>
         <input_file_ref idref="fl-33"/>
      </object_component>
      <object_component id="oc-8e">
         <name>.debug_info</name>
         <load_address>0x26230</load_address>
         <run_address>0x26230</run_address>
         <size>0x53e</size>
         <input_file_ref idref="fl-34"/>
      </object_component>
      <object_component id="oc-92">
         <name>.debug_info</name>
         <load_address>0x2676e</load_address>
         <run_address>0x2676e</run_address>
         <size>0x762</size>
         <input_file_ref idref="fl-35"/>
      </object_component>
      <object_component id="oc-96">
         <name>.debug_info</name>
         <load_address>0x26ed0</load_address>
         <run_address>0x26ed0</run_address>
         <size>0x8f7</size>
         <input_file_ref idref="fl-36"/>
      </object_component>
      <object_component id="oc-9a">
         <name>.debug_info</name>
         <load_address>0x277c7</load_address>
         <run_address>0x277c7</run_address>
         <size>0xbd</size>
         <input_file_ref idref="fl-37"/>
      </object_component>
      <object_component id="oc-9f">
         <name>.debug_info</name>
         <load_address>0x27884</load_address>
         <run_address>0x27884</run_address>
         <size>0x144b</size>
         <input_file_ref idref="fl-38"/>
      </object_component>
      <object_component id="oc-a4">
         <name>.debug_info</name>
         <load_address>0x28ccf</load_address>
         <run_address>0x28ccf</run_address>
         <size>0xd1</size>
         <input_file_ref idref="fl-39"/>
      </object_component>
      <object_component id="oc-a9">
         <name>.debug_info</name>
         <load_address>0x28da0</load_address>
         <run_address>0x28da0</run_address>
         <size>0xb97</size>
         <input_file_ref idref="fl-3a"/>
      </object_component>
      <object_component id="oc-af">
         <name>.debug_info</name>
         <load_address>0x29937</load_address>
         <run_address>0x29937</run_address>
         <size>0x55b</size>
         <input_file_ref idref="fl-3b"/>
      </object_component>
      <object_component id="oc-b3">
         <name>.debug_info</name>
         <load_address>0x29e92</load_address>
         <run_address>0x29e92</run_address>
         <size>0x76c</size>
         <input_file_ref idref="fl-3c"/>
      </object_component>
      <object_component id="oc-b7">
         <name>.debug_info</name>
         <load_address>0x2a5fe</load_address>
         <run_address>0x2a5fe</run_address>
         <size>0x510</size>
         <input_file_ref idref="fl-3d"/>
      </object_component>
      <object_component id="oc-bc">
         <name>.debug_info</name>
         <load_address>0x2ab0e</load_address>
         <run_address>0x2ab0e</run_address>
         <size>0xed4</size>
         <input_file_ref idref="fl-3e"/>
      </object_component>
      <object_component id="oc-c0">
         <name>.debug_info</name>
         <load_address>0x2b9e2</load_address>
         <run_address>0x2b9e2</run_address>
         <size>0x744</size>
         <input_file_ref idref="fl-3f"/>
      </object_component>
      <object_component id="oc-c6">
         <name>.debug_info</name>
         <load_address>0x2c126</load_address>
         <run_address>0x2c126</run_address>
         <size>0xef</size>
         <input_file_ref idref="fl-40"/>
      </object_component>
      <object_component id="oc-ca">
         <name>.debug_info</name>
         <load_address>0x2c215</load_address>
         <run_address>0x2c215</run_address>
         <size>0xbc</size>
         <input_file_ref idref="fl-41"/>
      </object_component>
      <object_component id="oc-ce">
         <name>.debug_info</name>
         <load_address>0x2c2d1</load_address>
         <run_address>0x2c2d1</run_address>
         <size>0x6b8</size>
         <input_file_ref idref="fl-42"/>
      </object_component>
      <object_component id="oc-d2">
         <name>.debug_info</name>
         <load_address>0x2c989</load_address>
         <run_address>0x2c989</run_address>
         <size>0x662</size>
         <input_file_ref idref="fl-43"/>
      </object_component>
      <object_component id="oc-d7">
         <name>.debug_info</name>
         <load_address>0x2cfeb</load_address>
         <run_address>0x2cfeb</run_address>
         <size>0x5bc</size>
         <input_file_ref idref="fl-44"/>
      </object_component>
      <object_component id="oc-dc">
         <name>.debug_info</name>
         <load_address>0x2d5a7</load_address>
         <run_address>0x2d5a7</run_address>
         <size>0x27bd</size>
         <input_file_ref idref="fl-45"/>
      </object_component>
      <object_component id="oc-e2">
         <name>.debug_info</name>
         <load_address>0x2fd64</load_address>
         <run_address>0x2fd64</run_address>
         <size>0x586</size>
         <input_file_ref idref="fl-46"/>
      </object_component>
      <object_component id="oc-e6">
         <name>.debug_info</name>
         <load_address>0x302ea</load_address>
         <run_address>0x302ea</run_address>
         <size>0x5a4</size>
         <input_file_ref idref="fl-47"/>
      </object_component>
      <object_component id="oc-ea">
         <name>.debug_info</name>
         <load_address>0x3088e</load_address>
         <run_address>0x3088e</run_address>
         <size>0xcd</size>
         <input_file_ref idref="fl-48"/>
      </object_component>
      <object_component id="oc-ee">
         <name>.debug_info</name>
         <load_address>0x3095b</load_address>
         <run_address>0x3095b</run_address>
         <size>0x81f</size>
         <input_file_ref idref="fl-49"/>
      </object_component>
      <object_component id="oc-f1">
         <name>.debug_info</name>
         <load_address>0x3117a</load_address>
         <run_address>0x3117a</run_address>
         <size>0x498</size>
         <input_file_ref idref="fl-4a"/>
      </object_component>
      <object_component id="oc-f4">
         <name>.debug_info</name>
         <load_address>0x31612</load_address>
         <run_address>0x31612</run_address>
         <size>0x57e</size>
         <input_file_ref idref="fl-4b"/>
      </object_component>
      <object_component id="oc-f8">
         <name>.debug_info</name>
         <load_address>0x31b90</load_address>
         <run_address>0x31b90</run_address>
         <size>0x534</size>
         <input_file_ref idref="fl-4c"/>
      </object_component>
      <object_component id="oc-fc">
         <name>.debug_info</name>
         <load_address>0x320c4</load_address>
         <run_address>0x320c4</run_address>
         <size>0x6aa</size>
         <input_file_ref idref="fl-4d"/>
      </object_component>
      <object_component id="oc-100">
         <name>.debug_info</name>
         <load_address>0x3276e</load_address>
         <run_address>0x3276e</run_address>
         <size>0x942</size>
         <input_file_ref idref="fl-4e"/>
      </object_component>
      <object_component id="oc-105">
         <name>.debug_info</name>
         <load_address>0x330b0</load_address>
         <run_address>0x330b0</run_address>
         <size>0x4d2</size>
         <input_file_ref idref="fl-4f"/>
      </object_component>
      <object_component id="oc-109">
         <name>.debug_info</name>
         <load_address>0x33582</load_address>
         <run_address>0x33582</run_address>
         <size>0x5f7</size>
         <input_file_ref idref="fl-50"/>
      </object_component>
      <object_component id="oc-10d">
         <name>.debug_info</name>
         <load_address>0x33b79</load_address>
         <run_address>0x33b79</run_address>
         <size>0x680</size>
         <input_file_ref idref="fl-51"/>
      </object_component>
      <object_component id="oc-111">
         <name>.debug_info</name>
         <load_address>0x341f9</load_address>
         <run_address>0x341f9</run_address>
         <size>0x7d4</size>
         <input_file_ref idref="fl-52"/>
      </object_component>
      <object_component id="oc-115">
         <name>.debug_info</name>
         <load_address>0x349cd</load_address>
         <run_address>0x349cd</run_address>
         <size>0x5ad</size>
         <input_file_ref idref="fl-53"/>
      </object_component>
      <object_component id="oc-119">
         <name>.debug_info</name>
         <load_address>0x34f7a</load_address>
         <run_address>0x34f7a</run_address>
         <size>0x574</size>
         <input_file_ref idref="fl-54"/>
      </object_component>
      <object_component id="oc-11d">
         <name>.debug_info</name>
         <load_address>0x354ee</load_address>
         <run_address>0x354ee</run_address>
         <size>0x4b7</size>
         <input_file_ref idref="fl-55"/>
      </object_component>
      <object_component id="oc-121">
         <name>.debug_info</name>
         <load_address>0x359a5</load_address>
         <run_address>0x359a5</run_address>
         <size>0x4f2</size>
         <input_file_ref idref="fl-56"/>
      </object_component>
      <object_component id="oc-125">
         <name>.debug_info</name>
         <load_address>0x35e97</load_address>
         <run_address>0x35e97</run_address>
         <size>0x534</size>
         <input_file_ref idref="fl-57"/>
      </object_component>
      <object_component id="oc-129">
         <name>.debug_info</name>
         <load_address>0x363cb</load_address>
         <run_address>0x363cb</run_address>
         <size>0x64a</size>
         <input_file_ref idref="fl-58"/>
      </object_component>
      <object_component id="oc-12d">
         <name>.debug_info</name>
         <load_address>0x36a15</load_address>
         <run_address>0x36a15</run_address>
         <size>0x4de</size>
         <input_file_ref idref="fl-59"/>
      </object_component>
      <object_component id="oc-131">
         <name>.debug_info</name>
         <load_address>0x36ef3</load_address>
         <run_address>0x36ef3</run_address>
         <size>0x5ab</size>
         <input_file_ref idref="fl-5a"/>
      </object_component>
      <object_component id="oc-135">
         <name>.debug_info</name>
         <load_address>0x3749e</load_address>
         <run_address>0x3749e</run_address>
         <size>0x4f2</size>
         <input_file_ref idref="fl-5b"/>
      </object_component>
      <object_component id="oc-139">
         <name>.debug_info</name>
         <load_address>0x37990</load_address>
         <run_address>0x37990</run_address>
         <size>0x6ebb</size>
         <input_file_ref idref="fl-5c"/>
      </object_component>
      <object_component id="oc-13f">
         <name>.debug_info</name>
         <load_address>0x3e84b</load_address>
         <run_address>0x3e84b</run_address>
         <size>0x7424</size>
         <input_file_ref idref="fl-5d"/>
      </object_component>
      <object_component id="oc-144">
         <name>.debug_info</name>
         <load_address>0x45c6f</load_address>
         <run_address>0x45c6f</run_address>
         <size>0x6ced</size>
         <input_file_ref idref="fl-5e"/>
      </object_component>
      <object_component id="oc-171">
         <name>.debug_info</name>
         <load_address>0x4c95c</load_address>
         <run_address>0x4c95c</run_address>
         <size>0x6e</size>
      </object_component>
      <object_component id="oc-17">
         <name>.debug_frame</name>
         <load_address>0x0</load_address>
         <run_address>0x0</run_address>
         <size>0x132</size>
         <input_file_ref idref="fl-2"/>
      </object_component>
      <object_component id="oc-1f">
         <name>.debug_frame</name>
         <load_address>0x132</load_address>
         <run_address>0x132</run_address>
         <size>0x139</size>
         <input_file_ref idref="fl-3"/>
      </object_component>
      <object_component id="oc-25">
         <name>.debug_frame</name>
         <load_address>0x26b</load_address>
         <run_address>0x26b</run_address>
         <size>0x118</size>
         <input_file_ref idref="fl-4"/>
      </object_component>
      <object_component id="oc-2d">
         <name>.debug_frame</name>
         <load_address>0x383</load_address>
         <run_address>0x383</run_address>
         <size>0xe5</size>
         <input_file_ref idref="fl-5"/>
      </object_component>
      <object_component id="oc-36">
         <name>.debug_frame</name>
         <load_address>0x468</load_address>
         <run_address>0x468</run_address>
         <size>0xfc</size>
         <input_file_ref idref="fl-6"/>
      </object_component>
      <object_component id="oc-3c">
         <name>.debug_frame</name>
         <load_address>0x564</load_address>
         <run_address>0x564</run_address>
         <size>0x13c</size>
         <input_file_ref idref="fl-7"/>
      </object_component>
      <object_component id="oc-47">
         <name>.debug_frame</name>
         <load_address>0x6a0</load_address>
         <run_address>0x6a0</run_address>
         <size>0x102</size>
         <input_file_ref idref="fl-12"/>
      </object_component>
      <object_component id="oc-4c">
         <name>.debug_frame</name>
         <load_address>0x7a2</load_address>
         <run_address>0x7a2</run_address>
         <size>0x13a</size>
         <input_file_ref idref="fl-13"/>
      </object_component>
      <object_component id="oc-51">
         <name>.debug_frame</name>
         <load_address>0x8dc</load_address>
         <run_address>0x8dc</run_address>
         <size>0x138</size>
         <input_file_ref idref="fl-14"/>
      </object_component>
      <object_component id="oc-57">
         <name>.debug_frame</name>
         <load_address>0xa14</load_address>
         <run_address>0xa14</run_address>
         <size>0x138</size>
         <input_file_ref idref="fl-15"/>
      </object_component>
      <object_component id="oc-5c">
         <name>.debug_frame</name>
         <load_address>0xb4c</load_address>
         <run_address>0xb4c</run_address>
         <size>0x116</size>
         <input_file_ref idref="fl-16"/>
      </object_component>
      <object_component id="oc-13a">
         <name>.debug_frame</name>
         <load_address>0xc62</load_address>
         <run_address>0xc62</run_address>
         <size>0x272</size>
         <input_file_ref idref="fl-5c"/>
      </object_component>
      <object_component id="oc-140">
         <name>.debug_frame</name>
         <load_address>0xed4</load_address>
         <run_address>0xed4</run_address>
         <size>0x1ef</size>
         <input_file_ref idref="fl-5d"/>
      </object_component>
      <object_component id="oc-145">
         <name>.debug_frame</name>
         <load_address>0x10c3</load_address>
         <run_address>0x10c3</run_address>
         <size>0x224</size>
         <input_file_ref idref="fl-5e"/>
      </object_component>
      <object_component id="oc-18">
         <name>.debug_line</name>
         <load_address>0x0</load_address>
         <run_address>0x0</run_address>
         <size>0xac</size>
         <input_file_ref idref="fl-2"/>
      </object_component>
      <object_component id="oc-20">
         <name>.debug_line</name>
         <load_address>0xac</load_address>
         <run_address>0xac</run_address>
         <size>0xb8</size>
         <input_file_ref idref="fl-3"/>
      </object_component>
      <object_component id="oc-26">
         <name>.debug_line</name>
         <load_address>0x164</load_address>
         <run_address>0x164</run_address>
         <size>0xbe</size>
         <input_file_ref idref="fl-4"/>
      </object_component>
      <object_component id="oc-2e">
         <name>.debug_line</name>
         <load_address>0x222</load_address>
         <run_address>0x222</run_address>
         <size>0x8a</size>
         <input_file_ref idref="fl-5"/>
      </object_component>
      <object_component id="oc-37">
         <name>.debug_line</name>
         <load_address>0x2ac</load_address>
         <run_address>0x2ac</run_address>
         <size>0x154</size>
         <input_file_ref idref="fl-6"/>
      </object_component>
      <object_component id="oc-3d">
         <name>.debug_line</name>
         <load_address>0x400</load_address>
         <run_address>0x400</run_address>
         <size>0x1b3</size>
         <input_file_ref idref="fl-7"/>
      </object_component>
      <object_component id="oc-48">
         <name>.debug_line</name>
         <load_address>0x5b3</load_address>
         <run_address>0x5b3</run_address>
         <size>0x66e</size>
         <input_file_ref idref="fl-12"/>
      </object_component>
      <object_component id="oc-4d">
         <name>.debug_line</name>
         <load_address>0xc21</load_address>
         <run_address>0xc21</run_address>
         <size>0x6ca</size>
         <input_file_ref idref="fl-13"/>
      </object_component>
      <object_component id="oc-52">
         <name>.debug_line</name>
         <load_address>0x12eb</load_address>
         <run_address>0x12eb</run_address>
         <size>0x659</size>
         <input_file_ref idref="fl-14"/>
      </object_component>
      <object_component id="oc-58">
         <name>.debug_line</name>
         <load_address>0x1944</load_address>
         <run_address>0x1944</run_address>
         <size>0x653</size>
         <input_file_ref idref="fl-15"/>
      </object_component>
      <object_component id="oc-5d">
         <name>.debug_line</name>
         <load_address>0x1f97</load_address>
         <run_address>0x1f97</run_address>
         <size>0x59c</size>
         <input_file_ref idref="fl-16"/>
      </object_component>
      <object_component id="oc-61">
         <name>.debug_line</name>
         <load_address>0x2533</load_address>
         <run_address>0x2533</run_address>
         <size>0x54</size>
         <input_file_ref idref="fl-2a"/>
      </object_component>
      <object_component id="oc-65">
         <name>.debug_line</name>
         <load_address>0x2587</load_address>
         <run_address>0x2587</run_address>
         <size>0x5b</size>
         <input_file_ref idref="fl-2b"/>
      </object_component>
      <object_component id="oc-6c">
         <name>.debug_line</name>
         <load_address>0x25e2</load_address>
         <run_address>0x25e2</run_address>
         <size>0x51</size>
         <input_file_ref idref="fl-2c"/>
      </object_component>
      <object_component id="oc-70">
         <name>.debug_line</name>
         <load_address>0x2633</load_address>
         <run_address>0x2633</run_address>
         <size>0x3d</size>
         <input_file_ref idref="fl-2d"/>
      </object_component>
      <object_component id="oc-74">
         <name>.debug_line</name>
         <load_address>0x2670</load_address>
         <run_address>0x2670</run_address>
         <size>0x5b</size>
         <input_file_ref idref="fl-2e"/>
      </object_component>
      <object_component id="oc-78">
         <name>.debug_line</name>
         <load_address>0x26cb</load_address>
         <run_address>0x26cb</run_address>
         <size>0x3d</size>
         <input_file_ref idref="fl-2f"/>
      </object_component>
      <object_component id="oc-7c">
         <name>.debug_line</name>
         <load_address>0x2708</load_address>
         <run_address>0x2708</run_address>
         <size>0x3d</size>
         <input_file_ref idref="fl-30"/>
      </object_component>
      <object_component id="oc-80">
         <name>.debug_line</name>
         <load_address>0x2745</load_address>
         <run_address>0x2745</run_address>
         <size>0x3d</size>
         <input_file_ref idref="fl-31"/>
      </object_component>
      <object_component id="oc-85">
         <name>.debug_line</name>
         <load_address>0x2782</load_address>
         <run_address>0x2782</run_address>
         <size>0x44</size>
         <input_file_ref idref="fl-32"/>
      </object_component>
      <object_component id="oc-8b">
         <name>.debug_line</name>
         <load_address>0x27c6</load_address>
         <run_address>0x27c6</run_address>
         <size>0xd7</size>
         <input_file_ref idref="fl-33"/>
      </object_component>
      <object_component id="oc-8f">
         <name>.debug_line</name>
         <load_address>0x289d</load_address>
         <run_address>0x289d</run_address>
         <size>0x40</size>
         <input_file_ref idref="fl-34"/>
      </object_component>
      <object_component id="oc-93">
         <name>.debug_line</name>
         <load_address>0x28dd</load_address>
         <run_address>0x28dd</run_address>
         <size>0x4d</size>
         <input_file_ref idref="fl-35"/>
      </object_component>
      <object_component id="oc-97">
         <name>.debug_line</name>
         <load_address>0x292a</load_address>
         <run_address>0x292a</run_address>
         <size>0x97</size>
         <input_file_ref idref="fl-36"/>
      </object_component>
      <object_component id="oc-9b">
         <name>.debug_line</name>
         <load_address>0x29c1</load_address>
         <run_address>0x29c1</run_address>
         <size>0x3c</size>
         <input_file_ref idref="fl-37"/>
      </object_component>
      <object_component id="oc-a1">
         <name>.debug_line</name>
         <load_address>0x29fd</load_address>
         <run_address>0x29fd</run_address>
         <size>0x1b0</size>
         <input_file_ref idref="fl-38"/>
      </object_component>
      <object_component id="oc-a5">
         <name>.debug_line</name>
         <load_address>0x2bad</load_address>
         <run_address>0x2bad</run_address>
         <size>0x4d</size>
         <input_file_ref idref="fl-39"/>
      </object_component>
      <object_component id="oc-ac">
         <name>.debug_line</name>
         <load_address>0x2bfa</load_address>
         <run_address>0x2bfa</run_address>
         <size>0x112</size>
         <input_file_ref idref="fl-3a"/>
      </object_component>
      <object_component id="oc-b0">
         <name>.debug_line</name>
         <load_address>0x2d0c</load_address>
         <run_address>0x2d0c</run_address>
         <size>0x3c</size>
         <input_file_ref idref="fl-3b"/>
      </object_component>
      <object_component id="oc-b4">
         <name>.debug_line</name>
         <load_address>0x2d48</load_address>
         <run_address>0x2d48</run_address>
         <size>0x69</size>
         <input_file_ref idref="fl-3c"/>
      </object_component>
      <object_component id="oc-b8">
         <name>.debug_line</name>
         <load_address>0x2db1</load_address>
         <run_address>0x2db1</run_address>
         <size>0x39</size>
         <input_file_ref idref="fl-3d"/>
      </object_component>
      <object_component id="oc-bd">
         <name>.debug_line</name>
         <load_address>0x2dea</load_address>
         <run_address>0x2dea</run_address>
         <size>0x15d</size>
         <input_file_ref idref="fl-3e"/>
      </object_component>
      <object_component id="oc-c3">
         <name>.debug_line</name>
         <load_address>0x2f47</load_address>
         <run_address>0x2f47</run_address>
         <size>0x6a</size>
         <input_file_ref idref="fl-3f"/>
      </object_component>
      <object_component id="oc-c7">
         <name>.debug_line</name>
         <load_address>0x2fb1</load_address>
         <run_address>0x2fb1</run_address>
         <size>0x58</size>
         <input_file_ref idref="fl-40"/>
      </object_component>
      <object_component id="oc-cb">
         <name>.debug_line</name>
         <load_address>0x3009</load_address>
         <run_address>0x3009</run_address>
         <size>0x37</size>
         <input_file_ref idref="fl-41"/>
      </object_component>
      <object_component id="oc-cf">
         <name>.debug_line</name>
         <load_address>0x3040</load_address>
         <run_address>0x3040</run_address>
         <size>0x4c</size>
         <input_file_ref idref="fl-42"/>
      </object_component>
      <object_component id="oc-d3">
         <name>.debug_line</name>
         <load_address>0x308c</load_address>
         <run_address>0x308c</run_address>
         <size>0x57</size>
         <input_file_ref idref="fl-43"/>
      </object_component>
      <object_component id="oc-d9">
         <name>.debug_line</name>
         <load_address>0x30e3</load_address>
         <run_address>0x30e3</run_address>
         <size>0x57</size>
         <input_file_ref idref="fl-44"/>
      </object_component>
      <object_component id="oc-df">
         <name>.debug_line</name>
         <load_address>0x313a</load_address>
         <run_address>0x313a</run_address>
         <size>0x328</size>
         <input_file_ref idref="fl-45"/>
      </object_component>
      <object_component id="oc-e3">
         <name>.debug_line</name>
         <load_address>0x3462</load_address>
         <run_address>0x3462</run_address>
         <size>0x41</size>
         <input_file_ref idref="fl-46"/>
      </object_component>
      <object_component id="oc-e7">
         <name>.debug_line</name>
         <load_address>0x34a3</load_address>
         <run_address>0x34a3</run_address>
         <size>0x46</size>
         <input_file_ref idref="fl-47"/>
      </object_component>
      <object_component id="oc-eb">
         <name>.debug_line</name>
         <load_address>0x34e9</load_address>
         <run_address>0x34e9</run_address>
         <size>0x55</size>
         <input_file_ref idref="fl-48"/>
      </object_component>
      <object_component id="oc-ef">
         <name>.debug_line</name>
         <load_address>0x353e</load_address>
         <run_address>0x353e</run_address>
         <size>0xad</size>
         <input_file_ref idref="fl-49"/>
      </object_component>
      <object_component id="oc-f9">
         <name>.debug_line</name>
         <load_address>0x35eb</load_address>
         <run_address>0x35eb</run_address>
         <size>0x44</size>
         <input_file_ref idref="fl-4c"/>
      </object_component>
      <object_component id="oc-fd">
         <name>.debug_line</name>
         <load_address>0x362f</load_address>
         <run_address>0x362f</run_address>
         <size>0x56</size>
         <input_file_ref idref="fl-4d"/>
      </object_component>
      <object_component id="oc-102">
         <name>.debug_line</name>
         <load_address>0x3685</load_address>
         <run_address>0x3685</run_address>
         <size>0xa8</size>
         <input_file_ref idref="fl-4e"/>
      </object_component>
      <object_component id="oc-106">
         <name>.debug_line</name>
         <load_address>0x372d</load_address>
         <run_address>0x372d</run_address>
         <size>0x3a</size>
         <input_file_ref idref="fl-4f"/>
      </object_component>
      <object_component id="oc-10a">
         <name>.debug_line</name>
         <load_address>0x3767</load_address>
         <run_address>0x3767</run_address>
         <size>0x3c</size>
         <input_file_ref idref="fl-50"/>
      </object_component>
      <object_component id="oc-10e">
         <name>.debug_line</name>
         <load_address>0x37a3</load_address>
         <run_address>0x37a3</run_address>
         <size>0x38</size>
         <input_file_ref idref="fl-51"/>
      </object_component>
      <object_component id="oc-112">
         <name>.debug_line</name>
         <load_address>0x37db</load_address>
         <run_address>0x37db</run_address>
         <size>0xa8</size>
         <input_file_ref idref="fl-52"/>
      </object_component>
      <object_component id="oc-116">
         <name>.debug_line</name>
         <load_address>0x3883</load_address>
         <run_address>0x3883</run_address>
         <size>0x40</size>
         <input_file_ref idref="fl-53"/>
      </object_component>
      <object_component id="oc-11a">
         <name>.debug_line</name>
         <load_address>0x38c3</load_address>
         <run_address>0x38c3</run_address>
         <size>0x3c</size>
         <input_file_ref idref="fl-54"/>
      </object_component>
      <object_component id="oc-11e">
         <name>.debug_line</name>
         <load_address>0x38ff</load_address>
         <run_address>0x38ff</run_address>
         <size>0x37</size>
         <input_file_ref idref="fl-55"/>
      </object_component>
      <object_component id="oc-122">
         <name>.debug_line</name>
         <load_address>0x3936</load_address>
         <run_address>0x3936</run_address>
         <size>0x3c</size>
         <input_file_ref idref="fl-56"/>
      </object_component>
      <object_component id="oc-126">
         <name>.debug_line</name>
         <load_address>0x3972</load_address>
         <run_address>0x3972</run_address>
         <size>0x44</size>
         <input_file_ref idref="fl-57"/>
      </object_component>
      <object_component id="oc-12a">
         <name>.debug_line</name>
         <load_address>0x39b6</load_address>
         <run_address>0x39b6</run_address>
         <size>0x3f</size>
         <input_file_ref idref="fl-58"/>
      </object_component>
      <object_component id="oc-12e">
         <name>.debug_line</name>
         <load_address>0x39f5</load_address>
         <run_address>0x39f5</run_address>
         <size>0x37</size>
         <input_file_ref idref="fl-59"/>
      </object_component>
      <object_component id="oc-132">
         <name>.debug_line</name>
         <load_address>0x3a2c</load_address>
         <run_address>0x3a2c</run_address>
         <size>0x5c</size>
         <input_file_ref idref="fl-5a"/>
      </object_component>
      <object_component id="oc-136">
         <name>.debug_line</name>
         <load_address>0x3a88</load_address>
         <run_address>0x3a88</run_address>
         <size>0x3c</size>
         <input_file_ref idref="fl-5b"/>
      </object_component>
      <object_component id="oc-13b">
         <name>.debug_line</name>
         <load_address>0x3ac4</load_address>
         <run_address>0x3ac4</run_address>
         <size>0x94b</size>
         <input_file_ref idref="fl-5c"/>
      </object_component>
      <object_component id="oc-141">
         <name>.debug_line</name>
         <load_address>0x440f</load_address>
         <run_address>0x440f</run_address>
         <size>0x96d</size>
         <input_file_ref idref="fl-5d"/>
      </object_component>
      <object_component id="oc-146">
         <name>.debug_line</name>
         <load_address>0x4d7c</load_address>
         <run_address>0x4d7c</run_address>
         <size>0x7c8</size>
         <input_file_ref idref="fl-5e"/>
      </object_component>
      <object_component id="oc-19">
         <name>.debug_abbrev</name>
         <load_address>0x0</load_address>
         <run_address>0x0</run_address>
         <size>0x10c</size>
         <input_file_ref idref="fl-2"/>
      </object_component>
      <object_component id="oc-21">
         <name>.debug_abbrev</name>
         <load_address>0x10c</load_address>
         <run_address>0x10c</run_address>
         <size>0x121</size>
         <input_file_ref idref="fl-3"/>
      </object_component>
      <object_component id="oc-27">
         <name>.debug_abbrev</name>
         <load_address>0x22d</load_address>
         <run_address>0x22d</run_address>
         <size>0x139</size>
         <input_file_ref idref="fl-4"/>
      </object_component>
      <object_component id="oc-2f">
         <name>.debug_abbrev</name>
         <load_address>0x366</load_address>
         <run_address>0x366</run_address>
         <size>0xe4</size>
         <input_file_ref idref="fl-5"/>
      </object_component>
      <object_component id="oc-38">
         <name>.debug_abbrev</name>
         <load_address>0x44a</load_address>
         <run_address>0x44a</run_address>
         <size>0x124</size>
         <input_file_ref idref="fl-6"/>
      </object_component>
      <object_component id="oc-3e">
         <name>.debug_abbrev</name>
         <load_address>0x56e</load_address>
         <run_address>0x56e</run_address>
         <size>0x114</size>
         <input_file_ref idref="fl-7"/>
      </object_component>
      <object_component id="oc-42">
         <name>.debug_abbrev</name>
         <load_address>0x682</load_address>
         <run_address>0x682</run_address>
         <size>0x6c</size>
         <input_file_ref idref="fl-8"/>
      </object_component>
      <object_component id="oc-49">
         <name>.debug_abbrev</name>
         <load_address>0x6ee</load_address>
         <run_address>0x6ee</run_address>
         <size>0x1e0</size>
         <input_file_ref idref="fl-12"/>
      </object_component>
      <object_component id="oc-4e">
[...]
      </symbol>
      <symbol id="sm-287">
         <name>I$$LMPY</name>
         <value>0x26f74</value>
         <object_component_ref idref="oc-99"/>
      </symbol>
      <symbol id="sm-299">
         <name>_add_device</name>
         <value>0x237d8</value>
         <object_component_ref idref="oc-9d"/>
      </symbol>
      <symbol id="sm-29a">
         <name>_rename</name>
         <value>0x234fa</value>
         <object_component_ref idref="oc-9d"/>
      </symbol>
      <symbol id="sm-29b">
         <name>_read</name>
         <value>0x23589</value>
         <object_component_ref idref="oc-9d"/>
      </symbol>
      <symbol id="sm-29c">
         <name>_unlink</name>
         <value>0x234c7</value>
         <object_component_ref idref="oc-9d"/>
      </symbol>
      <symbol id="sm-29d">
         <name>_remove_device</name>
         <value>0x23553</value>
         <object_component_ref idref="oc-9d"/>
      </symbol>
      <symbol id="sm-29e">
         <name>_open</name>
         <value>0x23637</value>
         <object_component_ref idref="oc-9d"/>
      </symbol>
      <symbol id="sm-29f">
         <name>_find_registered_device</name>
         <value>0x2375c</value>
         <object_component_ref idref="oc-9d"/>
      </symbol>
      <symbol id="sm-2a0">
         <name>_lseek</name>
         <value>0x236f6</value>
         <object_component_ref idref="oc-9d"/>
      </symbol>
      <symbol id="sm-2a1">
         <name>_close</name>
         <value>0x23765</value>
         <object_component_ref idref="oc-9d"/>
      </symbol>
      <symbol id="sm-2a2">
         <name>_write</name>
         <value>0x23385</value>
         <object_component_ref idref="oc-9d"/>
      </symbol>
      <symbol id="sm-2aa">
         <name>_memcpy</name>
         <value>0x26e1e</value>
         <object_component_ref idref="oc-a3"/>
      </symbol>
      <symbol id="sm-2ba">
         <name>__sys_memory</name>
         <value>0x51f4</value>
         <object_component_ref idref="oc-ab"/>
      </symbol>
      <symbol id="sm-2bb">
         <name>_chkheap</name>
         <value>0x24277</value>
         <object_component_ref idref="oc-a7"/>
      </symbol>
      <symbol id="sm-2bc">
         <name>_realloc</name>
         <value>0x24016</value>
         <object_component_ref idref="oc-a7"/>
      </symbol>
      <symbol id="sm-2bd">
         <name>_free_memory</name>
         <value>0x24221</value>
         <object_component_ref idref="oc-a7"/>
      </symbol>
      <symbol id="sm-2be">
         <name>_max_free</name>
         <value>0x241c7</value>
         <object_component_ref idref="oc-a7"/>
      </symbol>
      <symbol id="sm-2bf">
         <name>_free</name>
         <value>0x23df0</value>
         <object_component_ref idref="oc-a7"/>
      </symbol>
      <symbol id="sm-2c0">
         <name>_calloc</name>
         <value>0x2427f</value>
         <object_component_ref idref="oc-a7"/>
      </symbol>
      <symbol id="sm-2c1">
         <name>_malloc</name>
         <value>0x23f21</value>
         <object_component_ref idref="oc-a7"/>
      </symbol>
      <symbol id="sm-2c2">
         <name>_minit</name>
         <value>0x23ebc</value>
         <object_component_ref idref="oc-a7"/>
      </symbol>
      <symbol id="sm-2cc">
         <name>__mpyd</name>
         <value>0x25c26</value>
         <object_component_ref idref="oc-ae"/>
      </symbol>
      <symbol id="sm-2d6">
         <name>_printf</name>
         <value>0x26ca3</value>
         <object_component_ref idref="oc-b2"/>
      </symbol>
      <symbol id="sm-2e0">
         <name>_remove</name>
         <value>0x26fb5</value>
         <object_component_ref idref="oc-b6"/>
      </symbol>
      <symbol id="sm-2ec">
         <name>_HOSTopen</name>
         <value>0x23bd3</value>
         <object_component_ref idref="oc-ba"/>
      </symbol>
      <symbol id="sm-2ed">
         <name>_HOSTread</name>
         <value>0x23b46</value>
         <object_component_ref idref="oc-ba"/>
      </symbol>
      <symbol id="sm-2ee">
         <name>_HOSTtime</name>
         <value>0x23a3a</value>
         <object_component_ref idref="oc-ba"/>
      </symbol>
      <symbol id="sm-2ef">
         <name>_getenv</name>
         <value>0x238c8</value>
         <object_component_ref idref="oc-ba"/>
      </symbol>
      <symbol id="sm-2f0">
         <name>_HOSTrename</name>
         <value>0x23a98</value>
         <object_component_ref idref="oc-ba"/>
      </symbol>
      <symbol id="sm-2f1">
         <name>_HOSTclock</name>
         <value>0x23d92</value>
         <object_component_ref idref="oc-ba"/>
      </symbol>
      <symbol id="sm-2f2">
         <name>_HOSTwrite</name>
         <value>0x23943</value>
         <object_component_ref idref="oc-ba"/>
      </symbol>
      <symbol id="sm-2f3">
         <name>_HOSTlseek</name>
         <value>0x23c72</value>
         <object_component_ref idref="oc-ba"/>
      </symbol>
      <symbol id="sm-2f4">
         <name>_HOSTunlink</name>
         <value>0x239d0</value>
         <object_component_ref idref="oc-ba"/>
      </symbol>
      <symbol id="sm-2f5">
         <name>_HOSTclose</name>
         <value>0x23d27</value>
         <object_component_ref idref="oc-ba"/>
      </symbol>
      <symbol id="sm-307">
         <name>C$$IO$$</name>
         <value>0x264e3</value>
         <object_component_ref idref="oc-c2"/>
      </symbol>
      <symbol id="sm-308">
         <name>__CIOBUF_</name>
         <value>0x41138</value>
         <object_component_ref idref="oc-c1"/>
      </symbol>
      <symbol id="sm-309">
         <name>_readmsg</name>
         <value>0x26ab4</value>
         <object_component_ref idref="oc-bf"/>
      </symbol>
      <symbol id="sm-30a">
         <name>_writemsg</name>
         <value>0x2642e</value>
         <object_component_ref idref="oc-c2"/>
      </symbol>
      <symbol id="sm-312">
         <name>__remu</name>
         <value>0x26f0e</value>
         <object_component_ref idref="oc-c5"/>
      </symbol>
      <symbol id="sm-313">
         <name>__divu</name>
         <value>0x26ef9</value>
         <object_component_ref idref="oc-c5"/>
      </symbol>
      <symbol id="sm-314">
         <name>I$$UMOD</name>
         <value>0x26f0e</value>
         <object_component_ref idref="oc-c5"/>
      </symbol>
      <symbol id="sm-315">
         <name>I$$UDIV</name>
         <value>0x26ef9</value>
         <object_component_ref idref="oc-c5"/>
      </symbol>
      <symbol id="sm-31f">
         <name>_Reset</name>
         <value>0x4fe00</value>
         <object_component_ref idref="oc-12"/>
      </symbol>
      <symbol id="sm-329">
         <name>__buff_read</name>
         <value>0x264e8</value>
         <object_component_ref idref="oc-cd"/>
      </symbol>
      <symbol id="sm-333">
         <name>__rd_ok</name>
         <value>0x2630f</value>
         <object_component_ref idref="oc-d1"/>
      </symbol>
      <symbol id="sm-334">
         <name>__wrt_ok</name>
         <value>0x2628f</value>
         <object_component_ref idref="oc-d1"/>
      </symbol>
      <symbol id="sm-342">
         <name>__unlock</name>
         <value>0x51e8</value>
         <object_component_ref idref="oc-d6"/>
      </symbol>
      <symbol id="sm-343">
         <name>__lock</name>
         <value>0x51e4</value>
         <object_component_ref idref="oc-d6"/>
      </symbol>
      <symbol id="sm-344">
         <name>__register_lock</name>
         <value>0x26f8f</value>
         <object_component_ref idref="oc-d5"/>
      </symbol>
      <symbol id="sm-345">
         <name>__nop</name>
         <value>0x26f97</value>
         <object_component_ref idref="oc-d5"/>
      </symbol>
      <symbol id="sm-346">
         <name>__register_unlock</name>
         <value>0x26f87</value>
         <object_component_ref idref="oc-d5"/>
      </symbol>
      <symbol id="sm-358">
         <name>__printfi</name>
         <value>0x21362</value>
         <object_component_ref idref="oc-db"/>
      </symbol>
      <symbol id="sm-362">
         <name>__args_main</name>
         <value>0x26d40</value>
         <object_component_ref idref="oc-e1"/>
      </symbol>
      <symbol id="sm-363">
         <name>__TI_args_main</name>
         <value>0x1</value>
      </symbol>
      <symbol id="sm-36d">
         <name>_atoi</name>
         <value>0x26bf3</value>
         <object_component_ref idref="oc-e5"/>
      </symbol>
      <symbol id="sm-375">
         <name>_auto_init</name>
         <value>0x26cf3</value>
         <object_component_ref idref="oc-e9"/>
      </symbol>
      <symbol id="sm-37f">
         <name>__eqld</name>
         <value>0x255d9</value>
         <object_component_ref idref="oc-ed"/>
      </symbol>
      <symbol id="sm-380">
         <name>__cmpd</name>
         <value>0x2560d</value>
         <object_component_ref idref="oc-ed"/>
      </symbol>
      <symbol id="sm-381">
         <name>__neqd</name>
         <value>0x2547b</value>
         <object_component_ref idref="oc-ed"/>
      </symbol>
      <symbol id="sm-382">
         <name>__gtrd</name>
         <value>0x25544</value>
         <object_component_ref idref="oc-ed"/>
      </symbol>
      <symbol id="sm-383">
         <name>__geqd</name>
         <value>0x2558f</value>
         <object_component_ref idref="oc-ed"/>
      </symbol>
      <symbol id="sm-384">
         <name>__leqd</name>
         <value>0x254f7</value>
         <object_component_ref idref="oc-ed"/>
      </symbol>
      <symbol id="sm-385">
         <name>__lssd</name>
         <value>0x254af</value>
         <object_component_ref idref="oc-ed"/>
      </symbol>
      <symbol id="sm-38d">
         <name>__ctypes_</name>
         <value>0x71f4</value>
         <object_component_ref idref="oc-14c"/>
      </symbol>
      <symbol id="sm-397">
         <name>__tmpnams</name>
         <value>0x4dc0</value>
         <object_component_ref idref="oc-f3"/>
      </symbol>
      <symbol id="sm-398">
         <name>__ft_end</name>
         <value>0x4f00</value>
         <object_component_ref idref="oc-f3"/>
      </symbol>
      <symbol id="sm-399">
         <name>__ftable</name>
         <value>0x4cd0</value>
         <object_component_ref idref="oc-f3"/>
      </symbol>
      <symbol id="sm-3a4">
         <name>__divul</name>
         <value>0x2663c</value>
         <object_component_ref idref="oc-f7"/>
      </symbol>
      <symbol id="sm-3ae">
         <name>_putchar</name>
         <value>0x2662d</value>
         <object_component_ref idref="oc-fb"/>
      </symbol>
      <symbol id="sm-3af">
         <name>_putc</name>
         <value>0x26596</value>
         <object_component_ref idref="oc-fb"/>
      </symbol>
      <symbol id="sm-3b0">
         <name>_fputc</name>
         <value>0x26596</value>
         <object_component_ref idref="oc-fb"/>
      </symbol>
      <symbol id="sm-3be">
         <name>_puts</name>
         <value>0x25aa6</value>
         <object_component_ref idref="oc-ff"/>
      </symbol>
      <symbol id="sm-3bf">
         <name>_fputs</name>
         <value>0x25971</value>
         <object_component_ref idref="oc-ff"/>
      </symbol>
      <symbol id="sm-3c9">
         <name>__frcmpyd</name>
         <value>0x268ea</value>
         <object_component_ref idref="oc-104"/>
      </symbol>
      <symbol id="sm-3d3">
         <name>_fseek</name>
         <value>0x26b21</value>
         <object_component_ref idref="oc-108"/>
      </symbol>
      <symbol id="sm-3dd">
         <name>___isinf</name>
         <value>0x26f46</value>
         <object_component_ref idref="oc-10c"/>
      </symbol>
      <symbol id="sm-3e7">
         <name>__divull</name>
         <value>0x24cb2</value>
         <object_component_ref idref="oc-110"/>
      </symbol>
      <symbol id="sm-3e8">
         <name>__mpylli</name>
         <value>0x24bfa</value>
         <object_component_ref idref="oc-110"/>
      </symbol>
      <symbol id="sm-3e9">
         <name>__remlli</name>
         <value>0x24bcb</value>
         <object_component_ref idref="oc-110"/>
      </symbol>
      <symbol id="sm-3ea">
         <name>__divlli</name>
         <value>0x24da6</value>
         <object_component_ref idref="oc-110"/>
      </symbol>
      <symbol id="sm-3eb">
         <name>__remull</name>
         <value>0x24b7d</value>
         <object_component_ref idref="oc-110"/>
      </symbol>
      <symbol id="sm-3f5">
         <name>_ltoa</name>
         <value>0x267f2</value>
         <object_component_ref idref="oc-114"/>
      </symbol>
      <symbol id="sm-400">
         <name>_memccpy</name>
         <value>0x26f23</value>
         <object_component_ref idref="oc-118"/>
      </symbol>
      <symbol id="sm-40a">
         <name>__negd</name>
         <value>0x26f99</value>
         <object_component_ref idref="oc-11c"/>
      </symbol>
      <symbol id="sm-414">
         <name>__remli</name>
         <value>0x26d8b</value>
         <object_component_ref idref="oc-120"/>
      </symbol>
      <symbol id="sm-41f">
         <name>__remul</name>
         <value>0x269d3</value>
         <object_component_ref idref="oc-124"/>
      </symbol>
      <symbol id="sm-429">
         <name>_setvbuf</name>
         <value>0x261a9</value>
         <object_component_ref idref="oc-128"/>
      </symbol>
      <symbol id="sm-433">
         <name>__subd</name>
         <value>0x26f60</value>
         <object_component_ref idref="oc-12c"/>
      </symbol>
      <symbol id="sm-43d">
         <name>__addd</name>
         <value>0x24ddb</value>
         <object_component_ref idref="oc-130"/>
      </symbol>
      <symbol id="sm-447">
         <name>__divli</name>
         <value>0x26dd6</value>
         <object_component_ref idref="oc-134"/>
      </symbol>
      <symbol id="sm-493">
         <name>_SAR_chanSetup</name>
         <value>0x22446</value>
         <object_component_ref idref="oc-138"/>
      </symbol>
      <symbol id="sm-494">
         <name>_SAR_stopConversion</name>
         <value>0x226db</value>
         <object_component_ref idref="oc-138"/>
      </symbol>
      <symbol id="sm-495">
         <name>_SAR_deInit</name>
         <value>0x2223d</value>
         <object_component_ref idref="oc-138"/>
      </symbol>
      <symbol id="sm-496">
         <name>_SAR_chanOpen</name>
         <value>0x22278</value>
         <object_component_ref idref="oc-138"/>
      </symbol>
      <symbol id="sm-497">
         <name>_SAR_GPODirSet</name>
         <value>0x22bdd</value>
         <object_component_ref idref="oc-138"/>
      </symbol>
      <symbol id="sm-498">
         <name>_SAR_init</name>
         <value>0x221e0</value>
         <object_component_ref idref="oc-138"/>
      </symbol>
      <symbol id="sm-499">
         <name>_SAR_getStatus</name>
         <value>0x22cb9</value>
         <object_component_ref idref="oc-138"/>
      </symbol>
      <symbol id="sm-49a">
         <name>_SAR_readData</name>
         <value>0x22722</value>
         <object_component_ref idref="oc-138"/>
      </symbol>
      <symbol id="sm-49b">
         <name>_SAR_chanConfig</name>
         <value>0x2235e</value>
         <object_component_ref idref="oc-138"/>
      </symbol>
      <symbol id="sm-49c">
         <name>_SAR_A2DMeasParamSet</name>
         <value>0x22763</value>
         <object_component_ref idref="oc-138"/>
      </symbol>
      <symbol id="sm-49d">
         <name>_SAR_chanClose</name>
         <value>0x222da</value>
         <object_component_ref idref="oc-138"/>
      </symbol>
      <symbol id="sm-49e">
         <name>_SAR_chanCycSet</name>
         <value>0x2265a</value>
         <object_component_ref idref="oc-138"/>
      </symbol>
      <symbol id="sm-49f">
         <name>_SAR_getConfig</name>
         <value>0x223d4</value>
         <object_component_ref idref="oc-138"/>
      </symbol>
      <symbol id="sm-4a0">
         <name>_SAR_startConversion</name>
         <value>0x226a9</value>
         <object_component_ref idref="oc-138"/>
      </symbol>
      <symbol id="sm-4a1">
         <name>_SAR_chanInit</name>
         <value>0x2225d</value>
         <object_component_ref idref="oc-138"/>
      </symbol>
      <symbol id="sm-51e">
         <name>_I2C_eventEnable</name>
         <value>0x21ee4</value>
         <object_component_ref idref="oc-13d"/>
      </symbol>
      <symbol id="sm-51f">
         <name>_I2C_setCallback</name>
         <value>0x22137</value>
         <object_component_ref idref="oc-13d"/>
      </symbol>
      <symbol id="sm-520">
         <name>_I2C_init</name>
         <value>0x215a4</value>
         <object_component_ref idref="oc-13d"/>
      </symbol>
      <symbol id="sm-521">
         <name>_I2C_config</name>
         <value>0x2164d</value>
         <object_component_ref idref="oc-13d"/>
      </symbol>
      <symbol id="sm-522">
         <name>_gI2cObj</name>
         <value>0x5188</value>
         <object_component_ref idref="oc-13e"/>
      </symbol>
      <symbol id="sm-523">
         <name>_I2C_getConfig</name>
         <value>0x217b2</value>
         <object_component_ref idref="oc-13d"/>
      </symbol>
      <symbol id="sm-524">
         <name>_I2C_setup</name>
         <value>0x21888</value>
         <object_component_ref idref="oc-13d"/>
      </symbol>
      <symbol id="sm-525">
         <name>_I2C_write</name>
         <value>0x21a82</value>
         <object_component_ref idref="oc-13d"/>
      </symbol>
      <symbol id="sm-526">
         <name>_I2C_read</name>
         <value>0x21cc6</value>
         <object_component_ref idref="oc-13d"/>
      </symbol>
      <symbol id="sm-527">
         <name>_I2C_eventDisable</name>
         <value>0x22018</value>
         <object_component_ref idref="oc-13d"/>
      </symbol>
      <symbol id="sm-528">
         <name>_I2C_getEventId</name>
         <value>0x221c4</value>
         <object_component_ref idref="oc-13d"/>
      </symbol>
      <symbol id="sm-529">
         <name>_i2cHandle</name>
         <value>0x51a8</value>
         <object_component_ref idref="oc-13e"/>
      </symbol>
      <symbol id="sm-56e">
         <name>_GPIO_write</name>
         <value>0x22ef0</value>
         <object_component_ref idref="oc-143"/>
      </symbol>
      <symbol id="sm-56f">
         <name>_GPIO_read</name>
         <value>0x22e6d</value>
         <object_component_ref idref="oc-143"/>
      </symbol>
      <symbol id="sm-570">
         <name>_GPIO_close</name>
         <value>0x22d3c</value>
         <object_component_ref idref="oc-143"/>
      </symbol>
      <symbol id="sm-571">
         <name>_GPIO_enableInt</name>
         <value>0x23159</value>
         <object_component_ref idref="oc-143"/>
      </symbol>
      <symbol id="sm-572">
         <name>_GPIO_clearInt</name>
         <value>0x231e3</value>
         <object_component_ref idref="oc-143"/>
      </symbol>
      <symbol id="sm-573">
         <name>_GPIO_statusBit</name>
         <value>0x2326f</value>
         <object_component_ref idref="oc-143"/>
      </symbol>
      <symbol id="sm-574">
         <name>_GPIO_configBit</name>
         <value>0x22f93</value>
         <object_component_ref idref="oc-143"/>
      </symbol>
      <symbol id="sm-575">
         <name>_GPIO_reset</name>
         <value>0x232f6</value>
         <object_component_ref idref="oc-143"/>
      </symbol>
      <symbol id="sm-576">
         <name>_GPIO_getConfig</name>
         <value>0x22de5</value>
         <object_component_ref idref="oc-143"/>
      </symbol>
      <symbol id="sm-577">
         <name>_GPIO_disableInt</name>
         <value>0x230db</value>
         <object_component_ref idref="oc-143"/>
      </symbol>
      <symbol id="sm-578">
         <name>_GPIO_config</name>
         <value>0x22d60</value>
         <object_component_ref idref="oc-143"/>
      </symbol>
      <symbol id="sm-579">
         <name>_GPIO_open</name>
         <value>0x22cf8</value>
         <object_component_ref idref="oc-143"/>
      </symbol>
   </symbol_table>
</link_info>
