******************************************************************************
              TMS320C55x Linker PC v4.4.1                      
******************************************************************************
>> Linked Fri Dec 22 16:34:05 2017

OUTPUT FILE NAME:   <NoiseGenerator Sim.out>
ENTRY POINT SYMBOL: "_c_int00"  address: 000254eb


MEMORY CONFIGURATION

         name            origin    length      used     unused   attr    fill
                        (bytes)   (bytes)    (bytes)   (bytes)
----------------------  --------  ---------  --------  --------  ----  --------
PAGE 0:
  MMR                   00000000   000000c0  00000000  000000c0  RWIX
  DARAM0                000000c0   0000ff40  0000732c  00008c14  RWIX
  SARAM0                00010000   00010000  00000000  00010000  RWIX
  SARAM1                00020000   00020000  0000560d  0001a9f3  RWIX
  SARAM2                00040000   0000fe00  00001366  0000ea9a  RWIX
  VECS                  0004fe00   00000200  00000100  00000100  RWIX
  PDROM                 00ff8000   00008000  00000000  00008000  R IX

PAGE 2:
  IOPORT                00000000   00020000  00000000  00020000  RWI 


SECTION ALLOCATION MAP
(Addresses surrounded by []'s are displayed for convenience only!)

output                                                          attributes/
section   page  orgn(bytes) orgn(words) len(bytes) len(words)   input sections
--------  ----  ----------- ----------- ---------- ----------   --------------
.pinit       0   [ 00040000 ]  00020000          *   00000000   UNINITIALIZED

.stack       0   [ 000000c0 ]  00000060          *   00001000   UNINITIALIZED
                 [ 000000c0 ]  00000060          *   00001000   --HOLE--

.data        0   [ 000000c0 ]  00000060          *   00000000   UNINITIALIZED

.sysstack 
*            0   [ 000020c0 ]  00001060          *   00000800   UNINITIALIZED
                 [ 000020c0 ]  00001060          *   00000800   --HOLE--

.sysmem      0   [ 000030c0 ]  00001860          *   00001000   UNINITIALIZED
                 [ 000030c0 ]  00001860          *   00001000   --HOLE--

.bss.1       0   [ 000050c0 ]  00002860          *   00000d1d   UNINITIALIZED
                 [ 000050c0 ]  00002860          *   00000802   sine_table.obj (.bss)
                 [ 000060c4 ]  00003062          *   00000001   gen_sinus.obj (.bss)
                 [ 000060c6 ]  00003063          *   00000001   rts55x.lib : fopen.obj (.bss)
                 [ 000060c8 ]  00003064          *   00000400   ezdsp5535_aic3204_dma.obj (.bss)
                 [ 000068c8 ]  00003464          *   00000119   rts55x.lib : defs.obj (.bss)

.const.1     0   [ 00006afc ]  0000357e          *   00000002   
                 [ 00006afc ]  0000357e          *   00000002   rts55x.lib : fputs.obj (.const:.string)

.bss.2       0   [ 00006b00 ]  00003580          *   00000241   UNINITIALIZED
                 [ 00006b00 ]  00003580          *   00000100   main.obj (.bss)
                 [ 00006d00 ]  00003680          *   000000d0   rts55x.lib : trgdrv.obj (.bss)
                 [ 00006ea0 ]  00003750          *   00000071              : lowlev.obj (.bss)

.bss.3       0   [ 00006f84 ]  000037c2          *   00000013   UNINITIALIZED
                 [ 00006f84 ]  000037c2          *   00000008   ezdsp5535bsl.lib : ezdsp5535_sar.obj (.bss)
                 [ 00006f94 ]  000037ca          *   00000006   rts55x.lib : memory.obj (.bss)
                 [ 00006fa0 ]  000037d0          *   00000005   aic3204.obj (.bss)

.bss.4       0   [ 00006fac ]  000037d6          *   0000000c   UNINITIALIZED
                 [ 00006fac ]  000037d6          *   00000004   aic3204_init.obj (.bss)
                 [ 00006fb4 ]  000037da          *   00000004   rts55x.lib : _lock.obj (.bss)
                 [ 00006fbc ]  000037de          *   00000004              : exit.obj (.bss)

.const.2     0   [ 00006fc4 ]  000037e2          *   00000199   
                 [ 00006fc4 ]  000037e2          *   00000101   rts55x.lib : ctype.obj (.const:__ctypes_)
                 [ 000071c6 ]  000038e3          *   00000001   print_number.obj (.const)
                 [ 000071c8 ]  000038e4          *   00000097   aic3204_init.obj (.const:.string)

.const.3     0   [ 000072f8 ]  0000397c          *   00000039   
                 [ 000072f8 ]  0000397c          *   00000039   main.obj (.const:.string)

.const.4     0   [ 0000736c ]  000039b6          *   00000043   
                 [ 0000736c ]  000039b6          *   00000024   rts55x.lib : _printfi.obj (.const:.string)
                 [ 000073b4 ]  000039da          *   0000000c              : _printfi.obj (.const)
                 [ 000073cc ]  000039e6          *   00000008              : divd.obj (.const:_initial_approx$1)
                 [ 000073dc ]  000039ee          *   00000006   gen_sinus.obj (.const)
                 [ 000073e8 ]  000039f4          *   00000005   print_number.obj (.const:.string)

.const.5     0   [ 000073f4 ]  000039fa          *   00000002   
                 [ 000073f4 ]  000039fa          *   00000002   rts55x.lib : fltlid.obj (.const)

.text        0     00020000  [ 00010000 ] 0000560d          *   
                   00020000  [ 00010000 ] 000015a4          *   rts55x.lib : _printfi.obj (.text)
                   000215a4  [ 00010ad2 ] 00000b18          *   cslVC5505.lib : csl_sar.obj (.text)
                   000220bc  [ 0001105e ] 00000543          *   rts55x.lib : lowlev.obj (.text)
                   000225ff  [ 000112ff+] 00000528          *              : trgdrv.obj (.text)
                   00022b27  [ 00011593+] 000004b5          *              : memory.obj (.text)
                   00022fdc  [ 000117ee ] 000003cc          *              : divd.obj (.text)
                   000233a8  [ 000119d4 ] 0000027f          *              : fopen.obj (.text)
                   00023627  [ 00011b13+] 0000025e          *              : llmpy.obj (.text)
                   00023885  [ 00011c42+] 0000025a          *              : addd.obj (.text)
                   00023adf  [ 00011d6f+] 000001ee          *              : fwrite.obj (.text)
                   00023ccd  [ 00011e66+] 000001ea          *              : cmpd.obj (.text)
                   00023eb7  [ 00011f5b+] 0000017a          *   ezdsp5535bsl.lib : ezdsp5535_sar.obj (.text)
                   00024031  [ 00012018+] 00000163          *   rts55x.lib : fputs.obj (.text)
                   00024194  [ 000120ca ] 00000152          *   ezdsp5535_aic3204_dma.obj (.text)
                   000242e6  [ 00012173 ] 0000014c          *   rts55x.lib : mpyd.obj (.text)
                   00024432  [ 00012219 ] 0000013d          *   gen_sinus.obj (.text)
                   0002456f  [ 000122b7+] 0000010f          *   rts55x.lib : fread.obj (.text)
                   0002467e  [ 0001233f ] 000000f6          *   aic3204_init.obj (.text)
                   00024774  [ 000123ba ] 000000f2          *   aic3204.obj (.text)
                   00024866  [ 00012433 ] 000000e6          *   rts55x.lib : setvbuf.obj (.text)
                   0002494c  [ 000124a6 ] 000000dd          *              : _io_perm.obj (.text)
                   00024a29  [ 00012514+] 000000c2          *              : fflush.obj (.text)
                   00024aeb  [ 00012575+] 000000ba          *              : trgmsg.obj (.text:CIO_breakpoint)
                   00024ba5  [ 000125d2+] 000000ae          *              : _bufread.obj (.text)
                   00024c53  [ 00012629+] 000000a6          *              : fputc.obj (.text)
                   00024cf9  [ 0001267c+] 000000a1          *              : divul.obj (.text)
                   00024d9a  [ 000126cd ] 0000007d          *              : ltoa.obj (.text)
                   00024e17  [ 0001270b+] 0000007b          *              : fclose.obj (.text)
                   00024e92  [ 00012749 ] 00000076          *              : frcmpyd.obj (.text)
                   00024f08  [ 00012784 ] 00000073          *              : frcmpyd_div.obj (.text)
                   00024f7b  [ 000127bd+] 00000072          *              : remul.obj (.text)
                   00024fed  [ 000127f6+] 0000006f          *              : fixdli.obj (.text)
                   0002505c  [ 0001282e ] 0000006d          *              : trgmsg.obj (.text)
                   000250c9  [ 00012864+] 0000006b          *              : fseek.obj (.text)
                   00025134  [ 0001289a ] 00000067          *   main.obj (.text)
                   0002519b  [ 000128cd+] 00000067          *   rts55x.lib : fltlid.obj (.text)
                   00025202  [ 00012901 ] 0000005c          *              : atoi.obj (.text)
                   0002525e  [ 0001292f ] 00000054          *   ezdsp5535bsl.lib : ezdsp5535.obj (.text)
                   000252b2  [ 00012959 ] 00000050          *   rts55x.lib : printf.obj (.text)
                   00025302  [ 00012981 ] 0000004d          *              : autoinit.obj (.text)
                   0002534f  [ 000129a7+] 0000004b          *              : args_main.obj (.text)
                   0002539a  [ 000129cd ] 0000004b          *              : remli.obj (.text)
                   000253e5  [ 000129f2+] 00000048          *              : divli.obj (.text)
                   0002542d  [ 00012a16+] 00000041          *   print_number.obj (.text)
                   0002546e  [ 00012a37 ] 0000003f          *   rts55x.lib : memcpy.obj (.text)
                   000254ad  [ 00012a56+] 0000003e          *              : exit.obj (.text)
                   000254eb  [ 00012a75+] 00000034          *              : boot.obj (.text)
                   0002551f  [ 00012a8f+] 0000002a          *              : fixdi.obj (.text)
                   00025549  [ 00012aa4+] 0000002a          *              : udiv.obj (.text)
                   00025573  [ 00012ab9+] 00000023          *              : memccpy.obj (.text)
                   00025596  [ 00012acb ] 0000001a          *              : isinf.obj (.text)
                   000255b0  [ 00012ad8 ] 00000014          *              : subd.obj (.text)
                   000255c4  [ 00012ae2 ] 00000013          *              : lmpy.obj (.text)
                   000255d7  [ 00012aeb+] 00000012          *              : _lock.obj (.text)
                   000255e9  [ 00012af4+] 00000010          *              : negd.obj (.text)
                   000255f9  [ 00012afc+] 0000000a          *              : remove.obj (.text)
                   00025603  [ 00012b01+] 00000007          *              : exit.obj (.text:CIO_breakpoint)
                   0002560a  [ 00012b05 ] 00000002          *              : vectors.obj (.text)
                   0002560c  [ 00012b06 ] 00000001          *   --HOLE-- [fill = 20]

.cinit       0   [ 00040000 ]  00020000          *   00000893   
                 [ 00040000 ]  00020000          *   00000801   sine_table.obj (.cinit)
                 [ 00041002 ]  00020801          *   0000002d   rts55x.lib : lowlev.obj (.cinit)
                 [ 0004105c ]  0002082e          *   0000002a              : defs.obj (.cinit)
                 [ 000410b0 ]  00020858          *   0000000c   ezdsp5535bsl.lib : ezdsp5535_sar.obj (.cinit)
                 [ 000410c8 ]  00020864          *   0000000a   aic3204_init.obj (.cinit)
                 [ 000410dc ]  0002086e          *   0000000a   rts55x.lib : _lock.obj (.cinit)
                 [ 000410f0 ]  00020878          *   0000000a              : exit.obj (.cinit)
                 [ 00041104 ]  00020882          *   00000004   aic3204.obj (.cinit)
                 [ 0004110c ]  00020886          *   00000004   gen_sinus.obj (.cinit)
                 [ 00041114 ]  0002088a          *   00000004   rts55x.lib : fopen.obj (.cinit)
                 [ 0004111c ]  0002088e          *   00000004              : memory.obj (.cinit)
                 [ 00041124 ]  00020892          *   00000001   --HOLE-- [fill = 0]

.cio         0   [ 00041128 ]  00020894          *   00000120   UNINITIALIZED
                 [ 00041128 ]  00020894          *   00000120   rts55x.lib : trgmsg.obj (.cio)

vectors      0     0004fe00  [ 00027f00 ] 00000100          *   
                   0004fe00  [ 00027f00 ] 00000100          *   rts55x.lib : vectors.obj (vectors)


GLOBAL SYMBOLS: SORTED ALPHABETICALLY BY Name 

abs. value/
byte addr   word addr   name
---------   ---------   ----
00000002                $TI_capability$C5500$CallingConvention
00000002                $TI_capability$C5500$MemoryModel
00000001                $TI_capability_requires_rev3
ffffffff                .bss
ffffffff                .data
ffffffff                .text
00025604                C$$EXIT
00024ba0                C$$IO$$
000255c4                I$$LMPY
00025549                I$$UDIV
0002555e                I$$UMOD
00023f7d                _EZDSP5535_SAR_getKey
00023eb7                _EZDSP5535_SAR_init
000252a4                _EZDSP5535_init
0002525e                _EZDSP5535_wait
00025292                _EZDSP5535_waitusec
00022ac9                _HOSTclock
00022a5e                _HOSTclose
000229a9                _HOSTlseek
0002290a                _HOSTopen
0002287d                _HOSTread
000227cf                _HOSTrename
00022771                _HOSTtime
00022707                _HOSTunlink
0002267a                _HOSTwrite
            00003062    _N
0004fe00                _Reset
00021b27                _SAR_A2DMeasParamSet
00021fa1                _SAR_GPODirSet
0002169e                _SAR_chanClose
00021722                _SAR_chanConfig
00021a1e                _SAR_chanCycSet
00021621                _SAR_chanInit
0002163c                _SAR_chanOpen
0002180a                _SAR_chanSetup
00021601                _SAR_deInit
00021798                _SAR_getConfig
0002207d                _SAR_getStatus
000215a4                _SAR_init
00021ae6                _SAR_readData
00021a6d                _SAR_startConversion
00021a9f                _SAR_stopConversion
            000037c6    _SarHandle
            000037c2    _SarObj
            00003064    _SimulatorInput
            00003264    _SimulatorOutput
            00020894    __CIOBUF_
            00001060    __STACK_END
00002000                __STACK_SIZE
00002000                __SYSMEM_SIZE
00001000                __SYSSTACK_SIZE
00000001                __TI_args_main
ffffffff                ___binit__
ffffffff                ___bss__
ffffffff                ___c_args__
            00020000    ___cinit__
ffffffff                ___data__
ffffffff                ___edata__
ffffffff                ___end__
ffffffff                ___etext__
00025596                ___isinf
ffffffff                ___pinit__
ffffffff                ___text__
00023885                __addd
0002534f                __args_main
00024ba5                __buff_read
000234c9                __cleanup
            000037de    __cleanup_ptr
00023e5f                __cmpd
            000037e2    __ctypes_
00022fdc                __divd
000253e5                __divli
00023850                __divlli
00025549                __divu
00024cf9                __divul
0002375c                __divull
00024a29                __doflush
            000037e0    __dtors_ptr
00023e2b                __eqld
0002551f                __fixdi
00024fed                __fixdli
0002519b                __fltlid
00024e92                __frcmpyd
00024f08                __frcmpyd_div
            0000357c    __ft_end
            00003464    __ftable
00023de1                __geqd
00023d96                __gtrd
00023d49                __leqd
            000037da    __lock
00023d01                __lssd
000242e6                __mpyd
000255c4                __mpyli
000236a4                __mpylli
000255e9                __negd
00023ccd                __neqd
000255e7                __nop
00021362                __printfi
000249cc                __rd_ok
000255df                __register_lock
000255d7                __register_unlock
0002539a                __remli
00023675                __remlli
0002555e                __remu
00024f7b                __remul
00023627                __remull
            00000060    __stack
000255b0                __subd
            00001860    __sys_memory
            00001060    __sysstack
            000034dc    __tmpnams
            000037dc    __unlock
0002494c                __wrt_ok
00025603                _abort
0002250f                _add_device
000247aa                _aic3204_codec_read
0002481a                _aic3204_codec_write
00024776                _aic3204_disable
00024194                _aic3204_dma_init
            000037d4    _aic3204_enabled
00024774                _aic3204_hardware_init
000246a2                _aic3204_init
00024196                _aic3204_read_block
0002467e                _aic3204_set_input_filename
00024690                _aic3204_set_output_filename
00024247                _aic3204_write_block
00025202                _atoi
00025302                _auto_init
            00003580    _bufferL
            00003600    _bufferR
000254eb                _c_int00
00022fb6                _calloc
00022fae                _chkheap
0002542f                _clearLCD
0002249c                _close
000254ad                _exit
00024e17                _fclose
00024a92                _fflush
00022493                _find_registered_device
000235ec                _fopen
00024c53                _fputc
00024031                _fputs
0002456f                _fread
00022b27                _free
00022f58                _free_memory
00023523                _freopen
000250c9                _fseek
00023adf                _fwrite
00024432                _gen_sinus_table
000225ff                _getenv
0002542d                _initPrintNumber
            000037d0    _input_file
            000037c8    _keyCnt1
            000037c9    _keyCnt2
0002242d                _lseek
00024d9a                _ltoa
00025134                _main
00022c58                _malloc
00022efe                _max_free
00025573                _memccpy
0002546e                _memcpy
00022bf3                _minit
0002236e                _open
            000037d2    _output_file
            00003060    _p_sine_table
            000037c5    _preKey
00025455                _printChar
000252b2                _printf
00024c53                _putc
00024cea                _putchar
00024166                _puts
000222c0                _read
0002505c                _readmsg
00022d4d                _realloc
000255f9                _remove
0002228a                _remove_device
00022231                _rename
00025442                _setWritePointerToFirstChar
00024767                _set_sampling_frequency_and_gain
00024866                _setvbuf
            000038e3    _sign_width
            00002860    _sine_table
000221fe                _unlink
000220bc                _write
00024aeb                _writemsg
ffffffff                binit
            00020000    cinit
ffffffff                edata
ffffffff                end
ffffffff                etext
ffffffff                pinit


GLOBAL SYMBOLS: SORTED BY Symbol Address 

abs. value/
byte addr   word addr   name
---------   ---------   ----
00000001                $TI_capability_requires_rev3
00000001                __TI_args_main
00000002                $TI_capability$C5500$CallingConvention
00000002                $TI_capability$C5500$MemoryModel
            00000060    __stack
00001000                __SYSSTACK_SIZE
00002000                __STACK_SIZE
00002000                __SYSMEM_SIZE
            00001060    __STACK_END
            00001060    __sysstack
            00001860    __sys_memory
            00002860    _sine_table
            00003060    _p_sine_table
            00003062    _N
            00003064    _SimulatorInput
            00003264    _SimulatorOutput
            00003464    __ftable
            000034dc    __tmpnams
            0000357c    __ft_end
            00003580    _bufferL
            00003600    _bufferR
            000037c2    _SarObj
            000037c5    _preKey
            000037c6    _SarHandle
            000037c8    _keyCnt1
            000037c9    _keyCnt2
            000037d0    _input_file
            000037d2    _output_file
            000037d4    _aic3204_enabled
            000037da    __lock
            000037dc    __unlock
            000037de    __cleanup_ptr
            000037e0    __dtors_ptr
            000037e2    __ctypes_
            000038e3    _sign_width
00021362                __printfi
000215a4                _SAR_init
00021601                _SAR_deInit
00021621                _SAR_chanInit
0002163c                _SAR_chanOpen
0002169e                _SAR_chanClose
00021722                _SAR_chanConfig
00021798                _SAR_getConfig
0002180a                _SAR_chanSetup
00021a1e                _SAR_chanCycSet
00021a6d                _SAR_startConversion
00021a9f                _SAR_stopConversion
00021ae6                _SAR_readData
00021b27                _SAR_A2DMeasParamSet
00021fa1                _SAR_GPODirSet
0002207d                _SAR_getStatus
000220bc                _write
000221fe                _unlink
00022231                _rename
0002228a                _remove_device
000222c0                _read
0002236e                _open
0002242d                _lseek
00022493                _find_registered_device
0002249c                _close
0002250f                _add_device
000225ff                _getenv
0002267a                _HOSTwrite
00022707                _HOSTunlink
00022771                _HOSTtime
000227cf                _HOSTrename
0002287d                _HOSTread
0002290a                _HOSTopen
000229a9                _HOSTlseek
00022a5e                _HOSTclose
00022ac9                _HOSTclock
00022b27                _free
00022bf3                _minit
00022c58                _malloc
00022d4d                _realloc
00022efe                _max_free
00022f58                _free_memory
00022fae                _chkheap
00022fb6                _calloc
00022fdc                __divd
000234c9                __cleanup
00023523                _freopen
000235ec                _fopen
00023627                __remull
00023675                __remlli
000236a4                __mpylli
0002375c                __divull
00023850                __divlli
00023885                __addd
00023adf                _fwrite
00023ccd                __neqd
00023d01                __lssd
00023d49                __leqd
00023d96                __gtrd
00023de1                __geqd
00023e2b                __eqld
00023e5f                __cmpd
00023eb7                _EZDSP5535_SAR_init
00023f7d                _EZDSP5535_SAR_getKey
00024031                _fputs
00024166                _puts
00024194                _aic3204_dma_init
00024196                _aic3204_read_block
00024247                _aic3204_write_block
000242e6                __mpyd
00024432                _gen_sinus_table
0002456f                _fread
0002467e                _aic3204_set_input_filename
00024690                _aic3204_set_output_filename
000246a2                _aic3204_init
00024767                _set_sampling_frequency_and_gain
00024774                _aic3204_hardware_init
00024776                _aic3204_disable
000247aa                _aic3204_codec_read
0002481a                _aic3204_codec_write
00024866                _setvbuf
0002494c                __wrt_ok
000249cc                __rd_ok
00024a29                __doflush
00024a92                _fflush
00024aeb                _writemsg
00024ba0                C$$IO$$
00024ba5                __buff_read
00024c53                _fputc
00024c53                _putc
00024cea                _putchar
00024cf9                __divul
00024d9a                _ltoa
00024e17                _fclose
00024e92                __frcmpyd
00024f08                __frcmpyd_div
00024f7b                __remul
00024fed                __fixdli
0002505c                _readmsg
000250c9                _fseek
00025134                _main
0002519b                __fltlid
00025202                _atoi
0002525e                _EZDSP5535_wait
00025292                _EZDSP5535_waitusec
000252a4                _EZDSP5535_init
000252b2                _printf
00025302                _auto_init
0002534f                __args_main
0002539a                __remli
000253e5                __divli
0002542d                _initPrintNumber
0002542f                _clearLCD
00025442                _setWritePointerToFirstChar
00025455                _printChar
0002546e                _memcpy
000254ad                _exit
000254eb                _c_int00
0002551f                __fixdi
00025549                I$$UDIV
00025549                __divu
0002555e                I$$UMOD
0002555e                __remu
00025573                _memccpy
00025596                ___isinf
000255b0                __subd
000255c4                I$$LMPY
000255c4                __mpyli
000255d7                __register_unlock
000255df                __register_lock
000255e7                __nop
000255e9                __negd
000255f9                _remove
00025603                _abort
00025604                C$$EXIT
            00020000    ___cinit__
            00020000    cinit
            00020894    __CIOBUF_
0004fe00                _Reset
ffffffff                .bss
ffffffff                .data
ffffffff                .text
ffffffff                ___binit__
ffffffff                ___bss__
ffffffff                ___c_args__
ffffffff                ___data__
ffffffff                ___edata__
ffffffff                ___end__
ffffffff                ___etext__
ffffffff                ___pinit__
ffffffff                ___text__
ffffffff                binit
ffffffff                edata
ffffffff                end
ffffffff                etext
ffffffff                pinit

[191 symbols]
