******************************************************************************
              TMS320C55x Linker PC v4.4.1                      
******************************************************************************
>> Linked Sun Dec 24 20:20:25 2017

OUTPUT FILE NAME:   <NoiseGenerator Sim.out>
ENTRY POINT SYMBOL: "_c_int00"  address: 000256ee


MEMORY CONFIGURATION

         name            origin    length      used     unused   attr    fill
                        (bytes)   (bytes)    (bytes)   (bytes)
----------------------  --------  ---------  --------  --------  ----  --------
PAGE 0:
  MMR                   00000000   000000c0  00000000  000000c0  RWIX
  DARAM0                000000c0   0000ff40  00008546  000079fa  RWIX
  SARAM0                00010000   00010000  00000000  00010000  RWIX
  SARAM1                00020000   00020000  0000581c  0001a7e4  RWIX
  SARAM2                00040000   0000fe00  00001376  0000ea8a  RWIX
  VECS                  0004fe00   00000200  00000100  00000100  RWIX
  PDROM                 00ff8000   00008000  00000000  00008000  R IX

PAGE 2:
  IOPORT                00000000   00020000  00000000  00020000  RWI 


SECTION ALLOCATION MAP
(Addresses surrounded by []'s are displayed for convenience only!)

output                                                          attributes/
section   page  orgn(bytes) orgn(words) len(bytes) len(words)   input sections
--------  ----  ----------- ----------- ---------- ----------   --------------
.pinit       0   [ 00040000 ]  00020000          *   00000000   UNINITIALIZED

.stack       0   [ 000000c0 ]  00000060          *   00001000   UNINITIALIZED
                 [ 000000c0 ]  00000060          *   00001000   --HOLE--

.data        0   [ 000000c0 ]  00000060          *   00000000   UNINITIALIZED

.sysstack 
*            0   [ 000020c0 ]  00001060          *   00000800   UNINITIALIZED
                 [ 000020c0 ]  00001060          *   00000800   --HOLE--

.bss.1       0   [ 000030c0 ]  00001860          *   00001609   UNINITIALIZED
                 [ 000030c0 ]  00001860          *   00000802   sine_table.obj (.bss)
                 [ 000040c4 ]  00002062          *   00000001   gen_sinus.obj (.bss)
                 [ 000040c6 ]  00002063          *   00000001   rts55x.lib : fopen.obj (.bss)
                 [ 000040c8 ]  00002064          *   00000800   ezdsp5535_aic3204_dma.obj (.bss)
                 [ 000050c8 ]  00002864          *   00000605   main.obj (.bss)

.bss.2       0   [ 00005cd4 ]  00002e6a          *   000001e9   UNINITIALIZED
                 [ 00005cd4 ]  00002e6a          *   00000119   rts55x.lib : defs.obj (.bss)
                 [ 00005f06 ]  00002f83          *   000000d0              : trgdrv.obj (.bss)

.bss.3       0   [ 000060a8 ]  00003054          *   00000071   UNINITIALIZED
                 [ 000060a8 ]  00003054          *   00000071   rts55x.lib : lowlev.obj (.bss)

.bss.4       0   [ 0000618c ]  000030c6          *   00000013   UNINITIALIZED
                 [ 0000618c ]  000030c6          *   00000008   ezdsp5535bsl.lib : ezdsp5535_sar.obj (.bss)
                 [ 0000619c ]  000030ce          *   00000006   rts55x.lib : memory.obj (.bss)
                 [ 000061a8 ]  000030d4          *   00000005   aic3204.obj (.bss)

.bss.5       0   [ 000061b4 ]  000030da          *   0000000c   UNINITIALIZED
                 [ 000061b4 ]  000030da          *   00000004   aic3204_init.obj (.bss)
                 [ 000061bc ]  000030de          *   00000004   rts55x.lib : _lock.obj (.bss)
                 [ 000061c4 ]  000030e2          *   00000004              : exit.obj (.bss)

.sysmem      0   [ 000061cc ]  000030e6          *   00001000   UNINITIALIZED
                 [ 000061cc ]  000030e6          *   00001000   --HOLE--

.const.1     0   [ 000081cc ]  000040e6          *   00000199   
                 [ 000081cc ]  000040e6          *   00000101   rts55x.lib : ctype.obj (.const:__ctypes_)
                 [ 000083ce ]  000041e7          *   00000001   print_number.obj (.const)
                 [ 000083d0 ]  000041e8          *   00000097   aic3204_init.obj (.const:.string)

.const.2     0   [ 00008500 ]  00004280          *   00000039   
                 [ 00008500 ]  00004280          *   00000039   main.obj (.const:.string)

.const.3     0   [ 00008574 ]  000042ba          *   00000049   
                 [ 00008574 ]  000042ba          *   00000024   rts55x.lib : _printfi.obj (.const:.string)
                 [ 000085bc ]  000042de          *   0000000c   main.obj (.const)
                 [ 000085d4 ]  000042ea          *   0000000c   rts55x.lib : _printfi.obj (.const)
                 [ 000085ec ]  000042f6          *   00000008              : divd.obj (.const:_initial_approx$1)
                 [ 000085fc ]  000042fe          *   00000005   print_number.obj (.const:.string)

.const.4     0   [ 00008608 ]  00004304          *   00000006   
                 [ 00008608 ]  00004304          *   00000002   rts55x.lib : fputs.obj (.const:.string)
                 [ 0000860c ]  00004306          *   00000002   gen_sinus.obj (.const)
                 [ 00008610 ]  00004308          *   00000002   rts55x.lib : fltlid.obj (.const)

.text        0     00020000  [ 00010000 ] 0000581c          *   
                   00020000  [ 00010000 ] 000015a4          *   rts55x.lib : _printfi.obj (.text)
                   000215a4  [ 00010ad2 ] 00000b18          *   cslVC5505.lib : csl_sar.obj (.text)
                   000220bc  [ 0001105e ] 00000543          *   rts55x.lib : lowlev.obj (.text)
                   000225ff  [ 000112ff+] 00000528          *              : trgdrv.obj (.text)
                   00022b27  [ 00011593+] 000004b5          *              : memory.obj (.text)
                   00022fdc  [ 000117ee ] 000003cc          *              : divd.obj (.text)
                   000233a8  [ 000119d4 ] 0000027f          *              : fopen.obj (.text)
                   00023627  [ 00011b13+] 00000267          *   main.obj (.text)
                   0002388e  [ 00011c47 ] 0000025e          *   rts55x.lib : llmpy.obj (.text)
                   00023aec  [ 00011d76 ] 0000025a          *              : addd.obj (.text)
                   00023d46  [ 00011ea3 ] 000001ee          *              : fwrite.obj (.text)
                   00023f34  [ 00011f9a ] 000001ea          *              : cmpd.obj (.text)
                   0002411e  [ 0001208f ] 0000017a          *   ezdsp5535bsl.lib : ezdsp5535_sar.obj (.text)
                   00024298  [ 0001214c ] 00000163          *   rts55x.lib : fputs.obj (.text)
                   000243fb  [ 000121fd+] 00000152          *   ezdsp5535_aic3204_dma.obj (.text)
                   0002454d  [ 000122a6+] 0000014c          *   rts55x.lib : mpyd.obj (.text)
                   00024699  [ 0001234c+] 00000140          *   gen_sinus.obj (.text)
                   000247d9  [ 000123ec+] 0000010f          *   rts55x.lib : fread.obj (.text)
                   000248e8  [ 00012474 ] 000000f6          *   aic3204_init.obj (.text)
                   000249de  [ 000124ef ] 000000f2          *   aic3204.obj (.text)
                   00024ad0  [ 00012568 ] 000000e6          *   rts55x.lib : setvbuf.obj (.text)
                   00024bb6  [ 000125db ] 000000dd          *              : _io_perm.obj (.text)
                   00024c93  [ 00012649+] 000000c2          *              : fflush.obj (.text)
                   00024d55  [ 000126aa+] 000000ba          *              : trgmsg.obj (.text:CIO_breakpoint)
                   00024e0f  [ 00012707+] 000000ae          *              : _bufread.obj (.text)
                   00024ebd  [ 0001275e+] 000000a6          *              : fputc.obj (.text)
                   00024f63  [ 000127b1+] 000000a1          *              : divul.obj (.text)
                   00025004  [ 00012802 ] 0000007d          *              : ltoa.obj (.text)
                   00025081  [ 00012840+] 0000007b          *              : fclose.obj (.text)
                   000250fc  [ 0001287e ] 00000076          *              : frcmpyd.obj (.text)
                   00025172  [ 000128b9 ] 00000073          *              : frcmpyd_div.obj (.text)
                   000251e5  [ 000128f2+] 00000072          *              : remul.obj (.text)
                   00025257  [ 0001292b+] 0000006f          *              : fixdli.obj (.text)
                   000252c6  [ 00012963 ] 0000006d          *              : trgmsg.obj (.text)
                   00025333  [ 00012999+] 0000006b          *              : fseek.obj (.text)
                   0002539e  [ 000129cf ] 00000067          *              : fltlid.obj (.text)
                   00025405  [ 00012a02+] 0000005c          *              : atoi.obj (.text)
                   00025461  [ 00012a30+] 00000054          *   ezdsp5535bsl.lib : ezdsp5535.obj (.text)
                   000254b5  [ 00012a5a+] 00000050          *   rts55x.lib : printf.obj (.text)
                   00025505  [ 00012a82+] 0000004d          *              : autoinit.obj (.text)
                   00025552  [ 00012aa9 ] 0000004b          *              : args_main.obj (.text)
                   0002559d  [ 00012ace+] 0000004b          *              : remli.obj (.text)
                   000255e8  [ 00012af4 ] 00000048          *              : divli.obj (.text)
                   00025630  [ 00012b18 ] 00000041          *   print_number.obj (.text)
                   00025671  [ 00012b38+] 0000003f          *   rts55x.lib : memcpy.obj (.text)
                   000256b0  [ 00012b58 ] 0000003e          *              : exit.obj (.text)
                   000256ee  [ 00012b77 ] 00000034          *              : boot.obj (.text)
                   00025722  [ 00012b91 ] 0000002a          *              : fixdi.obj (.text)
                   0002574c  [ 00012ba6 ] 0000002a          *              : udiv.obj (.text)
                   00025776  [ 00012bbb ] 00000023          *              : memccpy.obj (.text)
                   00025799  [ 00012bcc+] 0000001a          *              : isinf.obj (.text)
                   000257b3  [ 00012bd9+] 00000014          *              : subd.obj (.text)
                   000257c7  [ 00012be3+] 00000013          *              : lmpy.obj (.text)
                   000257da  [ 00012bed ] 00000012          *              : _lock.obj (.text)
                   000257ec  [ 00012bf6 ] 00000010          *              : negd.obj (.text)
                   000257fc  [ 00012bfe ] 0000000c          *              : fltid.obj (.text)
                   00025808  [ 00012c04 ] 0000000a          *              : remove.obj (.text)
                   00025812  [ 00012c09 ] 00000007          *              : exit.obj (.text:CIO_breakpoint)
                   00025819  [ 00012c0c+] 00000002          *              : vectors.obj (.text)
                   0002581b  [ 00012c0d ] 00000001          *   --HOLE-- [fill = 20]

.cinit       0   [ 00040000 ]  00020000          *   0000089b   
                 [ 00040000 ]  00020000          *   00000801   sine_table.obj (.cinit)
                 [ 00041002 ]  00020801          *   0000002d   rts55x.lib : lowlev.obj (.cinit)
                 [ 0004105c ]  0002082e          *   0000002a              : defs.obj (.cinit)
                 [ 000410b0 ]  00020858          *   0000000c   ezdsp5535bsl.lib : ezdsp5535_sar.obj (.cinit)
                 [ 000410c8 ]  00020864          *   0000000a   aic3204_init.obj (.cinit)
                 [ 000410dc ]  0002086e          *   0000000a   rts55x.lib : _lock.obj (.cinit)
                 [ 000410f0 ]  00020878          *   0000000a              : exit.obj (.cinit)
                 [ 00041104 ]  00020882          *   00000008   main.obj (.cinit)
                 [ 00041114 ]  0002088a          *   00000004   aic3204.obj (.cinit)
                 [ 0004111c ]  0002088e          *   00000004   gen_sinus.obj (.cinit)
                 [ 00041124 ]  00020892          *   00000004   rts55x.lib : fopen.obj (.cinit)
                 [ 0004112c ]  00020896          *   00000004              : memory.obj (.cinit)
                 [ 00041134 ]  0002089a          *   00000001   --HOLE-- [fill = 0]

.cio         0   [ 00041138 ]  0002089c          *   00000120   UNINITIALIZED
                 [ 00041138 ]  0002089c          *   00000120   rts55x.lib : trgmsg.obj (.cio)

vectors      0     0004fe00  [ 00027f00 ] 00000100          *   
                   0004fe00  [ 00027f00 ] 00000100          *   rts55x.lib : vectors.obj (vectors)


GLOBAL SYMBOLS: SORTED ALPHABETICALLY BY Name 

abs. value/
byte addr   word addr   name
---------   ---------   ----
00000002                $TI_capability$C5500$CallingConvention
00000002                $TI_capability$C5500$MemoryModel
00000001                $TI_capability_requires_rev3
ffffffff                .bss
ffffffff                .data
ffffffff                .text
00025813                C$$EXIT
00024e0a                C$$IO$$
000257c7                I$$LMPY
0002574c                I$$UDIV
00025761                I$$UMOD
000241e4                _EZDSP5535_SAR_getKey
0002411e                _EZDSP5535_SAR_init
000254a7                _EZDSP5535_init
00025461                _EZDSP5535_wait
00025495                _EZDSP5535_waitusec
00022ac9                _HOSTclock
00022a5e                _HOSTclose
000229a9                _HOSTlseek
0002290a                _HOSTopen
0002287d                _HOSTread
000227cf                _HOSTrename
00022771                _HOSTtime
00022707                _HOSTunlink
0002267a                _HOSTwrite
            00002e64    _Keys
            00002062    _N
0004fe00                _Reset
00021b27                _SAR_A2DMeasParamSet
00021fa1                _SAR_GPODirSet
0002169e                _SAR_chanClose
00021722                _SAR_chanConfig
00021a1e                _SAR_chanCycSet
00021621                _SAR_chanInit
0002163c                _SAR_chanOpen
0002180a                _SAR_chanSetup
00021601                _SAR_deInit
00021798                _SAR_getConfig
0002207d                _SAR_getStatus
000215a4                _SAR_init
00021ae6                _SAR_readData
00021a6d                _SAR_startConversion
00021a9f                _SAR_stopConversion
            000030ca    _SarHandle
            000030c6    _SarObj
            00002064    _SimulatorInput
            00002464    _SimulatorOutput
            0002089c    __CIOBUF_
            00001060    __STACK_END
00002000                __STACK_SIZE
00002000                __SYSMEM_SIZE
00001000                __SYSSTACK_SIZE
00000001                __TI_args_main
ffffffff                ___binit__
ffffffff                ___bss__
ffffffff                ___c_args__
            00020000    ___cinit__
ffffffff                ___data__
ffffffff                ___edata__
ffffffff                ___end__
ffffffff                ___etext__
00025799                ___isinf
ffffffff                ___pinit__
ffffffff                ___text__
00023aec                __addd
00025552                __args_main
00024e0f                __buff_read
000234c9                __cleanup
            000030e2    __cleanup_ptr
000240c6                __cmpd
            000040e6    __ctypes_
00022fdc                __divd
000255e8                __divli
00023ab7                __divlli
0002574c                __divu
00024f63                __divul
000239c3                __divull
00024c93                __doflush
            000030e4    __dtors_ptr
00024092                __eqld
00025722                __fixdi
00025257                __fixdli
000257fc                __fltid
0002539e                __fltlid
000250fc                __frcmpyd
00025172                __frcmpyd_div
            00002f82    __ft_end
            00002e6a    __ftable
00024048                __geqd
00023ffd                __gtrd
00023fb0                __leqd
            000030de    __lock
00023f68                __lssd
0002454d                __mpyd
000257c7                __mpyli
0002390b                __mpylli
000257ec                __negd
00023f34                __neqd
000257ea                __nop
00021362                __printfi
00024c36                __rd_ok
000257e2                __register_lock
000257da                __register_unlock
0002559d                __remli
000238dc                __remlli
00025761                __remu
000251e5                __remul
0002388e                __remull
            00000060    __stack
000257b3                __subd
            000030e6    __sys_memory
            00001060    __sysstack
            00002ee2    __tmpnams
            000030e0    __unlock
00024bb6                __wrt_ok
00025812                _abort
0002250f                _add_device
00024a14                _aic3204_codec_read
00024a84                _aic3204_codec_write
000249e0                _aic3204_disable
000243fb                _aic3204_dma_init
            000030d8    _aic3204_enabled
000249de                _aic3204_hardware_init
0002490c                _aic3204_init
000243fd                _aic3204_read_block
000248e8                _aic3204_set_input_filename
000248fa                _aic3204_set_output_filename
000244ae                _aic3204_write_block
00025405                _atoi
00025505                _auto_init
            00002864    _bufferL
            00002964    _bufferR
000256ee                _c_int00
00022fb6                _calloc
00022fae                _chkheap
00025632                _clearLCD
0002249c                _close
000256b0                _exit
00025081                _fclose
00024cfc                _fflush
00022493                _find_registered_device
000235ec                _fopen
00024ebd                _fputc
00024298                _fputs
000247d9                _fread
00022b27                _free
00022f58                _free_memory
00023523                _freopen
00025333                _fseek
00023d46                _fwrite
00024699                _gen_sinus_table
000225ff                _getenv
00025630                _initPrintNumber
            000030d4    _input_file
            000030cc    _keyCnt1
            000030cd    _keyCnt2
0002380b                _key_pressed
0002242d                _lseek
00025004                _ltoa
00023627                _main
00022c58                _malloc
00022efe                _max_free
00025776                _memccpy
00025671                _memcpy
00022bf3                _minit
0002236e                _open
            00002a64    _outputBufferL
            00002c64    _outputBufferLgenerated
            00002b64    _outputBufferR
            00002d64    _outputBufferRgenerated
            000030d6    _output_file
            00002060    _p_sine_table
            000030c9    _preKey
00025658                _printChar
000254b5                _printf
00024ebd                _putc
00024f54                _putchar
000243cd                _puts
000222c0                _read
000252c6                _readmsg
00022d4d                _realloc
00025808                _remove
0002228a                _remove_device
00022231                _rename
00025645                _setWritePointerToFirstChar
000249d1                _set_sampling_frequency_and_gain
00024ad0                _setvbuf
            000041e7    _sign_width
            00001860    _sine_table
000221fe                _unlink
000220bc                _write
00024d55                _writemsg
ffffffff                binit
            00020000    cinit
ffffffff                edata
ffffffff                end
ffffffff                etext
ffffffff                pinit


GLOBAL SYMBOLS: SORTED BY Symbol Address 

abs. value/
byte addr   word addr   name
---------   ---------   ----
00000001                $TI_capability_requires_rev3
00000001                __TI_args_main
00000002                $TI_capability$C5500$CallingConvention
00000002                $TI_capability$C5500$MemoryModel
            00000060    __stack
00001000                __SYSSTACK_SIZE
00002000                __STACK_SIZE
00002000                __SYSMEM_SIZE
            00001060    __STACK_END
            00001060    __sysstack
            00001860    _sine_table
            00002060    _p_sine_table
            00002062    _N
            00002064    _SimulatorInput
            00002464    _SimulatorOutput
            00002864    _bufferL
            00002964    _bufferR
            00002a64    _outputBufferL
            00002b64    _outputBufferR
            00002c64    _outputBufferLgenerated
            00002d64    _outputBufferRgenerated
            00002e64    _Keys
            00002e6a    __ftable
            00002ee2    __tmpnams
            00002f82    __ft_end
            000030c6    _SarObj
            000030c9    _preKey
            000030ca    _SarHandle
            000030cc    _keyCnt1
            000030cd    _keyCnt2
            000030d4    _input_file
            000030d6    _output_file
            000030d8    _aic3204_enabled
            000030de    __lock
            000030e0    __unlock
            000030e2    __cleanup_ptr
            000030e4    __dtors_ptr
            000030e6    __sys_memory
            000040e6    __ctypes_
            000041e7    _sign_width
00021362                __printfi
000215a4                _SAR_init
00021601                _SAR_deInit
00021621                _SAR_chanInit
0002163c                _SAR_chanOpen
0002169e                _SAR_chanClose
00021722                _SAR_chanConfig
00021798                _SAR_getConfig
0002180a                _SAR_chanSetup
00021a1e                _SAR_chanCycSet
00021a6d                _SAR_startConversion
00021a9f                _SAR_stopConversion
00021ae6                _SAR_readData
00021b27                _SAR_A2DMeasParamSet
00021fa1                _SAR_GPODirSet
0002207d                _SAR_getStatus
000220bc                _write
000221fe                _unlink
00022231                _rename
0002228a                _remove_device
000222c0                _read
0002236e                _open
0002242d                _lseek
00022493                _find_registered_device
0002249c                _close
0002250f                _add_device
000225ff                _getenv
0002267a                _HOSTwrite
00022707                _HOSTunlink
00022771                _HOSTtime
000227cf                _HOSTrename
0002287d                _HOSTread
0002290a                _HOSTopen
000229a9                _HOSTlseek
00022a5e                _HOSTclose
00022ac9                _HOSTclock
00022b27                _free
00022bf3                _minit
00022c58                _malloc
00022d4d                _realloc
00022efe                _max_free
00022f58                _free_memory
00022fae                _chkheap
00022fb6                _calloc
00022fdc                __divd
000234c9                __cleanup
00023523                _freopen
000235ec                _fopen
00023627                _main
0002380b                _key_pressed
0002388e                __remull
000238dc                __remlli
0002390b                __mpylli
000239c3                __divull
00023ab7                __divlli
00023aec                __addd
00023d46                _fwrite
00023f34                __neqd
00023f68                __lssd
00023fb0                __leqd
00023ffd                __gtrd
00024048                __geqd
00024092                __eqld
000240c6                __cmpd
0002411e                _EZDSP5535_SAR_init
000241e4                _EZDSP5535_SAR_getKey
00024298                _fputs
000243cd                _puts
000243fb                _aic3204_dma_init
000243fd                _aic3204_read_block
000244ae                _aic3204_write_block
0002454d                __mpyd
00024699                _gen_sinus_table
000247d9                _fread
000248e8                _aic3204_set_input_filename
000248fa                _aic3204_set_output_filename
0002490c                _aic3204_init
000249d1                _set_sampling_frequency_and_gain
000249de                _aic3204_hardware_init
000249e0                _aic3204_disable
00024a14                _aic3204_codec_read
00024a84                _aic3204_codec_write
00024ad0                _setvbuf
00024bb6                __wrt_ok
00024c36                __rd_ok
00024c93                __doflush
00024cfc                _fflush
00024d55                _writemsg
00024e0a                C$$IO$$
00024e0f                __buff_read
00024ebd                _fputc
00024ebd                _putc
00024f54                _putchar
00024f63                __divul
00025004                _ltoa
00025081                _fclose
000250fc                __frcmpyd
00025172                __frcmpyd_div
000251e5                __remul
00025257                __fixdli
000252c6                _readmsg
00025333                _fseek
0002539e                __fltlid
00025405                _atoi
00025461                _EZDSP5535_wait
00025495                _EZDSP5535_waitusec
000254a7                _EZDSP5535_init
000254b5                _printf
00025505                _auto_init
00025552                __args_main
0002559d                __remli
000255e8                __divli
00025630                _initPrintNumber
00025632                _clearLCD
00025645                _setWritePointerToFirstChar
00025658                _printChar
00025671                _memcpy
000256b0                _exit
000256ee                _c_int00
00025722                __fixdi
0002574c                I$$UDIV
0002574c                __divu
00025761                I$$UMOD
00025761                __remu
00025776                _memccpy
00025799                ___isinf
000257b3                __subd
000257c7                I$$LMPY
000257c7                __mpyli
000257da                __register_unlock
000257e2                __register_lock
000257ea                __nop
000257ec                __negd
000257fc                __fltid
00025808                _remove
00025812                _abort
00025813                C$$EXIT
            00020000    ___cinit__
            00020000    cinit
            0002089c    __CIOBUF_
0004fe00                _Reset
ffffffff                .bss
ffffffff                .data
ffffffff                .text
ffffffff                ___binit__
ffffffff                ___bss__
ffffffff                ___c_args__
ffffffff                ___data__
ffffffff                ___edata__
ffffffff                ___end__
ffffffff                ___etext__
ffffffff                ___pinit__
ffffffff                ___text__
ffffffff                binit
ffffffff                edata
ffffffff                end
ffffffff                etext
ffffffff                pinit

[198 symbols]
