******************************************************************************
              TMS320C55x Linker PC v4.4.1                      
******************************************************************************
>> Linked Sat Dec 16 00:15:59 2017

OUTPUT FILE NAME:   <NoiseGenerator Sim.out>
ENTRY POINT SYMBOL: "_c_int00"  address: 00025589


MEMORY CONFIGURATION

         name            origin    length      used     unused   attr    fill
                        (bytes)   (bytes)    (bytes)   (bytes)
----------------------  --------  ---------  --------  --------  ----  --------
PAGE 0:
  MMR                   00000000   000000c0  00000000  000000c0  RWIX
  DARAM0                000000c0   0000ff40  00007730  00008810  RWIX
  SARAM0                00010000   00010000  00000000  00010000  RWIX
  SARAM1                00020000   00020000  000056ab  0001a955  RWIX
  SARAM2                00040000   0000fe00  00001366  0000ea9a  RWIX
  VECS                  0004fe00   00000200  00000100  00000100  RWIX
  PDROM                 00ff8000   00008000  00000000  00008000  R IX

PAGE 2:
  IOPORT                00000000   00020000  00000000  00020000  RWI 


SECTION ALLOCATION MAP
(Addresses surrounded by []'s are displayed for convenience only!)

output                                                          attributes/
section   page  orgn(bytes) orgn(words) len(bytes) len(words)   input sections
--------  ----  ----------- ----------- ---------- ----------   --------------
.pinit       0   [ 00040000 ]  00020000          *   00000000   UNINITIALIZED

.stack       0   [ 000000c0 ]  00000060          *   00001000   UNINITIALIZED
                 [ 000000c0 ]  00000060          *   00001000   --HOLE--

.data        0   [ 000000c0 ]  00000060          *   00000000   UNINITIALIZED

.sysstack 
*            0   [ 000020c0 ]  00001060          *   00000800   UNINITIALIZED
                 [ 000020c0 ]  00001060          *   00000800   --HOLE--

.bss.1       0   [ 000030c0 ]  00001860          *   000010ed   UNINITIALIZED
                 [ 000030c0 ]  00001860          *   00000802   sine_table.obj (.bss)
                 [ 000040c4 ]  00002062          *   00000001   gen_sinus.obj (.bss)
                 [ 000040c6 ]  00002063          *   00000001   rts55x.lib : fopen.obj (.bss)
                 [ 000040c8 ]  00002064          *   00000400   ezdsp5535_aic3204_dma.obj (.bss)
                 [ 000048c8 ]  00002464          *   00000300   main.obj (.bss)
                 [ 00004ec8 ]  00002764          *   00000119   rts55x.lib : defs.obj (.bss)
                 [ 000050fa ]  0000287d          *   000000d0              : trgdrv.obj (.bss)

.bss.2       0   [ 0000529c ]  0000294e          *   00000071   UNINITIALIZED
                 [ 0000529c ]  0000294e          *   00000071   rts55x.lib : lowlev.obj (.bss)

.bss.3       0   [ 00005380 ]  000029c0          *   00000013   UNINITIALIZED
                 [ 00005380 ]  000029c0          *   00000008   ezdsp5535bsl.lib : ezdsp5535_sar.obj (.bss)
                 [ 00005390 ]  000029c8          *   00000006   rts55x.lib : memory.obj (.bss)
                 [ 0000539c ]  000029ce          *   00000005   aic3204.obj (.bss)

.bss.4       0   [ 000053a8 ]  000029d4          *   0000000c   UNINITIALIZED
                 [ 000053a8 ]  000029d4          *   00000004   aic3204_init.obj (.bss)
                 [ 000053b0 ]  000029d8          *   00000004   rts55x.lib : _lock.obj (.bss)
                 [ 000053b8 ]  000029dc          *   00000004              : exit.obj (.bss)

.sysmem      0   [ 000053c0 ]  000029e0          *   00001000   UNINITIALIZED
                 [ 000053c0 ]  000029e0          *   00001000   --HOLE--

.const.1     0   [ 000073c0 ]  000039e0          *   00000199   
                 [ 000073c0 ]  000039e0          *   00000101   rts55x.lib : ctype.obj (.const:__ctypes_)
                 [ 000075c2 ]  00003ae1          *   00000001   print_number.obj (.const)
                 [ 000075c4 ]  00003ae2          *   00000097   aic3204_init.obj (.const:.string)

.const.2     0   [ 000076f4 ]  00003b7a          *   00000039   
                 [ 000076f4 ]  00003b7a          *   00000039   main.obj (.const:.string)

.const.3     0   [ 00007768 ]  00003bb4          *   00000043   
                 [ 00007768 ]  00003bb4          *   00000024   rts55x.lib : _printfi.obj (.const:.string)
                 [ 000077b0 ]  00003bd8          *   0000000c              : _printfi.obj (.const)
                 [ 000077c8 ]  00003be4          *   00000008              : divd.obj (.const:_initial_approx$1)
                 [ 000077d8 ]  00003bec          *   00000006   gen_sinus.obj (.const)
                 [ 000077e4 ]  00003bf2          *   00000005   print_number.obj (.const:.string)

.const.4     0   [ 000077f0 ]  00003bf8          *   00000006   
                 [ 000077f0 ]  00003bf8          *   00000002   rts55x.lib : fputs.obj (.const:.string)
                 [ 000077f4 ]  00003bfa          *   00000002   main.obj (.const)
                 [ 000077f8 ]  00003bfc          *   00000002   rts55x.lib : fltlid.obj (.const)

.text        0     00020000  [ 00010000 ] 000056ab          *   
                   00020000  [ 00010000 ] 000015a4          *   rts55x.lib : _printfi.obj (.text)
                   000215a4  [ 00010ad2 ] 00000b18          *   cslVC5505.lib : csl_sar.obj (.text)
                   000220bc  [ 0001105e ] 00000543          *   rts55x.lib : lowlev.obj (.text)
                   000225ff  [ 000112ff+] 00000528          *              : trgdrv.obj (.text)
                   00022b27  [ 00011593+] 000004b5          *              : memory.obj (.text)
                   00022fdc  [ 000117ee ] 000003cc          *              : divd.obj (.text)
                   000233a8  [ 000119d4 ] 0000027f          *              : fopen.obj (.text)
                   00023627  [ 00011b13+] 0000025e          *              : llmpy.obj (.text)
                   00023885  [ 00011c42+] 0000025a          *              : addd.obj (.text)
                   00023adf  [ 00011d6f+] 000001ee          *              : fwrite.obj (.text)
                   00023ccd  [ 00011e66+] 000001ea          *              : cmpd.obj (.text)
                   00023eb7  [ 00011f5b+] 0000017a          *   ezdsp5535bsl.lib : ezdsp5535_sar.obj (.text)
                   00024031  [ 00012018+] 00000163          *   rts55x.lib : fputs.obj (.text)
                   00024194  [ 000120ca ] 00000152          *   ezdsp5535_aic3204_dma.obj (.text)
                   000242e6  [ 00012173 ] 0000014c          *   rts55x.lib : mpyd.obj (.text)
                   00024432  [ 00012219 ] 0000013d          *   gen_sinus.obj (.text)
                   0002456f  [ 000122b7+] 0000010f          *   rts55x.lib : fread.obj (.text)
                   0002467e  [ 0001233f ] 00000105          *   main.obj (.text)
                   00024783  [ 000123c1+] 000000f6          *   aic3204_init.obj (.text)
                   00024879  [ 0001243c+] 000000f2          *   aic3204.obj (.text)
                   0002496b  [ 000124b5+] 000000e6          *   rts55x.lib : setvbuf.obj (.text)
                   00024a51  [ 00012528+] 000000dd          *              : _io_perm.obj (.text)
                   00024b2e  [ 00012597 ] 000000c2          *              : fflush.obj (.text)
                   00024bf0  [ 000125f8 ] 000000ba          *              : trgmsg.obj (.text:CIO_breakpoint)
                   00024caa  [ 00012655 ] 000000ae          *              : _bufread.obj (.text)
                   00024d58  [ 000126ac ] 000000a6          *              : fputc.obj (.text)
                   00024dfe  [ 000126ff ] 000000a1          *              : divul.obj (.text)
                   00024e9f  [ 0001274f+] 0000007d          *              : ltoa.obj (.text)
                   00024f1c  [ 0001278e ] 0000007b          *              : fclose.obj (.text)
                   00024f97  [ 000127cb+] 00000076          *              : frcmpyd.obj (.text)
                   0002500d  [ 00012806+] 00000073          *              : frcmpyd_div.obj (.text)
                   00025080  [ 00012840 ] 00000072          *              : remul.obj (.text)
                   000250f2  [ 00012879 ] 0000006f          *              : fixdli.obj (.text)
                   00025161  [ 000128b0+] 0000006d          *              : trgmsg.obj (.text)
                   000251ce  [ 000128e7 ] 0000006b          *              : fseek.obj (.text)
                   00025239  [ 0001291c+] 00000067          *              : fltlid.obj (.text)
                   000252a0  [ 00012950 ] 0000005c          *              : atoi.obj (.text)
                   000252fc  [ 0001297e ] 00000054          *   ezdsp5535bsl.lib : ezdsp5535.obj (.text)
                   00025350  [ 000129a8 ] 00000050          *   rts55x.lib : printf.obj (.text)
                   000253a0  [ 000129d0 ] 0000004d          *              : autoinit.obj (.text)
                   000253ed  [ 000129f6+] 0000004b          *              : args_main.obj (.text)
                   00025438  [ 00012a1c ] 0000004b          *              : remli.obj (.text)
                   00025483  [ 00012a41+] 00000048          *              : divli.obj (.text)
                   000254cb  [ 00012a65+] 00000041          *   print_number.obj (.text)
                   0002550c  [ 00012a86 ] 0000003f          *   rts55x.lib : memcpy.obj (.text)
                   0002554b  [ 00012aa5+] 0000003e          *              : exit.obj (.text)
                   00025589  [ 00012ac4+] 00000034          *              : boot.obj (.text)
                   000255bd  [ 00012ade+] 0000002a          *              : fixdi.obj (.text)
                   000255e7  [ 00012af3+] 0000002a          *              : udiv.obj (.text)
                   00025611  [ 00012b08+] 00000023          *              : memccpy.obj (.text)
                   00025634  [ 00012b1a ] 0000001a          *              : isinf.obj (.text)
                   0002564e  [ 00012b27 ] 00000014          *              : subd.obj (.text)
                   00025662  [ 00012b31 ] 00000013          *              : lmpy.obj (.text)
                   00025675  [ 00012b3a+] 00000012          *              : _lock.obj (.text)
                   00025687  [ 00012b43+] 00000010          *              : negd.obj (.text)
                   00025697  [ 00012b4b+] 0000000a          *              : remove.obj (.text)
                   000256a1  [ 00012b50+] 00000007          *              : exit.obj (.text:CIO_breakpoint)
                   000256a8  [ 00012b54 ] 00000002          *              : vectors.obj (.text)
                   000256aa  [ 00012b55 ] 00000001          *   --HOLE-- [fill = 20]

.cinit       0   [ 00040000 ]  00020000          *   00000893   
                 [ 00040000 ]  00020000          *   00000801   sine_table.obj (.cinit)
                 [ 00041002 ]  00020801          *   0000002d   rts55x.lib : lowlev.obj (.cinit)
                 [ 0004105c ]  0002082e          *   0000002a              : defs.obj (.cinit)
                 [ 000410b0 ]  00020858          *   0000000c   ezdsp5535bsl.lib : ezdsp5535_sar.obj (.cinit)
                 [ 000410c8 ]  00020864          *   0000000a   aic3204_init.obj (.cinit)
                 [ 000410dc ]  0002086e          *   0000000a   rts55x.lib : _lock.obj (.cinit)
                 [ 000410f0 ]  00020878          *   0000000a              : exit.obj (.cinit)
                 [ 00041104 ]  00020882          *   00000004   aic3204.obj (.cinit)
                 [ 0004110c ]  00020886          *   00000004   gen_sinus.obj (.cinit)
                 [ 00041114 ]  0002088a          *   00000004   rts55x.lib : fopen.obj (.cinit)
                 [ 0004111c ]  0002088e          *   00000004              : memory.obj (.cinit)
                 [ 00041124 ]  00020892          *   00000001   --HOLE-- [fill = 0]

.cio         0   [ 00041128 ]  00020894          *   00000120   UNINITIALIZED
                 [ 00041128 ]  00020894          *   00000120   rts55x.lib : trgmsg.obj (.cio)

vectors      0     0004fe00  [ 00027f00 ] 00000100          *   
                   0004fe00  [ 00027f00 ] 00000100          *   rts55x.lib : vectors.obj (vectors)


GLOBAL SYMBOLS: SORTED ALPHABETICALLY BY Name 

abs. value/
byte addr   word addr   name
---------   ---------   ----
00000002                $TI_capability$C5500$CallingConvention
00000002                $TI_capability$C5500$MemoryModel
00000001                $TI_capability_requires_rev3
ffffffff                .bss
ffffffff                .data
ffffffff                .text
000256a2                C$$EXIT
00024ca5                C$$IO$$
00025662                I$$LMPY
000255e7                I$$UDIV
000255fc                I$$UMOD
00023f7d                _EZDSP5535_SAR_getKey
00023eb7                _EZDSP5535_SAR_init
00025342                _EZDSP5535_init
000252fc                _EZDSP5535_wait
00025330                _EZDSP5535_waitusec
00022ac9                _HOSTclock
00022a5e                _HOSTclose
000229a9                _HOSTlseek
0002290a                _HOSTopen
0002287d                _HOSTread
000227cf                _HOSTrename
00022771                _HOSTtime
00022707                _HOSTunlink
0002267a                _HOSTwrite
            00002062    _N
            00002564    _OutputBufferL
            000025e4    _OutputBufferR
            00002664    _OutputBufferSumLeft
            000026e4    _OutputBufferSumRight
0004fe00                _Reset
00021b27                _SAR_A2DMeasParamSet
00021fa1                _SAR_GPODirSet
0002169e                _SAR_chanClose
00021722                _SAR_chanConfig
00021a1e                _SAR_chanCycSet
00021621                _SAR_chanInit
0002163c                _SAR_chanOpen
0002180a                _SAR_chanSetup
00021601                _SAR_deInit
00021798                _SAR_getConfig
0002207d                _SAR_getStatus
000215a4                _SAR_init
00021ae6                _SAR_readData
00021a6d                _SAR_startConversion
00021a9f                _SAR_stopConversion
            000029c4    _SarHandle
            000029c0    _SarObj
            00002064    _SimulatorInput
            00002264    _SimulatorOutput
            00020894    __CIOBUF_
            00001060    __STACK_END
00002000                __STACK_SIZE
00002000                __SYSMEM_SIZE
00001000                __SYSSTACK_SIZE
00000001                __TI_args_main
ffffffff                ___binit__
ffffffff                ___bss__
ffffffff                ___c_args__
            00020000    ___cinit__
ffffffff                ___data__
ffffffff                ___edata__
ffffffff                ___end__
ffffffff                ___etext__
00025634                ___isinf
ffffffff                ___pinit__
ffffffff                ___text__
00023885                __addd
000253ed                __args_main
00024caa                __buff_read
000234c9                __cleanup
            000029dc    __cleanup_ptr
00023e5f                __cmpd
            000039e0    __ctypes_
00022fdc                __divd
00025483                __divli
00023850                __divlli
000255e7                __divu
00024dfe                __divul
0002375c                __divull
00024b2e                __doflush
            000029de    __dtors_ptr
00023e2b                __eqld
000255bd                __fixdi
000250f2                __fixdli
00025239                __fltlid
00024f97                __frcmpyd
0002500d                __frcmpyd_div
            0000287c    __ft_end
            00002764    __ftable
00023de1                __geqd
00023d96                __gtrd
00023d49                __leqd
            000029d8    __lock
00023d01                __lssd
000242e6                __mpyd
00025662                __mpyli
000236a4                __mpylli
00025687                __negd
00023ccd                __neqd
00025685                __nop
00021362                __printfi
00024ad1                __rd_ok
0002567d                __register_lock
00025675                __register_unlock
00025438                __remli
00023675                __remlli
000255fc                __remu
00025080                __remul
00023627                __remull
            00000060    __stack
0002564e                __subd
            000029e0    __sys_memory
            00001060    __sysstack
            000027dc    __tmpnams
            000029da    __unlock
00024a51                __wrt_ok
000256a1                _abort
0002250f                _add_device
000248af                _aic3204_codec_read
0002491f                _aic3204_codec_write
0002487b                _aic3204_disable
00024194                _aic3204_dma_init
            000029d2    _aic3204_enabled
00024879                _aic3204_hardware_init
000247a7                _aic3204_init
00024196                _aic3204_read_block
00024783                _aic3204_set_input_filename
00024795                _aic3204_set_output_filename
00024247                _aic3204_write_block
000252a0                _atoi
000253a0                _auto_init
            00002464    _bufferL
            000024e4    _bufferR
00025589                _c_int00
00022fb6                _calloc
00022fae                _chkheap
000254cd                _clearLCD
0002249c                _close
0002554b                _exit
00024f1c                _fclose
00024b97                _fflush
00022493                _find_registered_device
000235ec                _fopen
00024d58                _fputc
00024031                _fputs
0002456f                _fread
00022b27                _free
00022f58                _free_memory
00023523                _freopen
000251ce                _fseek
00023adf                _fwrite
00024432                _gen_sinus_table
000225ff                _getenv
000254cb                _initPrintNumber
            000029ce    _input_file
            000029c6    _keyCnt1
            000029c7    _keyCnt2
0002242d                _lseek
00024e9f                _ltoa
0002467e                _main
00022c58                _malloc
00022efe                _max_free
00025611                _memccpy
0002550c                _memcpy
00022bf3                _minit
0002236e                _open
            000029d0    _output_file
            00002060    _p_sine_table
            000029c3    _preKey
000254f3                _printChar
00025350                _printf
00024d58                _putc
00024def                _putchar
00024166                _puts
000222c0                _read
00025161                _readmsg
00022d4d                _realloc
00025697                _remove
0002228a                _remove_device
00022231                _rename
000254e0                _setWritePointerToFirstChar
0002486c                _set_sampling_frequency_and_gain
0002496b                _setvbuf
            00003ae1    _sign_width
            00001860    _sine_table
000221fe                _unlink
000220bc                _write
00024bf0                _writemsg
ffffffff                binit
            00020000    cinit
ffffffff                edata
ffffffff                end
ffffffff                etext
ffffffff                pinit


GLOBAL SYMBOLS: SORTED BY Symbol Address 

abs. value/
byte addr   word addr   name
---------   ---------   ----
00000001                $TI_capability_requires_rev3
00000001                __TI_args_main
00000002                $TI_capability$C5500$CallingConvention
00000002                $TI_capability$C5500$MemoryModel
            00000060    __stack
00001000                __SYSSTACK_SIZE
00002000                __STACK_SIZE
00002000                __SYSMEM_SIZE
            00001060    __STACK_END
            00001060    __sysstack
            00001860    _sine_table
            00002060    _p_sine_table
            00002062    _N
            00002064    _SimulatorInput
            00002264    _SimulatorOutput
            00002464    _bufferL
            000024e4    _bufferR
            00002564    _OutputBufferL
            000025e4    _OutputBufferR
            00002664    _OutputBufferSumLeft
            000026e4    _OutputBufferSumRight
            00002764    __ftable
            000027dc    __tmpnams
            0000287c    __ft_end
            000029c0    _SarObj
            000029c3    _preKey
            000029c4    _SarHandle
            000029c6    _keyCnt1
            000029c7    _keyCnt2
            000029ce    _input_file
            000029d0    _output_file
            000029d2    _aic3204_enabled
            000029d8    __lock
            000029da    __unlock
            000029dc    __cleanup_ptr
            000029de    __dtors_ptr
            000029e0    __sys_memory
            000039e0    __ctypes_
            00003ae1    _sign_width
00021362                __printfi
000215a4                _SAR_init
00021601                _SAR_deInit
00021621                _SAR_chanInit
0002163c                _SAR_chanOpen
0002169e                _SAR_chanClose
00021722                _SAR_chanConfig
00021798                _SAR_getConfig
0002180a                _SAR_chanSetup
00021a1e                _SAR_chanCycSet
00021a6d                _SAR_startConversion
00021a9f                _SAR_stopConversion
00021ae6                _SAR_readData
00021b27                _SAR_A2DMeasParamSet
00021fa1                _SAR_GPODirSet
0002207d                _SAR_getStatus
000220bc                _write
000221fe                _unlink
00022231                _rename
0002228a                _remove_device
000222c0                _read
0002236e                _open
0002242d                _lseek
00022493                _find_registered_device
0002249c                _close
0002250f                _add_device
000225ff                _getenv
0002267a                _HOSTwrite
00022707                _HOSTunlink
00022771                _HOSTtime
000227cf                _HOSTrename
0002287d                _HOSTread
0002290a                _HOSTopen
000229a9                _HOSTlseek
00022a5e                _HOSTclose
00022ac9                _HOSTclock
00022b27                _free
00022bf3                _minit
00022c58                _malloc
00022d4d                _realloc
00022efe                _max_free
00022f58                _free_memory
00022fae                _chkheap
00022fb6                _calloc
00022fdc                __divd
000234c9                __cleanup
00023523                _freopen
000235ec                _fopen
00023627                __remull
00023675                __remlli
000236a4                __mpylli
0002375c                __divull
00023850                __divlli
00023885                __addd
00023adf                _fwrite
00023ccd                __neqd
00023d01                __lssd
00023d49                __leqd
00023d96                __gtrd
00023de1                __geqd
00023e2b                __eqld
00023e5f                __cmpd
00023eb7                _EZDSP5535_SAR_init
00023f7d                _EZDSP5535_SAR_getKey
00024031                _fputs
00024166                _puts
00024194                _aic3204_dma_init
00024196                _aic3204_read_block
00024247                _aic3204_write_block
000242e6                __mpyd
00024432                _gen_sinus_table
0002456f                _fread
0002467e                _main
00024783                _aic3204_set_input_filename
00024795                _aic3204_set_output_filename
000247a7                _aic3204_init
0002486c                _set_sampling_frequency_and_gain
00024879                _aic3204_hardware_init
0002487b                _aic3204_disable
000248af                _aic3204_codec_read
0002491f                _aic3204_codec_write
0002496b                _setvbuf
00024a51                __wrt_ok
00024ad1                __rd_ok
00024b2e                __doflush
00024b97                _fflush
00024bf0                _writemsg
00024ca5                C$$IO$$
00024caa                __buff_read
00024d58                _fputc
00024d58                _putc
00024def                _putchar
00024dfe                __divul
00024e9f                _ltoa
00024f1c                _fclose
00024f97                __frcmpyd
0002500d                __frcmpyd_div
00025080                __remul
000250f2                __fixdli
00025161                _readmsg
000251ce                _fseek
00025239                __fltlid
000252a0                _atoi
000252fc                _EZDSP5535_wait
00025330                _EZDSP5535_waitusec
00025342                _EZDSP5535_init
00025350                _printf
000253a0                _auto_init
000253ed                __args_main
00025438                __remli
00025483                __divli
000254cb                _initPrintNumber
000254cd                _clearLCD
000254e0                _setWritePointerToFirstChar
000254f3                _printChar
0002550c                _memcpy
0002554b                _exit
00025589                _c_int00
000255bd                __fixdi
000255e7                I$$UDIV
000255e7                __divu
000255fc                I$$UMOD
000255fc                __remu
00025611                _memccpy
00025634                ___isinf
0002564e                __subd
00025662                I$$LMPY
00025662                __mpyli
00025675                __register_unlock
0002567d                __register_lock
00025685                __nop
00025687                __negd
00025697                _remove
000256a1                _abort
000256a2                C$$EXIT
            00020000    ___cinit__
            00020000    cinit
            00020894    __CIOBUF_
0004fe00                _Reset
ffffffff                .bss
ffffffff                .data
ffffffff                .text
ffffffff                ___binit__
ffffffff                ___bss__
ffffffff                ___c_args__
ffffffff                ___data__
ffffffff                ___edata__
ffffffff                ___end__
ffffffff                ___etext__
ffffffff                ___pinit__
ffffffff                ___text__
ffffffff                binit
ffffffff                edata
ffffffff                end
ffffffff                etext
ffffffff                pinit

[195 symbols]
