******************************************************************************
              TMS320C55x Linker PC v4.4.1                      
******************************************************************************
>> Linked Thu Jan 11 06:33:29 2018

OUTPUT FILE NAME:   <NoiseRemoval.out>
ENTRY POINT SYMBOL: "_c_int00"  address: 00027e4b


MEMORY CONFIGURATION

         name            origin    length      used     unused   attr    fill
                        (bytes)   (bytes)    (bytes)   (bytes)
----------------------  --------  ---------  --------  --------  ----  --------
PAGE 0:
  MMR                   00000000   000000c0  00000000  000000c0  RWIX
  DARAM0                000000c0   0000ff40  00007820  00008720  RWIX
  SARAM0                00010000   00010000  00000000  00010000  RWIX
  SARAM1                00020000   00020000  00007f6d  00018093  RWIX
  SARAM2                00040000   0000fe00  000005d2  0000f82e  RWIX
  VECS                  0004fe00   00000200  00000200  00000000  RWIX
  PDROM                 00ff8000   00008000  00000000  00008000  R IX

PAGE 2:
  IOPORT                00000000   00020000  00000000  00020000  RWI 


SECTION ALLOCATION MAP
(Addresses surrounded by []'s are displayed for convenience only!)

output                                                          attributes/
section   page  orgn(bytes) orgn(words) len(bytes) len(words)   input sections
--------  ----  ----------- ----------- ---------- ----------   --------------
.pinit       0   [ 00040000 ]  00020000          *   00000000   UNINITIALIZED

.stack       0   [ 000000c0 ]  00000060          *   00001000   UNINITIALIZED
                 [ 000000c0 ]  00000060          *   00001000   --HOLE--

.data        0   [ 000000c0 ]  00000060          *   00000000   UNINITIALIZED

.sysstack 
*            0   [ 000020c0 ]  00001060          *   00000800   UNINITIALIZED
                 [ 000020c0 ]  00001060          *   00000800   --HOLE--

.sysmem      0   [ 000030c0 ]  00001860          *   00001000   UNINITIALIZED
                 [ 000030c0 ]  00001860          *   00001000   --HOLE--

.bss.1       0   [ 000050c0 ]  00002860          *   000008c7   UNINITIALIZED
                 [ 000050c0 ]  00002860          *   00000408   ezdsp5535_aic3204_dma.obj (.bss)
                 [ 000058d0 ]  00002c68          *   000003a5   main.obj (.bss)
                 [ 0000601a ]  0000300d          *   00000001   rts55x.lib : fopen.obj (.bss)
                 [ 0000601c ]  0000300e          *   00000119              : defs.obj (.bss)

.bss.2       0   [ 00006250 ]  00003128          *   000002f1   UNINITIALIZED
                 [ 00006250 ]  00003128          *   00000102   window.obj (.bss)
                 [ 00006454 ]  0000322a          *   000000d0   rts55x.lib : trgdrv.obj (.bss)
                 [ 000065f4 ]  000032fa          *   00000084   cslVC5505.lib : csl_intc.obj (.bss)
                 [ 000066fc ]  0000337e          *   00000071   rts55x.lib : lowlev.obj (.bss)
                 [ 000067de ]  000033ef          *   0000002a   cslVC5505.lib : csl_i2s.obj (.bss)

.bss.3       0   [ 00006834 ]  0000341a          *   00000028   UNINITIALIZED
                 [ 00006834 ]  0000341a          *   00000012   cslVC5505.lib : csl_i2c.obj (.bss)
                 [ 00006858 ]  0000342c          *   00000006   rts55x.lib : memory.obj (.bss)
                 [ 00006864 ]  00003432          *   00000004   ezdsp5535bsl.lib : ezdsp5535_gpio.obj (.bss)
                 [ 0000686c ]  00003436          *   00000004   rts55x.lib : _lock.obj (.bss)
                 [ 00006874 ]  0000343a          *   00000004              : exit.obj (.bss)
                 [ 0000687c ]  0000343e          *   00000002   aic3204.obj (.bss)
                 [ 00006880 ]  00003440          *   00000002   ezdsp5535bsl.lib : ezdsp5535_i2s.obj (.bss)

.const       0   [ 00006900 ]  00003480          *   00000830   
                 [ 00006900 ]  00003480          *   00000400   55xdspx_r3.lib : twiddle.obj (.const:twiddle)
                 [ 00007100 ]  00003880          *   00000174   aic3204_init.obj (.const:.string)
                 [ 000073e8 ]  000039f4          *   0000011c   main.obj (.const:.string)
                 [ 00007620 ]  00003b10          *   00000101   rts55x.lib : ctype.obj (.const:__ctypes_)
                 [ 00007822 ]  00003c11          *   00000060   print_number.obj (.const:_consolas_8ptBitmaps)
                 [ 000078e2 ]  00003c71          *   00000001   print_number.obj (.const)
                 [ 000078e4 ]  00003c72          *   00000024   rts55x.lib : _printfi.obj (.const:.string)
                 [ 0000792c ]  00003c96          *   0000000c              : _printfi.obj (.const)
                 [ 00007944 ]  00003ca2          *   00000008              : divd.obj (.const:_initial_approx$1)
                 [ 00007954 ]  00003caa          *   00000002              : fputs.obj (.const:.string)
                 [ 00007958 ]  00003cac          *   00000002   iir.obj (.const)
                 [ 0000795c ]  00003cae          *   00000002   rts55x.lib : fltlid.obj (.const)

.text        0     00020000  [ 00010000 ] 00007f6d          *   
                   00020000  [ 00010000 ] 000015a4          *   rts55x.lib : _printfi.obj (.text)
                   000215a4  [ 00010ad2 ] 00000c3c          *   cslVC5505.lib : csl_i2c.obj (.text)
                   000221e0  [ 000110f0 ] 000009f3          *                 : csl_i2s.obj (.text)
                   00022bd3  [ 000115e9+] 0000068d          *                 : csl_gpio.obj (.text)
                   00023260  [ 00011930 ] 000005b5          *   aic3204_init.obj (.text)
                   00023815  [ 00011c0a+] 00000554          *   cslVC5505.lib : csl_intc.obj (.text)
                   00023d69  [ 00011eb4+] 00000543          *   rts55x.lib : lowlev.obj (.text)
                   000242ac  [ 00012156 ] 00000528          *              : trgdrv.obj (.text)
                   000247d4  [ 000123ea ] 000004b5          *              : memory.obj (.text)
                   00024c89  [ 00012644+] 000003ee          *   main.obj (.text)
                   00025077  [ 0001283b+] 000003cc          *   rts55x.lib : divd.obj (.text)
                   00025443  [ 00012a21+] 000003b0          *   iir.obj (.text)
                   000257f3  [ 00012bf9+] 0000031b          *   ezdsp5535_aic3204_dma.obj (.text)
                   00025b0e  [ 00012d87 ] 000002d2          *   print_number.obj (.text)
                   00025de0  [ 00012ef0 ] 0000027f          *   rts55x.lib : fopen.obj (.text)
                   0002605f  [ 0001302f+] 0000025e          *              : llmpy.obj (.text)
                   000262bd  [ 0001315e+] 0000025a          *              : addd.obj (.text)
                   00026517  [ 0001328b+] 000001ea          *              : cmpd.obj (.text)
                   00026701  [ 00013380+] 000001d3          *   55xdspx_r3.lib : cfft_scale.obj (.text)
                   000268d4  [ 0001346a ] 00000192          *   ezdsp5535bsl.lib : ezdsp5535_lcd.obj (.text)
                   00026a66  [ 00013533 ] 00000163          *   rts55x.lib : fputs.obj (.text)
                   00026bc9  [ 000135e4+] 0000014c          *              : mpyd.obj (.text)
                   00026d15  [ 0001368a+] 00000107          *   ezdsp5535bsl.lib : ezdsp5535_i2s.obj (.text)
                   00026e1c  [ 0001370e ] 000000e6          *   rts55x.lib : setvbuf.obj (.text)
                   00026f02  [ 00013781 ] 000000dd          *              : _io_perm.obj (.text)
                   00026fdf  [ 000137ef+] 000000d6          *   55xdspx_r3.lib : cbrev.obj (.text)
                   000270b5  [ 0001385a+] 000000cc          *   ezdsp5535_aic3204_dma.obj (.text:retain)
                   00027181  [ 000138c0+] 000000c3          *   aic3204.obj (.text)
                   00027244  [ 00013922 ] 000000c2          *   rts55x.lib : fflush.obj (.text)
                   00027306  [ 00013983 ] 000000ba          *              : trgmsg.obj (.text:CIO_breakpoint)
                   000273c0  [ 000139e0 ] 000000a6          *              : fputc.obj (.text)
                   00027466  [ 00013a33 ] 000000a1          *              : divul.obj (.text)
                   00027507  [ 00013a83+] 0000008e          *   ezdsp5535bsl.lib : ezdsp5535_i2c.obj (.text)
                   00027595  [ 00013aca+] 0000008d          *   55xdspx_r3.lib : unpack.obj (.text)
                   00027622  [ 00013b11 ] 0000008c          *   cslVC5505.lib : csl_irqplug.obj (.text)
                   000276ae  [ 00013b57 ] 00000087          *   ezdsp5535bsl.lib : ezdsp5535_gpio.obj (.text)
                   00027735  [ 00013b9a+] 0000007d          *   rts55x.lib : ltoa.obj (.text)
                   000277b2  [ 00013bd9 ] 0000007b          *              : fclose.obj (.text)
                   0002782d  [ 00013c16+] 00000076          *              : frcmpyd.obj (.text)
                   000278a3  [ 00013c51+] 00000073          *              : frcmpyd_div.obj (.text)
                   00027916  [ 00013c8b ] 00000072          *              : remul.obj (.text)
                   00027988  [ 00013cc4 ] 0000006f          *              : fixdli.obj (.text)
                   000279f7  [ 00013cfb+] 0000006d          *   cslVC5505.lib : vectors.obj (.text)
                   00027a64  [ 00013d32 ] 0000006d          *   rts55x.lib : trgmsg.obj (.text)
                   00027ad1  [ 00013d68+] 0000006b          *              : fseek.obj (.text)
                   00027b3c  [ 00013d9e ] 00000067          *              : fltlid.obj (.text)
                   00027ba3  [ 00013dd1+] 0000005c          *              : atoi.obj (.text)
                   00027bff  [ 00013dff+] 00000054          *   ezdsp5535bsl.lib : ezdsp5535.obj (.text)
                   00027c53  [ 00013e29+] 00000050          *   rts55x.lib : printf.obj (.text)
                   00027ca3  [ 00013e51+] 0000004d          *              : autoinit.obj (.text)
                   00027cf0  [ 00013e78 ] 0000004b          *              : args_main.obj (.text)
                   00027d3b  [ 00013e9d+] 0000004b          *              : remli.obj (.text)
                   00027d86  [ 00013ec3 ] 00000048          *              : divli.obj (.text)
                   00027dce  [ 00013ee7 ] 0000003f          *              : memcpy.obj (.text)
                   00027e0d  [ 00013f06+] 0000003e          *              : exit.obj (.text)
                   00027e4b  [ 00013f25+] 00000034          *              : boot.obj (.text)
                   00027e7f  [ 00013f3f+] 0000002a          *              : fixdi.obj (.text)
                   00027ea9  [ 00013f54+] 0000002a          *              : udiv.obj (.text)
                   00027ed3  [ 00013f69+] 00000023          *              : memccpy.obj (.text)
                   00027ef6  [ 00013f7b ] 0000001a          *              : isinf.obj (.text)
                   00027f10  [ 00013f88 ] 00000014          *              : subd.obj (.text)
                   00027f24  [ 00013f92 ] 00000013          *              : lmpy.obj (.text)
                   00027f37  [ 00013f9b+] 00000012          *              : _lock.obj (.text)
                   00027f49  [ 00013fa4+] 00000010          *              : negd.obj (.text)
                   00027f59  [ 00013fac+] 0000000a          *              : remove.obj (.text)
                   00027f63  [ 00013fb1+] 00000007          *              : exit.obj (.text:CIO_breakpoint)
                   00027f6a  [ 00013fb5 ] 00000002          *              : vectors.obj (.text)
                   00027f6c  [ 00013fb6 ] 00000001          *   --HOLE-- [fill = 20]

.cinit       0   [ 00040000 ]  00020000          *   000001b5   
                 [ 00040000 ]  00020000          *   00000108   window.obj (.cinit)
                 [ 00040210 ]  00020108          *   00000031   main.obj (.cinit)
                 [ 00040272 ]  00020139          *   0000002d   rts55x.lib : lowlev.obj (.cinit)
                 [ 000402cc ]  00020166          *   0000002a              : defs.obj (.cinit)
                 [ 00040320 ]  00020190          *   0000000a              : _lock.obj (.cinit)
                 [ 00040334 ]  0002019a          *   0000000a              : exit.obj (.cinit)
                 [ 00040348 ]  000201a4          *   00000008   cslVC5505.lib : csl_i2s.obj (.cinit)
                 [ 00040358 ]  000201ac          *   00000004   rts55x.lib : fopen.obj (.cinit)
                 [ 00040360 ]  000201b0          *   00000004              : memory.obj (.cinit)
                 [ 00040368 ]  000201b4          *   00000001   --HOLE-- [fill = 0]

.cio         0   [ 00040370 ]  000201b8          *   00000120   UNINITIALIZED
                 [ 00040370 ]  000201b8          *   00000120   rts55x.lib : trgmsg.obj (.cio)

.switch      0   [ 000405b0 ]  000202d8          *   00000014   
                 [ 000405b0 ]  000202d8          *   00000014   print_number.obj (.switch:_printChar)

vectors      0     0004fe00  [ 00027f00 ] 00000200          *   
                   0004fe00  [ 00027f00 ] 00000100          *   cslVC5505.lib : vectors.obj (vectors)
                   0004ff00  [ 00027f80 ] 00000100          *   rts55x.lib : vectors.obj (vectors)


GLOBAL SYMBOLS: SORTED ALPHABETICALLY BY Name 

abs. value/
byte addr   word addr   name
---------   ---------   ----
00000002                $TI_capability$C5500$CallingConvention
00000002                $TI_capability$C5500$MemoryModel
00000001                $TI_capability_requires_rev3
ffffffff                .bss
ffffffff                .data
ffffffff                .text
00027f64                C$$EXIT
000273bb                C$$IO$$
00027f24                I$$LMPY
00027ea9                I$$UDIV
00027ebe                I$$UMOD
0004fe00                RST
00027181                _AIC3204_rget
000271cc                _AIC3204_rset
            00002868    _DMA_InputL
            00002968    _DMA_InputR
            00002a68    _DMA_OutputL
            00002b68    _DMA_OutputR
00027717                _EZDSP5535_GPIO_getInput
000276ae                _EZDSP5535_GPIO_init
000276d9                _EZDSP5535_GPIO_setDirection
000276fd                _EZDSP5535_GPIO_setOutput
00027507                _EZDSP5535_I2C_init
0002756d                _EZDSP5535_I2C_read
0002753c                _EZDSP5535_I2C_reset
00027547                _EZDSP5535_I2C_write
00026e0a                _EZDSP5535_I2S_close
00026d15                _EZDSP5535_I2S_init
00026d6e                _EZDSP5535_I2S_readLeft
00026dcd                _EZDSP5535_I2S_readRight
00026da0                _EZDSP5535_I2S_writeLeft
00026dee                _EZDSP5535_I2S_writeRight
00026947                _EZDSP5535_OSD9616_init
000268fc                _EZDSP5535_OSD9616_multiSend
00026a29                _EZDSP5535_OSD9616_printLetter
000268d4                _EZDSP5535_OSD9616_send
00027c45                _EZDSP5535_init
00027bff                _EZDSP5535_wait
00027c33                _EZDSP5535_waitusec
000230be                _GPIO_clearInt
00022c17                _GPIO_close
00022c3b                _GPIO_config
00022e6e                _GPIO_configBit
00022fb6                _GPIO_disableInt
00023034                _GPIO_enableInt
00022cc0                _GPIO_getConfig
00022bd3                _GPIO_open
00022d48                _GPIO_read
000231d1                _GPIO_reset
0002314a                _GPIO_statusBit
00022dcb                _GPIO_write
            00003432    _GpioObj
00024776                _HOSTclock
0002470b                _HOSTclose
00024656                _HOSTlseek
000245b7                _HOSTopen
0002452a                _HOSTread
0002447c                _HOSTrename
0002441e                _HOSTtime
000243b4                _HOSTunlink
00024327                _HOSTwrite
0002164d                _I2C_config
00022018                _I2C_eventDisable
00021ee4                _I2C_eventEnable
000217b2                _I2C_getConfig
000221c4                _I2C_getEventId
000215a4                _I2C_init
00021cc6                _I2C_read
00022137                _I2C_setCallback
00021888                _I2C_setup
00021a82                _I2C_write
00022615                _I2S_close
000221e0                _I2S_open
000226c7                _I2S_read
00022ad7                _I2S_reset
00022327                _I2S_setup
00022b88                _I2S_transEnable
00022981                _I2S_write
000238af                _IRQ_clear
00023919                _IRQ_clearAll
00023929                _IRQ_config
00023a4f                _IRQ_disable
00023acd                _IRQ_disableAll
00023adb                _IRQ_enable
00023bd5                _IRQ_getArg
000239bc                _IRQ_getConfig
00023d23                _IRQ_globalDisable
00023d3c                _IRQ_globalEnable
00023d55                _IRQ_globalRestore
00023815                _IRQ_init
00023c4e                _IRQ_map
00027622                _IRQ_plug
00023b65                _IRQ_restore
00023c1b                _IRQ_setArg
00023c80                _IRQ_setVecs
00023cb1                _IRQ_test
            00002c68    _InputBufferL
            00002ce8    _InputBufferR
0002570b                _Nth_order_IIR
0004ff00                _Reset
0004fe00                _VECSTART
            000201b8    __CIOBUF_
000237bc                __I2S_init
            00001060    __STACK_END
00002000                __STACK_SIZE
00002000                __SYSMEM_SIZE
00001000                __SYSSTACK_SIZE
00000001                __TI_args_main
ffffffff                ___binit__
ffffffff                ___bss__
ffffffff                ___c_args__
            00020000    ___cinit__
ffffffff                ___data__
ffffffff                ___edata__
ffffffff                ___end__
ffffffff                ___etext__
00027ef6                ___isinf
ffffffff                ___pinit__
ffffffff                ___text__
000262bd                __addd
00027cf0                __args_main
00025f01                __cleanup
            0000343a    __cleanup_ptr
000266a9                __cmpd
            00003b10    __ctypes_
00025077                __divd
00027d86                __divli
00026288                __divlli
00027ea9                __divu
00027466                __divul
00026194                __divull
00027244                __doflush
            0000343c    __dtors_ptr
00026675                __eqld
00027e7f                __fixdi
00027988                __fixdli
00027b3c                __fltlid
0002782d                __frcmpyd
000278a3                __frcmpyd_div
            00003126    __ft_end
            0000300e    __ftable
0002662b                __geqd
000265e0                __gtrd
00026593                __leqd
            00003436    __lock
0002654b                __lssd
00026bc9                __mpyd
00027f24                __mpyli
000260dc                __mpylli
00027f49                __negd
00026517                __neqd
00027f47                __nop
00021362                __printfi
00026f82                __rd_ok
00027f3f                __register_lock
00027f37                __register_unlock
00027d3b                __remli
000260ad                __remlli
00027ebe                __remu
00027916                __remul
0002605f                __remull
            00000060    __stack
00027f10                __subd
            00001860    __sys_memory
            00001060    __sysstack
            00003086    __tmpnams
            00003438    __unlock
00026f02                __wrt_ok
00027f63                _abort
000241bc                _add_device
00027219                _aic3204_codec_read
00027230                _aic3204_codec_write
00027208                _aic3204_disable
000257f3                _aic3204_dma_init
000271f6                _aic3204_hardware_init
00023260                _aic3204_init
0002597e                _aic3204_read_block
00025a33                _aic3204_write_block
00027ba3                _atoi
00027ca3                _auto_init
00027e4b                _c_int00
00024c63                _calloc
00026fdf                _cbrev
00026701                _cfft_SCALE
00024c5b                _chkheap
00025bac                _clearLCD
00024149                _close
            00002ff4    _coefficients_1520
            00002ff9    _coefficients_1980
            00002ffe    _coefficients_2490
            00003003    _coefficients_3110
            00002fec    _componentPower
            00003c11    _consolas_8ptBitmaps
            0000343e    _counter1
            0000343f    _counter2
00027e0d                _exit
000277b2                _fclose
000272ad                _fflush
            00002ee8    _fftBuffer
00024140                _find_registered_device
00025443                _first_order_IIR
00026024                _fopen
00025583                _fourth_order_IIR
000273c0                _fputc
00026a66                _fputs
000247d4                _free
00024c05                _free_memory
00025f5b                _freopen
            00003417    _fsError
00027ad1                _fseek
            0000341a    _gI2cObj
000242ac                _getenv
            00003434    _hGpio
            00003440    _hI2s
00025720                _halfband
            0000342a    _i2cHandle
            00002fe8    _importantComponents
00025b0e                _initPrintNumber
000240da                _lseek
00027735                _ltoa
00024c89                _main
00024905                _malloc
00024bab                _max_free
00027ed3                _memccpy
00027dce                _memcpy
000248a0                _minit
            00002e68    _newValues
            00002de8    _oldValues
0002401b                _open
            00003418    _ouError
            00002d68    _outputBufferL
            00003228    _p_window
00025c7a                _printChar
00027c53                _printf
000273c0                _putc
00027457                _putchar
00026b9b                _puts
00023f6d                _read
00027a64                _readmsg
000249fa                _realloc
00027f59                _remove
00023f37                _remove_device
00023ede                _rename
            0000300c    _rezultat
000254ca                _second_order_IIR
00025732                _second_order_IIR_Direct_Form_II_f
00025c58                _setWritePointerToFirstChar
00023451                _set_sampling_frequency_and_gain
00026e1c                _setvbuf
            00003c71    _sign_width
00023eab                _unlink
00027595                _unpack
            00003128    _window
00023d69                _write
00027306                _writemsg
            00003008    _z_x
            0000300a    _z_y
ffffffff                binit
            00020000    cinit
ffffffff                edata
ffffffff                end
ffffffff                etext
ffffffff                pinit
            00003480    twiddle


GLOBAL SYMBOLS: SORTED BY Symbol Address 

abs. value/
byte addr   word addr   name
---------   ---------   ----
00000001                $TI_capability_requires_rev3
00000001                __TI_args_main
00000002                $TI_capability$C5500$CallingConvention
00000002                $TI_capability$C5500$MemoryModel
            00000060    __stack
00001000                __SYSSTACK_SIZE
00002000                __STACK_SIZE
00002000                __SYSMEM_SIZE
            00001060    __STACK_END
            00001060    __sysstack
            00001860    __sys_memory
            00002868    _DMA_InputL
            00002968    _DMA_InputR
            00002a68    _DMA_OutputL
            00002b68    _DMA_OutputR
            00002c68    _InputBufferL
            00002ce8    _InputBufferR
            00002d68    _outputBufferL
            00002de8    _oldValues
            00002e68    _newValues
            00002ee8    _fftBuffer
            00002fe8    _importantComponents
            00002fec    _componentPower
            00002ff4    _coefficients_1520
            00002ff9    _coefficients_1980
            00002ffe    _coefficients_2490
            00003003    _coefficients_3110
            00003008    _z_x
            0000300a    _z_y
            0000300c    _rezultat
            0000300e    __ftable
            00003086    __tmpnams
            00003126    __ft_end
            00003128    _window
            00003228    _p_window
            00003417    _fsError
            00003418    _ouError
            0000341a    _gI2cObj
            0000342a    _i2cHandle
            00003432    _GpioObj
            00003434    _hGpio
            00003436    __lock
            00003438    __unlock
            0000343a    __cleanup_ptr
            0000343c    __dtors_ptr
            0000343e    _counter1
            0000343f    _counter2
            00003440    _hI2s
            00003480    twiddle
            00003b10    __ctypes_
            00003c11    _consolas_8ptBitmaps
            00003c71    _sign_width
00021362                __printfi
000215a4                _I2C_init
0002164d                _I2C_config
000217b2                _I2C_getConfig
00021888                _I2C_setup
00021a82                _I2C_write
00021cc6                _I2C_read
00021ee4                _I2C_eventEnable
00022018                _I2C_eventDisable
00022137                _I2C_setCallback
000221c4                _I2C_getEventId
000221e0                _I2S_open
00022327                _I2S_setup
00022615                _I2S_close
000226c7                _I2S_read
00022981                _I2S_write
00022ad7                _I2S_reset
00022b88                _I2S_transEnable
00022bd3                _GPIO_open
00022c17                _GPIO_close
00022c3b                _GPIO_config
00022cc0                _GPIO_getConfig
00022d48                _GPIO_read
00022dcb                _GPIO_write
00022e6e                _GPIO_configBit
00022fb6                _GPIO_disableInt
00023034                _GPIO_enableInt
000230be                _GPIO_clearInt
0002314a                _GPIO_statusBit
000231d1                _GPIO_reset
00023260                _aic3204_init
00023451                _set_sampling_frequency_and_gain
000237bc                __I2S_init
00023815                _IRQ_init
000238af                _IRQ_clear
00023919                _IRQ_clearAll
00023929                _IRQ_config
000239bc                _IRQ_getConfig
00023a4f                _IRQ_disable
00023acd                _IRQ_disableAll
00023adb                _IRQ_enable
00023b65                _IRQ_restore
00023bd5                _IRQ_getArg
00023c1b                _IRQ_setArg
00023c4e                _IRQ_map
00023c80                _IRQ_setVecs
00023cb1                _IRQ_test
00023d23                _IRQ_globalDisable
00023d3c                _IRQ_globalEnable
00023d55                _IRQ_globalRestore
00023d69                _write
00023eab                _unlink
00023ede                _rename
00023f37                _remove_device
00023f6d                _read
0002401b                _open
000240da                _lseek
00024140                _find_registered_device
00024149                _close
000241bc                _add_device
000242ac                _getenv
00024327                _HOSTwrite
000243b4                _HOSTunlink
0002441e                _HOSTtime
0002447c                _HOSTrename
0002452a                _HOSTread
000245b7                _HOSTopen
00024656                _HOSTlseek
0002470b                _HOSTclose
00024776                _HOSTclock
000247d4                _free
000248a0                _minit
00024905                _malloc
000249fa                _realloc
00024bab                _max_free
00024c05                _free_memory
00024c5b                _chkheap
00024c63                _calloc
00024c89                _main
00025077                __divd
00025443                _first_order_IIR
000254ca                _second_order_IIR
00025583                _fourth_order_IIR
0002570b                _Nth_order_IIR
00025720                _halfband
00025732                _second_order_IIR_Direct_Form_II_f
000257f3                _aic3204_dma_init
0002597e                _aic3204_read_block
00025a33                _aic3204_write_block
00025b0e                _initPrintNumber
00025bac                _clearLCD
00025c58                _setWritePointerToFirstChar
00025c7a                _printChar
00025f01                __cleanup
00025f5b                _freopen
00026024                _fopen
0002605f                __remull
000260ad                __remlli
000260dc                __mpylli
00026194                __divull
00026288                __divlli
000262bd                __addd
00026517                __neqd
0002654b                __lssd
00026593                __leqd
000265e0                __gtrd
0002662b                __geqd
00026675                __eqld
000266a9                __cmpd
00026701                _cfft_SCALE
000268d4                _EZDSP5535_OSD9616_send
000268fc                _EZDSP5535_OSD9616_multiSend
00026947                _EZDSP5535_OSD9616_init
00026a29                _EZDSP5535_OSD9616_printLetter
00026a66                _fputs
00026b9b                _puts
00026bc9                __mpyd
00026d15                _EZDSP5535_I2S_init
00026d6e                _EZDSP5535_I2S_readLeft
00026da0                _EZDSP5535_I2S_writeLeft
00026dcd                _EZDSP5535_I2S_readRight
00026dee                _EZDSP5535_I2S_writeRight
00026e0a                _EZDSP5535_I2S_close
00026e1c                _setvbuf
00026f02                __wrt_ok
00026f82                __rd_ok
00026fdf                _cbrev
00027181                _AIC3204_rget
000271cc                _AIC3204_rset
000271f6                _aic3204_hardware_init
00027208                _aic3204_disable
00027219                _aic3204_codec_read
00027230                _aic3204_codec_write
00027244                __doflush
000272ad                _fflush
00027306                _writemsg
000273bb                C$$IO$$
000273c0                _fputc
000273c0                _putc
00027457                _putchar
00027466                __divul
00027507                _EZDSP5535_I2C_init
0002753c                _EZDSP5535_I2C_reset
00027547                _EZDSP5535_I2C_write
0002756d                _EZDSP5535_I2C_read
00027595                _unpack
00027622                _IRQ_plug
000276ae                _EZDSP5535_GPIO_init
000276d9                _EZDSP5535_GPIO_setDirection
000276fd                _EZDSP5535_GPIO_setOutput
00027717                _EZDSP5535_GPIO_getInput
00027735                _ltoa
000277b2                _fclose
0002782d                __frcmpyd
000278a3                __frcmpyd_div
00027916                __remul
00027988                __fixdli
00027a64                _readmsg
00027ad1                _fseek
00027b3c                __fltlid
00027ba3                _atoi
00027bff                _EZDSP5535_wait
00027c33                _EZDSP5535_waitusec
00027c45                _EZDSP5535_init
00027c53                _printf
00027ca3                _auto_init
00027cf0                __args_main
00027d3b                __remli
00027d86                __divli
00027dce                _memcpy
00027e0d                _exit
00027e4b                _c_int00
00027e7f                __fixdi
00027ea9                I$$UDIV
00027ea9                __divu
00027ebe                I$$UMOD
00027ebe                __remu
00027ed3                _memccpy
00027ef6                ___isinf
00027f10                __subd
00027f24                I$$LMPY
00027f24                __mpyli
00027f37                __register_unlock
00027f3f                __register_lock
00027f47                __nop
00027f49                __negd
00027f59                _remove
00027f63                _abort
00027f64                C$$EXIT
            00020000    ___cinit__
            00020000    cinit
            000201b8    __CIOBUF_
0004fe00                RST
0004fe00                _VECSTART
0004ff00                _Reset
ffffffff                .bss
ffffffff                .data
ffffffff                .text
ffffffff                ___binit__
ffffffff                ___bss__
ffffffff                ___c_args__
ffffffff                ___data__
ffffffff                ___edata__
ffffffff                ___end__
ffffffff                ___etext__
ffffffff                ___pinit__
ffffffff                ___text__
ffffffff                binit
ffffffff                edata
ffffffff                end
ffffffff                etext
ffffffff                pinit

[264 symbols]
